Archive member included to satisfy reference by file (symbol)

app/libapp.a(main.c.obj)      (--whole-archive)
app/libapp.a(Accelero_instance.c.obj)
                              (--whole-archive)
app/libapp.a(LIS302DL.c.obj)  (--whole-archive)
zephyr/libzephyr.a(cbprintf_packaged.c.obj)
                              (--whole-archive)
zephyr/libzephyr.a(dec.c.obj)
                              (--whole-archive)
zephyr/libzephyr.a(hex.c.obj)
                              (--whole-archive)
zephyr/libzephyr.a(printk.c.obj)
                              (--whole-archive)
zephyr/libzephyr.a(rb.c.obj)  (--whole-archive)
zephyr/libzephyr.a(sem.c.obj)
                              (--whole-archive)
zephyr/libzephyr.a(thread_entry.c.obj)
                              (--whole-archive)
zephyr/libzephyr.a(timeutil.c.obj)
                              (--whole-archive)
zephyr/libzephyr.a(heap.c.obj)
                              (--whole-archive)
zephyr/libzephyr.a(heap-validate.c.obj)
                              (--whole-archive)
zephyr/libzephyr.a(bitarray.c.obj)
                              (--whole-archive)
zephyr/libzephyr.a(multi_heap.c.obj)
                              (--whole-archive)
zephyr/libzephyr.a(onoff.c.obj)
                              (--whole-archive)
zephyr/libzephyr.a(notify.c.obj)
                              (--whole-archive)
zephyr/libzephyr.a(cbprintf_complete.c.obj)
                              (--whole-archive)
zephyr/libzephyr.a(cbprintf.c.obj)
                              (--whole-archive)
zephyr/libzephyr.a(assert.c.obj)
                              (--whole-archive)
zephyr/libzephyr.a(mpsc_pbuf.c.obj)
                              (--whole-archive)
zephyr/libzephyr.a(configs.c.obj)
                              (--whole-archive)
zephyr/libzephyr.a(log_core.c.obj)
                              (--whole-archive)
zephyr/libzephyr.a(log_mgmt.c.obj)
                              (--whole-archive)
zephyr/libzephyr.a(log_cache.c.obj)
                              (--whole-archive)
zephyr/libzephyr.a(log_msg.c.obj)
                              (--whole-archive)
zephyr/libzephyr.a(log_output.c.obj)
                              (--whole-archive)
zephyr/libzephyr.a(log_backend_uart.c.obj)
                              (--whole-archive)
zephyr/libzephyr.a(mem_attr.c.obj)
                              (--whole-archive)
zephyr/libzephyr.a(tracing_none.c.obj)
                              (--whole-archive)
zephyr/libzephyr.a(flash_map_partition_manager.c.obj)
                              (--whole-archive)
zephyr/arch/common/libarch__common.a(sw_isr_common.c.obj)
                              (--whole-archive)
zephyr/arch/arch/arm/core/libarch__arm__core.a(fatal.c.obj)
                              (--whole-archive)
zephyr/arch/arch/arm/core/libarch__arm__core.a(nmi.c.obj)
                              (--whole-archive)
zephyr/arch/arch/arm/core/libarch__arm__core.a(nmi_on_reset.S.obj)
                              (--whole-archive)
zephyr/arch/arch/arm/core/cortex_m/libarch__arm__core__cortex_m.a(exc_exit.S.obj)
                              (--whole-archive)
zephyr/arch/arch/arm/core/cortex_m/libarch__arm__core__cortex_m.a(fault.c.obj)
                              (--whole-archive)
zephyr/arch/arch/arm/core/cortex_m/libarch__arm__core__cortex_m.a(fault_s.S.obj)
                              (--whole-archive)
zephyr/arch/arch/arm/core/cortex_m/libarch__arm__core__cortex_m.a(fpu.c.obj)
                              (--whole-archive)
zephyr/arch/arch/arm/core/cortex_m/libarch__arm__core__cortex_m.a(reset.S.obj)
                              (--whole-archive)
zephyr/arch/arch/arm/core/cortex_m/libarch__arm__core__cortex_m.a(scb.c.obj)
                              (--whole-archive)
zephyr/arch/arch/arm/core/cortex_m/libarch__arm__core__cortex_m.a(thread_abort.c.obj)
                              (--whole-archive)
zephyr/arch/arch/arm/core/cortex_m/libarch__arm__core__cortex_m.a(vector_table.S.obj)
                              (--whole-archive)
zephyr/arch/arch/arm/core/cortex_m/libarch__arm__core__cortex_m.a(swap.c.obj)
                              (--whole-archive)
zephyr/arch/arch/arm/core/cortex_m/libarch__arm__core__cortex_m.a(swap_helper.S.obj)
                              (--whole-archive)
zephyr/arch/arch/arm/core/cortex_m/libarch__arm__core__cortex_m.a(irq_manage.c.obj)
                              (--whole-archive)
zephyr/arch/arch/arm/core/cortex_m/libarch__arm__core__cortex_m.a(prep_c.c.obj)
                              (--whole-archive)
zephyr/arch/arch/arm/core/cortex_m/libarch__arm__core__cortex_m.a(thread.c.obj)
                              (--whole-archive)
zephyr/arch/arch/arm/core/cortex_m/libarch__arm__core__cortex_m.a(cpu_idle.S.obj)
                              (--whole-archive)
zephyr/arch/arch/arm/core/cortex_m/libarch__arm__core__cortex_m.a(irq_init.c.obj)
                              (--whole-archive)
[...]
Memory Configuration

Name             Origin             Length             Attributes
FLASH            0x0000000000008000 0x00000000000f8000 xr
RAM              0x0000000020008000 0x0000000000068000 xw
IDT_LIST         0x00000000ffff7fff 0x0000000000008000 xw
*default*        0x0000000000000000 0xffffffffffffffff

Linker script and memory map

LOAD zephyr/CMakeFiles/zephyr_pre0.dir/misc/empty_file.c.obj
LOAD zephyr/CMakeFiles/offsets.dir/./arch/arm/core/offsets/offsets.c.obj
LOAD tfm/api_ns/interface/lib/s_veneers.o
LOAD app/libapp.a
LOAD zephyr/libzephyr.a
LOAD zephyr/arch/common/libarch__common.a
LOAD zephyr/arch/arch/arm/core/libarch__arm__core.a
LOAD zephyr/arch/arch/arm/core/cortex_m/libarch__arm__core__cortex_m.a
LOAD zephyr/arch/arch/arm/core/cortex_m/cmse/libarch__arm__core__cortex_m__cmse.a
LOAD zephyr/arch/arch/arm/core/mpu/libarch__arm__core__mpu.a
LOAD zephyr/lib/libc/minimal/liblib__libc__minimal.a
LOAD zephyr/lib/libc/common/liblib__libc__common.a
LOAD zephyr/soc/soc/arm/nordic_nrf/libsoc__arm__nordic_nrf.a
LOAD zephyr/drivers/clock_control/libdrivers__clock_control.a
LOAD zephyr/drivers/console/libdrivers__console.a
LOAD zephyr/drivers/gpio/libdrivers__gpio.a
LOAD zephyr/drivers/mbox/libdrivers__mbox.a
LOAD zephyr/drivers/pinctrl/libdrivers__pinctrl.a
LOAD zephyr/drivers/serial/libdrivers__serial.a
LOAD zephyr/drivers/spi/libdrivers__spi.a
LOAD zephyr/drivers/timer/libdrivers__timer.a
LOAD modules/nrf/subsys/nrf_security/src/zephyr/libmbedtls_zephyr.a
LOAD modules/nrf/modules/trusted-firmware-m/lib..__nrf__modules__trusted-firmware-m.a
LOAD modules/nrf/modules/trusted-firmware-m/libtfm_api_nrf.a
LOAD modules/trusted-firmware-m/libtfm_api.a
LOAD modules/hal_nordic/nrfx/libmodules__hal_nordic__nrfx.a
LOAD zephyr/kernel/libkernel.a
LOAD /home/thuantran/workspace/01.Projects/01.Embedded/03.NordicSemicon/gcc-arm-none-eabi-9-2019-q4-major/bin/../lib/gcc/arm-none-eabi/9.2.1/thumb/v8-m.main/nofp/libgcc.a
LOAD zephyr/arch/common/libisr_tables.a
LOAD modules/nrf/subsys/nrf_security/src/libmbedcrypto.a
LOAD /home/thuantran/ncs/toolchains/nrfxlib/crypto/nrf_oberon/lib/cortex-m33/soft-float/liboberon_mbedtls_3.0.14.a
LOAD modules/nrf/subsys/nrf_security/src/libmbedcrypto_base.a
LOAD /home/thuantran/ncs/toolchains/nrfxlib/crypto/nrf_oberon/lib/cortex-m33/soft-float/liboberon_3.0.14.a
                0x0000000000000020                _region_min_align = 0x20

.rel.plt        0x0000000000008000        0x0
 *(SORT_BY_ALIGNMENT(.rel.plt))
                [!provide]                        PROVIDE (__rel_iplt_start = .)
 *(SORT_BY_ALIGNMENT(.rel.iplt))
 .rel.iplt      0x0000000000008000        0x0 zephyr/CMakeFiles/offsets.dir/./arch/arm/core/offsets/offsets.c.obj
                [!provide]                        PROVIDE (__rel_iplt_end = .)

.rela.plt       0x0000000000000000        0x0
 *(SORT_BY_ALIGNMENT(.rela.plt))
                [!provide]                        PROVIDE (__rela_iplt_start = .)
 *(SORT_BY_ALIGNMENT(.rela.iplt))
                [!provide]                        PROVIDE (__rela_iplt_end = .)

.rel.dyn
 *(SORT_BY_ALIGNMENT(.rel.*))

.rela.dyn
 *(SORT_BY_ALIGNMENT(.rela.*))

/DISCARD/
 *(SORT_BY_ALIGNMENT(.plt))
 *(SORT_BY_ALIGNMENT(.iplt))
 *(SORT_BY_ALIGNMENT(.got.plt))
 *(SORT_BY_ALIGNMENT(.igot.plt))
 *(SORT_BY_ALIGNMENT(.got))
 *(SORT_BY_ALIGNMENT(.igot))
 *(SORT_BY_ALIGNMENT(.note.GNU-stack))
                0x0000000000008000                __rom_region_start = 0x8000

rom_start       0x0000000000008000      0x154
                0x0000000000008000                __rom_start_address = .
 FILL mask 0x00
                0x0000000000008000                . = (. + (0x0 - (. - __rom_start_address)))
                0x0000000000008000                . = ALIGN (0x4)
                0x0000000000008000                . = ALIGN (0x80)
                0x0000000000008000                . = ALIGN (0x200)
                0x0000000000008000                _vector_start = .
 *(SORT_BY_ALIGNMENT(.exc_vector_table))
 *(SORT_BY_ALIGNMENT(.exc_vector_table.*))
 .exc_vector_table._vector_table_section
                0x0000000000008000       0x40 zephyr/arch/arch/arm/core/cortex_m/libarch__arm__core__cortex_m.a(vector_table.S.obj)
                0x0000000000008000                _vector_table
 *(SORT_BY_ALIGNMENT(.vectors))
                0x0000000000008154                _vector_end = .
                0x0000000000008040                . = ALIGN (0x4)
 *(SORT_BY_ALIGNMENT(.gnu.linkonce.irq_vector_table*))
 .gnu.linkonce.irq_vector_table
                0x0000000000008040      0x114 zephyr/arch/common/libisr_tables.a(isr_tables.c.obj)
                0x0000000000008040                _irq_vector_table
                0x0000000000008154                _vector_end = .

text            0x0000000000008154     0x8ed4
                0x0000000000008154                __text_region_start = .
 *(SORT_BY_ALIGNMENT(.text))
 .text          0x0000000000008154       0x30 /home/thuantran/workspace/01.Projects/01.Embedded/03.NordicSemicon/gcc-arm-none-eabi-9-2019-q4-major/bin/../lib/gcc/arm-none-eabi/9.2.1/thumb/v8-m.main/nofp/libgcc.a(_aeabi_uldivmod.o)
                0x0000000000008154                __aeabi_uldivmod
 .text          0x0000000000008184      0x2c8 /home/thuantran/workspace/01.Projects/01.Embedded/03.NordicSemicon/gcc-arm-none-eabi-9-2019-q4-major/bin/../lib/gcc/arm-none-eabi/9.2.1/thumb/v8-m.main/nofp/libgcc.a(_udivmoddi4.o)
                0x0000000000008184                __udivmoddi4
 .text          0x000000000000844c        0x4 /home/thuantran/workspace/01.Projects/01.Embedded/03.NordicSemicon/gcc-arm-none-eabi-9-2019-q4-major/bin/../lib/gcc/arm-none-eabi/9.2.1/thumb/v8-m.main/nofp/libgcc.a(_dvmd_tls.o)
                0x000000000000844c                __aeabi_ldiv0
                0x000000000000844c                __aeabi_idiv0
 *(SORT_BY_ALIGNMENT(.text.*))
 .text.main     0x0000000000008450       0x6c app/libapp.a(main.c.obj)
                0x0000000000008450                main
 .text.ACCELERO_IO_Read
                0x00000000000084bc       0x58 app/libapp.a(Accelero_instance.c.obj)
                0x00000000000084bc                ACCELERO_IO_Read
 .text.ACCELERO_IO_Write
                0x0000000000008514       0x3c app/libapp.a(Accelero_instance.c.obj)
                0x0000000000008514                ACCELERO_IO_Write
 .text.LIS302DL_Init
                0x0000000000008550       0x30 app/libapp.a(LIS302DL.c.obj)
                0x0000000000008550                LIS302DL_Init
 .text.hello_world
                0x0000000000008580       0x70 app/libapp.a(LIS302DL.c.obj)
                0x0000000000008580                hello_world
 .text.cbvprintf_package
                0x00000000000085f0      0x35c zephyr/libzephyr.a(cbprintf_packaged.c.obj)
                0x00000000000085f0                cbvprintf_package
 .text.cbprintf_package_convert
                0x000000000000894c      0x3d0 zephyr/libzephyr.a(cbprintf_packaged.c.obj)
                0x000000000000894c                cbprintf_package_convert
 .text.__printk_hook_install
                0x0000000000008d1c        0xc zephyr/libzephyr.a(printk.c.obj)
                0x0000000000008d1c                __printk_hook_install
 .text.vsnprintk
                0x0000000000008d28       0x2c zephyr/libzephyr.a(printk.c.obj)
                0x0000000000008d28                vsnprintk
 .text.process_event
                0x0000000000008d54      0x1cc zephyr/libzephyr.a(onoff.c.obj)
 .text.z_cbvprintf_impl
                0x0000000000008f20      0xd70 zephyr/libzephyr.a(cbprintf_complete.c.obj)
                0x0000000000008f20                z_cbvprintf_impl
 .text.enable_logger
                0x0000000000009c90       0x5c zephyr/libzephyr.a(log_core.c.obj)
 .text.log_process_thread_timer_expiry_fn
                0x0000000000009cec        0xc zephyr/libzephyr.a(log_core.c.obj)
 .text.activate_foreach_backend
                0x0000000000009cf8       0x64 zephyr/libzephyr.a(log_core.c.obj)
 .text.z_log_init
                0x0000000000009d5c       0x90 zephyr/libzephyr.a(log_core.c.obj)
 .text.log_format_func_t_get
                0x0000000000009dec        0xc zephyr/libzephyr.a(log_core.c.obj)
                0x0000000000009dec                log_format_func_t_get
 .text.log_set_timestamp_func
                0x0000000000009df8       0x20 zephyr/libzephyr.a(log_core.c.obj)
                0x0000000000009df8                log_set_timestamp_func
 .text.z_log_notify_backend_enabled
                0x0000000000009e18       0x1c zephyr/libzephyr.a(log_core.c.obj)
                0x0000000000009e18                z_log_notify_backend_enabled
 .text.z_log_dropped
                0x0000000000009e34       0x28 zephyr/libzephyr.a(log_core.c.obj)
                0x0000000000009e34                z_log_dropped
 .text.z_log_dropped_read_and_clear
                0x0000000000009e5c       0x18 zephyr/libzephyr.a(log_core.c.obj)
                0x0000000000009e5c                z_log_dropped_read_and_clear
 .text.dropped_notify
                0x0000000000009e74       0x30 zephyr/libzephyr.a(log_core.c.obj)
                0x0000000000009e74                dropped_notify
 .text.z_log_msg_init
                0x0000000000009ea4       0x20 zephyr/libzephyr.a(log_core.c.obj)
                0x0000000000009ea4                z_log_msg_init
 .text.log_core_init
                0x0000000000009ec4       0x34 zephyr/libzephyr.a(log_core.c.obj)
                0x0000000000009ec4                log_core_init
 .text.z_log_msg_alloc
                0x0000000000009ef8       0x10 zephyr/libzephyr.a(log_core.c.obj)
                0x0000000000009ef8                z_log_msg_alloc
 .text.z_log_msg_local_claim
                0x0000000000009f08        0xc zephyr/libzephyr.a(log_core.c.obj)
                0x0000000000009f08                z_log_msg_local_claim
 .text.z_log_msg_free
                0x0000000000009f14       0x10 zephyr/libzephyr.a(log_core.c.obj)
                0x0000000000009f14                z_log_msg_free
 .text.z_log_msg_pending
                0x0000000000009f24        0xc zephyr/libzephyr.a(log_core.c.obj)
                0x0000000000009f24                z_log_msg_pending
 .text.z_impl_log_process
                0x0000000000009f30       0xc0 zephyr/libzephyr.a(log_core.c.obj)
                0x0000000000009f30                z_impl_log_process
 .text.z_log_msg_post_finalize
                0x0000000000009ff0       0x78 zephyr/libzephyr.a(log_core.c.obj)
 .text.z_log_msg_commit
                0x000000000000a068       0x24 zephyr/libzephyr.a(log_core.c.obj)
                0x000000000000a068                z_log_msg_commit
 .text.log_process_thread_func
                0x000000000000a08c       0x9c zephyr/libzephyr.a(log_core.c.obj)
 .text.z_impl_log_panic
                0x000000000000a128       0x44 zephyr/libzephyr.a(log_core.c.obj)
                0x000000000000a128                z_impl_log_panic
 .text.log_source_name_get
                0x000000000000a16c       0x1c zephyr/libzephyr.a(log_mgmt.c.obj)
                0x000000000000a16c                log_source_name_get
 .text.log_backend_enable
                0x000000000000a188       0x28 zephyr/libzephyr.a(log_mgmt.c.obj)
                0x000000000000a188                log_backend_enable
 .text.z_impl_z_log_msg_static_create
                0x000000000000a1b0       0xfc zephyr/libzephyr.a(log_msg.c.obj)
                0x000000000000a1b0                z_impl_z_log_msg_static_create
 .text.z_log_msg_runtime_vcreate
                0x000000000000a2ac       0x8c zephyr/libzephyr.a(log_msg.c.obj)
                0x000000000000a2ac                z_log_msg_runtime_vcreate
 .text.print_formatted
                0x000000000000a338       0x24 zephyr/libzephyr.a(log_output.c.obj)
 .text.log_output_process
                0x000000000000a35c      0x2b0 zephyr/libzephyr.a(log_output.c.obj)
                0x000000000000a35c                log_output_process
 .text.log_output_msg_process
                0x000000000000a60c       0x70 zephyr/libzephyr.a(log_output.c.obj)
                0x000000000000a60c                log_output_msg_process
 .text.log_output_dropped_process
                0x000000000000a67c       0x58 zephyr/libzephyr.a(log_output.c.obj)
                0x000000000000a67c                log_output_dropped_process
 .text.log_output_timestamp_freq_set
                0x000000000000a6d4       0x30 zephyr/libzephyr.a(log_output.c.obj)
                0x000000000000a6d4                log_output_timestamp_freq_set
 .text.char_out
                0x000000000000a704       0x24 zephyr/libzephyr.a(log_backend_uart.c.obj)
 .text.mem_attr_get_regions
                0x000000000000a728        0xc zephyr/libzephyr.a(mem_attr.c.obj)
                0x000000000000a728                mem_attr_get_regions
 .text.z_arm_fatal_error
                0x000000000000a734       0xa0 zephyr/arch/arch/arm/core/libarch__arm__core.a(fatal.c.obj)
                0x000000000000a734                z_arm_fatal_error
 .text.z_SysNmiOnReset
                0x000000000000a7d4        0x8 zephyr/arch/arch/arm/core/libarch__arm__core.a(nmi_on_reset.S.obj)
                0x000000000000a7d4                z_SysNmiOnReset
 .text._HandlerModeExit
                0x000000000000a7dc       0x1c zephyr/arch/arch/arm/core/cortex_m/libarch__arm__core__cortex_m.a(exc_exit.S.obj)
                0x000000000000a7dc                z_arm_exc_exit
                0x000000000000a7dc                z_arm_int_exit
 .text.usage_fault.isra.0
                0x000000000000a7f8       0xbc zephyr/arch/arch/arm/core/cortex_m/libarch__arm__core__cortex_m.a(fault.c.obj)
 .text.bus_fault.isra.0
                0x000000000000a8b4       0xd4 zephyr/arch/arch/arm/core/cortex_m/libarch__arm__core__cortex_m.a(fault.c.obj)
 .text.mem_manage_fault.isra.0
                0x000000000000a988       0xd4 zephyr/arch/arch/arm/core/cortex_m/libarch__arm__core__cortex_m.a(fault.c.obj)
 .text.z_arm_fault
                0x000000000000aa5c      0x1fc zephyr/arch/arch/arm/core/cortex_m/libarch__arm__core__cortex_m.a(fault.c.obj)
                0x000000000000aa5c                z_arm_fault
 .text.z_arm_fault_init
                0x000000000000ac58       0x18 zephyr/arch/arch/arm/core/cortex_m/libarch__arm__core__cortex_m.a(fault.c.obj)
                0x000000000000ac58                z_arm_fault_init
 .text.__fault  0x000000000000ac70       0x14 zephyr/arch/arch/arm/core/cortex_m/libarch__arm__core__cortex_m.a(fault_s.S.obj)
                0x000000000000ac70                z_arm_bus_fault
                0x000000000000ac70                z_arm_usage_fault
                0x000000000000ac70                z_arm_mpu_fault
                0x000000000000ac70                z_arm_exc_spurious
                0x000000000000ac70                z_arm_debug_monitor
                0x000000000000ac70                z_arm_hard_fault
 .text._reset_section
                0x000000000000ac84       0x60 zephyr/arch/arch/arm/core/cortex_m/libarch__arm__core__cortex_m.a(reset.S.obj)
                0x000000000000ac84                z_arm_reset
                0x000000000000ac84                __start
 .text.z_arm_clear_arm_mpu_config
                0x000000000000ace4       0x20 zephyr/arch/arch/arm/core/cortex_m/libarch__arm__core__cortex_m.a(scb.c.obj)
                0x000000000000ace4                z_arm_clear_arm_mpu_config
 .text.z_arm_init_arch_hw_at_boot
                0x000000000000ad04       0x4c zephyr/arch/arch/arm/core/cortex_m/libarch__arm__core__cortex_m.a(scb.c.obj)
                0x000000000000ad04                z_arm_init_arch_hw_at_boot
 .text.z_impl_k_thread_abort
                0x000000000000ad50       0x2c zephyr/arch/arch/arm/core/cortex_m/libarch__arm__core__cortex_m.a(thread_abort.c.obj)
                0x000000000000ad50                z_impl_k_thread_abort
 .text.arch_swap
                0x000000000000ad7c       0x30 zephyr/arch/arch/arm/core/cortex_m/libarch__arm__core__cortex_m.a(swap.c.obj)
                0x000000000000ad7c                arch_swap
 .text.z_arm_pendsv
                0x000000000000adac       0x60 zephyr/arch/arch/arm/core/cortex_m/libarch__arm__core__cortex_m.a(swap_helper.S.obj)
                0x000000000000adac                z_arm_pendsv
 .text.z_arm_svc
                0x000000000000ae0c       0x20 zephyr/arch/arch/arm/core/cortex_m/libarch__arm__core__cortex_m.a(swap_helper.S.obj)
                0x000000000000ae0c                z_arm_svc
 .text.arch_irq_enable
                0x000000000000ae2c       0x20 zephyr/arch/arch/arm/core/cortex_m/libarch__arm__core__cortex_m.a(irq_manage.c.obj)
                0x000000000000ae2c                arch_irq_enable
 .text.arch_irq_disable
                0x000000000000ae4c       0x28 zephyr/arch/arch/arm/core/cortex_m/libarch__arm__core__cortex_m.a(irq_manage.c.obj)
                0x000000000000ae4c                arch_irq_disable
 .text.arch_irq_is_enabled
                0x000000000000ae74       0x1c zephyr/arch/arch/arm/core/cortex_m/libarch__arm__core__cortex_m.a(irq_manage.c.obj)
                0x000000000000ae74                arch_irq_is_enabled
 .text.z_arm_irq_priority_set
                0x000000000000ae90       0x2c zephyr/arch/arch/arm/core/cortex_m/libarch__arm__core__cortex_m.a(irq_manage.c.obj)
                0x000000000000ae90                z_arm_irq_priority_set
 .text.z_arm_prep_c
                0x000000000000aebc       0x38 zephyr/arch/arch/arm/core/cortex_m/libarch__arm__core__cortex_m.a(prep_c.c.obj)
                0x000000000000aebc                z_arm_prep_c
 .text.arch_new_thread
                0x000000000000aef4       0x3c zephyr/arch/arch/arm/core/cortex_m/libarch__arm__core__cortex_m.a(thread.c.obj)
                0x000000000000aef4                arch_new_thread
 .text.arch_switch_to_main_thread
                0x000000000000af30       0x28 zephyr/arch/arch/arm/core/cortex_m/libarch__arm__core__cortex_m.a(thread.c.obj)
                0x000000000000af30                arch_switch_to_main_thread
 .text.z_arm_cpu_idle_init
                0x000000000000af58        0xc zephyr/arch/arch/arm/core/cortex_m/libarch__arm__core__cortex_m.a(cpu_idle.S.obj)
                0x000000000000af58                z_arm_cpu_idle_init
 .text.arch_cpu_idle
                0x000000000000af64       0x38 zephyr/arch/arch/arm/core/cortex_m/libarch__arm__core__cortex_m.a(cpu_idle.S.obj)
                0x000000000000af64                arch_cpu_idle
 .text.arch_cpu_atomic_idle
                0x000000000000af9c       0x34 zephyr/arch/arch/arm/core/cortex_m/libarch__arm__core__cortex_m.a(cpu_idle.S.obj)
                0x000000000000af9c                arch_cpu_atomic_idle
 .text.z_arm_interrupt_init
                0x000000000000afd0       0x18 zephyr/arch/arch/arm/core/cortex_m/libarch__arm__core__cortex_m.a(irq_init.c.obj)
                0x000000000000afd0                z_arm_interrupt_init
 .text._isr_wrapper
                0x000000000000afe8       0x28 zephyr/arch/arch/arm/core/cortex_m/libarch__arm__core__cortex_m.a(isr_wrapper.S.obj)
                0x000000000000afe8                _isr_wrapper
 .text.z_arm_configure_static_mpu_regions
                0x000000000000b010       0x38 zephyr/arch/arch/arm/core/mpu/libarch__arm__core__mpu.a(arm_core_mpu.c.obj)
                0x000000000000b010                z_arm_configure_static_mpu_regions
 .text.region_init
                0x000000000000b048       0x30 zephyr/arch/arch/arm/core/mpu/libarch__arm__core__mpu.a(arm_mpu.c.obj)
 .text.region_allocate_and_init
                0x000000000000b078       0x28 zephyr/arch/arch/arm/core/mpu/libarch__arm__core__mpu.a(arm_mpu.c.obj)
 .text.mpu_configure_regions_and_partition.constprop.0
                0x000000000000b0a0      0x158 zephyr/arch/arch/arm/core/mpu/libarch__arm__core__mpu.a(arm_mpu.c.obj)
 .text.arm_core_mpu_enable
                0x000000000000b1f8       0x14 zephyr/arch/arch/arm/core/mpu/libarch__arm__core__mpu.a(arm_mpu.c.obj)
                0x000000000000b1f8                arm_core_mpu_enable
 .text.arm_core_mpu_disable
                0x000000000000b20c       0x10 zephyr/arch/arch/arm/core/mpu/libarch__arm__core__mpu.a(arm_mpu.c.obj)
                0x000000000000b20c                arm_core_mpu_disable
 .text.arm_core_mpu_configure_static_mpu_regions
                0x000000000000b21c       0x14 zephyr/arch/arch/arm/core/mpu/libarch__arm__core__mpu.a(arm_mpu.c.obj)
                0x000000000000b21c                arm_core_mpu_configure_static_mpu_regions
 .text.arm_core_mpu_mark_areas_for_dynamic_regions
                0x000000000000b230       0xac zephyr/arch/arch/arm/core/mpu/libarch__arm__core__mpu.a(arm_mpu.c.obj)
                0x000000000000b230                arm_core_mpu_mark_areas_for_dynamic_regions
 .text.z_arm_mpu_init
                0x000000000000b2dc      0x110 zephyr/arch/arch/arm/core/mpu/libarch__arm__core__mpu.a(arm_mpu.c.obj)
                0x000000000000b2dc                z_arm_mpu_init
 .text.__stdout_hook_install
                0x000000000000b3ec        0xc zephyr/lib/libc/minimal/liblib__libc__minimal.a(stdout_console.c.obj)
                0x000000000000b3ec                __stdout_hook_install
 .text.rtc_pretick_init
                0x000000000000b3f8       0x60 zephyr/soc/soc/arm/nordic_nrf/libsoc__arm__nordic_nrf.a(soc.c.obj)
 .text.z_arm_on_enter_cpu_idle
                0x000000000000b458       0x60 zephyr/soc/soc/arm/nordic_nrf/libsoc__arm__nordic_nrf.a(soc.c.obj)
                0x000000000000b458                z_arm_on_enter_cpu_idle
 .text.arch_busy_wait
                0x000000000000b4b8       0x24 zephyr/soc/soc/arm/nordic_nrf/libsoc__arm__nordic_nrf.a(soc.c.obj)
                0x000000000000b4b8                arch_busy_wait
 .text.rtc_cb   0x000000000000b4dc       0x40 zephyr/soc/soc/arm/nordic_nrf/libsoc__arm__nordic_nrf.a(sync_rtc.c.obj)
 .text.sync_rtc_setup
                0x000000000000b51c       0xbc zephyr/soc/soc/arm/nordic_nrf/libsoc__arm__nordic_nrf.a(sync_rtc.c.obj)
 .text.mbox_callback
                0x000000000000b5d8       0x80 zephyr/soc/soc/arm/nordic_nrf/libsoc__arm__nordic_nrf.a(sync_rtc.c.obj)
 .text.z_arm_platform_init
                0x000000000000b658        0x4 zephyr/soc/soc/arm/nordic_nrf/libsoc__arm__nordic_nrf.a(soc_nrf_common.S.obj)
                0x000000000000b658                z_arm_platform_init
 .text.onoff_stop
                0x000000000000b65c       0x48 zephyr/drivers/clock_control/libdrivers__clock_control.a(clock_control_nrf.c.obj)
 .text.onoff_start
                0x000000000000b6a4       0x54 zephyr/drivers/clock_control/libdrivers__clock_control.a(clock_control_nrf.c.obj)
 .text.clk_init
                0x000000000000b6f8       0x64 zephyr/drivers/clock_control/libdrivers__clock_control.a(clock_control_nrf.c.obj)
 .text.clkstarted_handle.constprop.0
                0x000000000000b75c       0x34 zephyr/drivers/clock_control/libdrivers__clock_control.a(clock_control_nrf.c.obj)
 .text.clock_event_handler
                0x000000000000b790       0x30 zephyr/drivers/clock_control/libdrivers__clock_control.a(clock_control_nrf.c.obj)
 .text.generic_hfclk_start
                0x000000000000b7c0       0x64 zephyr/drivers/clock_control/libdrivers__clock_control.a(clock_control_nrf.c.obj)
 .text.generic_hfclk_stop
                0x000000000000b824       0x34 zephyr/drivers/clock_control/libdrivers__clock_control.a(clock_control_nrf.c.obj)
 .text.api_blocking_start
                0x000000000000b858       0x34 zephyr/drivers/clock_control/libdrivers__clock_control.a(clock_control_nrf.c.obj)
 .text.z_nrf_clock_control_lf_on
                0x000000000000b88c      0x104 zephyr/drivers/clock_control/libdrivers__clock_control.a(clock_control_nrf.c.obj)
                0x000000000000b88c                z_nrf_clock_control_lf_on
 .text.uart_console_init
                0x000000000000b990       0x28 zephyr/drivers/console/libdrivers__console.a(uart_console.c.obj)
 .text.console_out
                0x000000000000b9b8       0x28 zephyr/drivers/console/libdrivers__console.a(uart_console.c.obj)
 .text.nrfx_gpio_handler
                0x000000000000b9e0       0x54 zephyr/drivers/gpio/libdrivers__gpio.a(gpio_nrfx.c.obj)
 .text.gpio_nrfx_init
                0x000000000000ba34       0x4c zephyr/drivers/gpio/libdrivers__gpio.a(gpio_nrfx.c.obj)
 .text.gpio_nrfx_pin_configure
                0x000000000000ba80      0x194 zephyr/drivers/gpio/libdrivers__gpio.a(gpio_nrfx.c.obj)
 .text.gpio_nrfx_pin_interrupt_configure
                0x000000000000bc14      0x100 zephyr/drivers/gpio/libdrivers__gpio.a(gpio_nrfx.c.obj)
 .text.mbox_nrf_set_enabled
                0x000000000000bd14       0x98 zephyr/drivers/mbox/libdrivers__mbox.a(mbox_nrfx_ipc.c.obj)
 .text.mbox_nrf_send
                0x000000000000bdac       0x44 zephyr/drivers/mbox/libdrivers__mbox.a(mbox_nrfx_ipc.c.obj)
 .text.mbox_dispatcher
                0x000000000000bdf0       0x60 zephyr/drivers/mbox/libdrivers__mbox.a(mbox_nrfx_ipc.c.obj)
 .text.mbox_nrf_init
                0x000000000000be50       0x9c zephyr/drivers/mbox/libdrivers__mbox.a(mbox_nrfx_ipc.c.obj)
 .text.nrf_gpio_pin_port_decode
                0x000000000000beec       0x24 zephyr/drivers/pinctrl/libdrivers__pinctrl.a(pinctrl_nrf.c.obj)
 .text.pinctrl_configure_pins
                0x000000000000bf10      0x180 zephyr/drivers/pinctrl/libdrivers__pinctrl.a(pinctrl_nrf.c.obj)
                0x000000000000bf10                pinctrl_configure_pins
 .text.uarte_0_init
                0x000000000000c090      0x26c zephyr/drivers/serial/libdrivers__serial.a(uart_nrfx_uarte.c.obj)
 .text.uarte_nrfx_poll_out
                0x000000000000c2fc       0xcc zephyr/drivers/serial/libdrivers__serial.a(uart_nrfx_uarte.c.obj)
 .text.spi_nrfx_init.part.0
                0x000000000000c3c8       0x1c zephyr/drivers/spi/libdrivers__spi.a(spi_nrfx_spim.c.obj)
 .text.transfer_next_chunk
                0x000000000000c3e4       0xbc zephyr/drivers/spi/libdrivers__spi.a(spi_nrfx_spim.c.obj)
 .text.spi_nrfx_init
                0x000000000000c4a0      0x118 zephyr/drivers/spi/libdrivers__spi.a(spi_nrfx_spim.c.obj)
 .text.event_handler
                0x000000000000c5b8       0xdc zephyr/drivers/spi/libdrivers__spi.a(spi_nrfx_spim.c.obj)
 .text.spi_nrfx_transceive
                0x000000000000c694      0x434 zephyr/drivers/spi/libdrivers__spi.a(spi_nrfx_spim.c.obj)
 .text.nrf_gpio_cfg_input
                0x000000000000cac8       0x44 zephyr/drivers/spi/libdrivers__spi.a(spi_nrfx_common.c.obj)
 .text.spi_nrfx_wake_init
                0x000000000000cb0c       0x60 zephyr/drivers/spi/libdrivers__spi.a(spi_nrfx_common.c.obj)
                0x000000000000cb0c                spi_nrfx_wake_init
 .text.sys_clock_timeout_handler
                0x000000000000cb6c       0x4c zephyr/drivers/timer/libdrivers__timer.a(nrf_rtc_timer.c.obj)
 .text.compare_int_lock
                0x000000000000cbb8       0x44 zephyr/drivers/timer/libdrivers__timer.a(nrf_rtc_timer.c.obj)
 .text.compare_int_unlock.part.0
                0x000000000000cbfc       0x4c zephyr/drivers/timer/libdrivers__timer.a(nrf_rtc_timer.c.obj)
 .text.z_nrf_rtc_timer_compare_evt_address_get
                0x000000000000cc48       0x10 zephyr/drivers/timer/libdrivers__timer.a(nrf_rtc_timer.c.obj)
                0x000000000000cc48                z_nrf_rtc_timer_compare_evt_address_get
 .text.z_nrf_rtc_timer_compare_read
                0x000000000000cc58       0x10 zephyr/drivers/timer/libdrivers__timer.a(nrf_rtc_timer.c.obj)
                0x000000000000cc58                z_nrf_rtc_timer_compare_read
 .text.z_nrf_rtc_timer_read
                0x000000000000cc68       0x44 zephyr/drivers/timer/libdrivers__timer.a(nrf_rtc_timer.c.obj)
                0x000000000000cc68                z_nrf_rtc_timer_read
 .text.compare_set
                0x000000000000ccac      0x124 zephyr/drivers/timer/libdrivers__timer.a(nrf_rtc_timer.c.obj)
 .text.sys_clock_driver_init
                0x000000000000cdd0       0xac zephyr/drivers/timer/libdrivers__timer.a(nrf_rtc_timer.c.obj)
 .text.rtc_nrf_isr
                0x000000000000ce7c       0xf8 zephyr/drivers/timer/libdrivers__timer.a(nrf_rtc_timer.c.obj)
                0x000000000000ce7c                rtc_nrf_isr
 .text.z_nrf_rtc_timer_chan_alloc
                0x000000000000cf74       0x3c zephyr/drivers/timer/libdrivers__timer.a(nrf_rtc_timer.c.obj)
                0x000000000000cf74                z_nrf_rtc_timer_chan_alloc
 .text.z_nrf_rtc_timer_chan_free
                0x000000000000cfb0       0x1c zephyr/drivers/timer/libdrivers__timer.a(nrf_rtc_timer.c.obj)
                0x000000000000cfb0                z_nrf_rtc_timer_chan_free
 .text.sys_clock_set_timeout
                0x000000000000cfcc       0x58 zephyr/drivers/timer/libdrivers__timer.a(nrf_rtc_timer.c.obj)
                0x000000000000cfcc                sys_clock_set_timeout
 .text.sys_clock_elapsed
                0x000000000000d024       0x14 zephyr/drivers/timer/libdrivers__timer.a(nrf_rtc_timer.c.obj)
                0x000000000000d024                sys_clock_elapsed
 .text.ns_fault_init
                0x000000000000d038       0x30 modules/nrf/modules/trusted-firmware-m/lib..__nrf__modules__trusted-firmware-m.a(fault.c.obj)
 .text.arm_fault
                0x000000000000d068      0x24c modules/nrf/modules/trusted-firmware-m/lib..__nrf__modules__trusted-firmware-m.a(fault.c.obj)
                0x000000000000d068                arm_fault
 .text.tfm_ns_fault_handler_callback
                0x000000000000d2b4       0x48 modules/nrf/modules/trusted-firmware-m/lib..__nrf__modules__trusted-firmware-m.a(fault.c.obj)
                0x000000000000d2b4                tfm_ns_fault_handler_callback
 .text.tfm_ns_interface_dispatch
                0x000000000000d2fc       0x68 modules/trusted-firmware-m/libtfm_api.a(interface.c.obj)
                0x000000000000d2fc                tfm_ns_interface_dispatch
 .text.tfm_platform_ioctl
                0x000000000000d364       0x4c modules/trusted-firmware-m/libtfm_api.a(tfm_platform_api.c.obj)
                0x000000000000d364                tfm_platform_ioctl
 .text.psa_call
                0x000000000000d3b0       0x34 modules/trusted-firmware-m/libtfm_api.a(tfm_tz_psa_ns_api.c.obj)
                0x000000000000d3b0                psa_call
 .text.nrfx_flag32_alloc
                0x000000000000d3e4       0x40 modules/hal_nordic/nrfx/libmodules__hal_nordic__nrfx.a(nrfx_flag32_allocator.c.obj)
                0x000000000000d3e4                nrfx_flag32_alloc
 .text.nrfx_flag32_free
                0x000000000000d424       0x3c modules/hal_nordic/nrfx/libmodules__hal_nordic__nrfx.a(nrfx_flag32_allocator.c.obj)
                0x000000000000d424                nrfx_flag32_free
 .text.nrfx_gppi_channels_enable
                0x000000000000d460        0xc modules/hal_nordic/nrfx/libmodules__hal_nordic__nrfx.a(nrfx_gppi_dppi.c.obj)
                0x000000000000d460                nrfx_gppi_channels_enable
 .text.nrfx_gppi_channels_disable
                0x000000000000d46c        0xc modules/hal_nordic/nrfx/libmodules__hal_nordic__nrfx.a(nrfx_gppi_dppi.c.obj)
                0x000000000000d46c                nrfx_gppi_channels_disable
 .text.clock_stop
                0x000000000000d478       0xf8 modules/hal_nordic/nrfx/libmodules__hal_nordic__nrfx.a(nrfx_clock.c.obj)
 .text.nrfx_clock_init
                0x000000000000d570       0x20 modules/hal_nordic/nrfx/libmodules__hal_nordic__nrfx.a(nrfx_clock.c.obj)
                0x000000000000d570                nrfx_clock_init
 .text.nrfx_clock_enable
                0x000000000000d590       0x30 modules/hal_nordic/nrfx/libmodules__hal_nordic__nrfx.a(nrfx_clock.c.obj)
                0x000000000000d590                nrfx_clock_enable
 .text.nrfx_clock_start
                0x000000000000d5c0       0xd4 modules/hal_nordic/nrfx/libmodules__hal_nordic__nrfx.a(nrfx_clock.c.obj)
                0x000000000000d5c0                nrfx_clock_start
 .text.nrfx_power_clock_irq_handler
                0x000000000000d694       0xac modules/hal_nordic/nrfx/libmodules__hal_nordic__nrfx.a(nrfx_clock.c.obj)
                0x000000000000d694                nrfx_power_clock_irq_handler
 .text.nrfx_dppi_channel_alloc
                0x000000000000d740        0xc modules/hal_nordic/nrfx/libmodules__hal_nordic__nrfx.a(nrfx_dppi.c.obj)
                0x000000000000d740                nrfx_dppi_channel_alloc
 .text.nrfx_dppi_channel_free
                0x000000000000d74c       0x1c modules/hal_nordic/nrfx/libmodules__hal_nordic__nrfx.a(nrfx_dppi.c.obj)
                0x000000000000d74c                nrfx_dppi_channel_free
 .text.nrf_gpio_pin_port_decode
                0x000000000000d768       0x24 modules/hal_nordic/nrfx/libmodules__hal_nordic__nrfx.a(nrfx_gpiote.c.obj)
 .text.get_pin_idx
                0x000000000000d78c       0x14 modules/hal_nordic/nrfx/libmodules__hal_nordic__nrfx.a(nrfx_gpiote.c.obj)
 .text.pin_in_use_by_te.isra.0
                0x000000000000d7a0       0x24 modules/hal_nordic/nrfx/libmodules__hal_nordic__nrfx.a(nrfx_gpiote.c.obj)
 .text.pin_te_get.isra.0
                0x000000000000d7c4       0x20 modules/hal_nordic/nrfx/libmodules__hal_nordic__nrfx.a(nrfx_gpiote.c.obj)
 .text.release_handler
                0x000000000000d7e4       0x70 modules/hal_nordic/nrfx/libmodules__hal_nordic__nrfx.a(nrfx_gpiote.c.obj)
 .text.latch_pending_read_and_check
                0x000000000000d854       0x38 modules/hal_nordic/nrfx/libmodules__hal_nordic__nrfx.a(nrfx_gpiote.c.obj)
 .text.__nrfy_internal_gpiote_events_process.constprop.0
                0x000000000000d88c       0x54 modules/hal_nordic/nrfx/libmodules__hal_nordic__nrfx.a(nrfx_gpiote.c.obj)
 .text.irq_handler.constprop.0
                0x000000000000d8e0      0x1a4 modules/hal_nordic/nrfx/libmodules__hal_nordic__nrfx.a(nrfx_gpiote.c.obj)
 .text.pin_is_input
                0x000000000000da84       0x28 modules/hal_nordic/nrfx/libmodules__hal_nordic__nrfx.a(nrfx_gpiote.c.obj)
 .text.pin_uninit
                0x000000000000daac       0xa4 modules/hal_nordic/nrfx/libmodules__hal_nordic__nrfx.a(nrfx_gpiote.c.obj)
 .text.nrfx_gpiote_input_configure
                0x000000000000db50      0x1ec modules/hal_nordic/nrfx/libmodules__hal_nordic__nrfx.a(nrfx_gpiote.c.obj)
                0x000000000000db50                nrfx_gpiote_input_configure
 .text.nrfx_gpiote_output_configure
                0x000000000000dd3c      0x13c modules/hal_nordic/nrfx/libmodules__hal_nordic__nrfx.a(nrfx_gpiote.c.obj)
                0x000000000000dd3c                nrfx_gpiote_output_configure
 .text.nrfx_gpiote_global_callback_set
                0x000000000000de78       0x1c modules/hal_nordic/nrfx/libmodules__hal_nordic__nrfx.a(nrfx_gpiote.c.obj)
                0x000000000000de78                nrfx_gpiote_global_callback_set
 .text.nrfx_gpiote_channel_get
                0x000000000000de94       0x3c modules/hal_nordic/nrfx/libmodules__hal_nordic__nrfx.a(nrfx_gpiote.c.obj)
                0x000000000000de94                nrfx_gpiote_channel_get
 .text.nrfx_gpiote_init
                0x000000000000ded0       0x8c modules/hal_nordic/nrfx/libmodules__hal_nordic__nrfx.a(nrfx_gpiote.c.obj)
                0x000000000000ded0                nrfx_gpiote_init
 .text.nrfx_gpiote_init_check
                0x000000000000df5c       0x1c modules/hal_nordic/nrfx/libmodules__hal_nordic__nrfx.a(nrfx_gpiote.c.obj)
                0x000000000000df5c                nrfx_gpiote_init_check
 .text.nrfx_gpiote_channel_free
                0x000000000000df78       0x14 modules/hal_nordic/nrfx/libmodules__hal_nordic__nrfx.a(nrfx_gpiote.c.obj)
                0x000000000000df78                nrfx_gpiote_channel_free
 .text.nrfx_gpiote_channel_alloc
                0x000000000000df8c       0x14 modules/hal_nordic/nrfx/libmodules__hal_nordic__nrfx.a(nrfx_gpiote.c.obj)
                0x000000000000df8c                nrfx_gpiote_channel_alloc
 .text.nrfx_gpiote_trigger_enable
                0x000000000000dfa0       0x9c modules/hal_nordic/nrfx/libmodules__hal_nordic__nrfx.a(nrfx_gpiote.c.obj)
                0x000000000000dfa0                nrfx_gpiote_trigger_enable
 .text.nrfx_gpiote_1_irq_handler
                0x000000000000e03c        0xc modules/hal_nordic/nrfx/libmodules__hal_nordic__nrfx.a(nrfx_gpiote.c.obj)
                0x000000000000e03c                nrfx_gpiote_1_irq_handler
 .text.nrfx_ipc_init
                0x000000000000e048       0x30 modules/hal_nordic/nrfx/libmodules__hal_nordic__nrfx.a(nrfx_ipc.c.obj)
                0x000000000000e048                nrfx_ipc_init
 .text.nrfx_ipc_config_load
                0x000000000000e078       0x40 modules/hal_nordic/nrfx/libmodules__hal_nordic__nrfx.a(nrfx_ipc.c.obj)
                0x000000000000e078                nrfx_ipc_config_load
 .text.nrfx_ipc_receive_event_enable
                0x000000000000e0b8       0x10 modules/hal_nordic/nrfx/libmodules__hal_nordic__nrfx.a(nrfx_ipc.c.obj)
                0x000000000000e0b8                nrfx_ipc_receive_event_enable
 .text.nrfx_ipc_receive_event_disable
                0x000000000000e0c8       0x10 modules/hal_nordic/nrfx/libmodules__hal_nordic__nrfx.a(nrfx_ipc.c.obj)
                0x000000000000e0c8                nrfx_ipc_receive_event_disable
 .text.nrfx_ipc_irq_handler
                0x000000000000e0d8       0x40 modules/hal_nordic/nrfx/libmodules__hal_nordic__nrfx.a(nrfx_ipc.c.obj)
                0x000000000000e0d8                nrfx_ipc_irq_handler
 .text.nrf_gpio_pin_port_decode
                0x000000000000e118       0x24 modules/hal_nordic/nrfx/libmodules__hal_nordic__nrfx.a(nrfx_spim.c.obj)
 .text.spim_configuration_verify
                0x000000000000e13c       0xf4 modules/hal_nordic/nrfx/libmodules__hal_nordic__nrfx.a(nrfx_spim.c.obj)
 .text.pin_init
                0x000000000000e230       0x50 modules/hal_nordic/nrfx/libmodules__hal_nordic__nrfx.a(nrfx_spim.c.obj)
 .text.spim_configure
                0x000000000000e280      0x260 modules/hal_nordic/nrfx/libmodules__hal_nordic__nrfx.a(nrfx_spim.c.obj)
 .text.spim_pin_uninit
                0x000000000000e4e0       0x30 modules/hal_nordic/nrfx/libmodules__hal_nordic__nrfx.a(nrfx_spim.c.obj)
 .text.nrfx_spim_init
                0x000000000000e510       0x64 modules/hal_nordic/nrfx/libmodules__hal_nordic__nrfx.a(nrfx_spim.c.obj)
                0x000000000000e510                nrfx_spim_init
 .text.nrfx_spim_uninit
                0x000000000000e574       0x98 modules/hal_nordic/nrfx/libmodules__hal_nordic__nrfx.a(nrfx_spim.c.obj)
                0x000000000000e574                nrfx_spim_uninit
 .text.nrfx_spim_xfer
                0x000000000000e60c      0x150 modules/hal_nordic/nrfx/libmodules__hal_nordic__nrfx.a(nrfx_spim.c.obj)
                0x000000000000e60c                nrfx_spim_xfer
 .text.nrfx_spim_1_irq_handler
                0x000000000000e75c       0x10 modules/hal_nordic/nrfx/libmodules__hal_nordic__nrfx.a(nrfx_spim.c.obj)
                0x000000000000e75c                nrfx_spim_1_irq_handler
 .text.nrfx_spim_4_irq_handler
                0x000000000000e76c       0x10 modules/hal_nordic/nrfx/libmodules__hal_nordic__nrfx.a(nrfx_spim.c.obj)
                0x000000000000e76c                nrfx_spim_4_irq_handler
 .text.z_impl_device_get_binding
                0x000000000000e77c       0x58 zephyr/kernel/libkernel.a(device.c.obj)
                0x000000000000e77c                z_impl_device_get_binding
 .text.k_sys_fatal_error_handler
                0x000000000000e7d4       0x20 zephyr/kernel/libkernel.a(fatal.c.obj)
                0x000000000000e7d4                k_sys_fatal_error_handler
 .text.z_fatal_error
                0x000000000000e7f4       0xe8 zephyr/kernel/libkernel.a(fatal.c.obj)
                0x000000000000e7f4                z_fatal_error
 .text.z_sys_init_run_level
                0x000000000000e8dc       0x48 zephyr/kernel/libkernel.a(init.c.obj)
 .text.bg_thread_main
                0x000000000000e924       0x34 zephyr/kernel/libkernel.a(init.c.obj)
 .text.z_bss_zero
                0x000000000000e958       0x18 zephyr/kernel/libkernel.a(init.c.obj)
                0x000000000000e958                z_bss_zero
 .text.z_init_cpu
                0x000000000000e970       0x7c zephyr/kernel/libkernel.a(init.c.obj)
                0x000000000000e970                z_init_cpu
 .text.z_cstart
                0x000000000000e9ec       0xe0 zephyr/kernel/libkernel.a(init.c.obj)
                0x000000000000e9ec                z_cstart
 .text.z_setup_new_thread
                0x000000000000eacc       0x60 zephyr/kernel/libkernel.a(thread.c.obj)
                0x000000000000eacc                z_setup_new_thread
 .text.z_impl_k_thread_create
                0x000000000000eb2c       0x58 zephyr/kernel/libkernel.a(thread.c.obj)
                0x000000000000eb2c                z_impl_k_thread_create
 .text.z_init_static_threads
                0x000000000000eb84       0x98 zephyr/kernel/libkernel.a(thread.c.obj)
                0x000000000000eb84                z_init_static_threads
 .text.z_impl_k_mutex_unlock
                0x000000000000ec1c       0x84 zephyr/kernel/libkernel.a(mutex.c.obj)
                0x000000000000ec1c                z_impl_k_mutex_unlock
 .text.z_impl_k_mutex_lock
                0x000000000000eca0      0x100 zephyr/kernel/libkernel.a(mutex.c.obj)
                0x000000000000eca0                z_impl_k_mutex_lock
 .text.z_impl_k_sem_give
                0x000000000000eda0       0x48 zephyr/kernel/libkernel.a(sem.c.obj)
                0x000000000000eda0                z_impl_k_sem_give
 .text.z_impl_k_sem_take
                0x000000000000ede8       0x54 zephyr/kernel/libkernel.a(sem.c.obj)
                0x000000000000ede8                z_impl_k_sem_take
 .text.z_impl_k_sem_reset
                0x000000000000ee3c       0x3c zephyr/kernel/libkernel.a(sem.c.obj)
                0x000000000000ee3c                z_impl_k_sem_reset
 .text.sliceable
                0x000000000000ee78       0x3c zephyr/kernel/libkernel.a(sched.c.obj)
 .text.slice_timeout
                0x000000000000eeb4       0x20 zephyr/kernel/libkernel.a(sched.c.obj)
 .text.z_reset_time_slice
                0x000000000000eed4       0x50 zephyr/kernel/libkernel.a(sched.c.obj)
                0x000000000000eed4                z_reset_time_slice
 .text.z_reschedule
                0x000000000000ef24       0x24 zephyr/kernel/libkernel.a(sched.c.obj)
                0x000000000000ef24                z_reschedule
 .text.k_sched_lock
                0x000000000000ef48       0x28 zephyr/kernel/libkernel.a(sched.c.obj)
                0x000000000000ef48                k_sched_lock
 .text.update_cache
                0x000000000000ef70       0x40 zephyr/kernel/libkernel.a(sched.c.obj)
 .text.move_thread_to_end_of_prio_q
                0x000000000000efb0       0x7c zephyr/kernel/libkernel.a(sched.c.obj)
 .text.z_time_slice
                0x000000000000f02c       0x60 zephyr/kernel/libkernel.a(sched.c.obj)
                0x000000000000f02c                z_time_slice
 .text.ready_thread
                0x000000000000f08c       0x70 zephyr/kernel/libkernel.a(sched.c.obj)
 .text.z_sched_start
                0x000000000000f0fc       0x3c zephyr/kernel/libkernel.a(sched.c.obj)
                0x000000000000f0fc                z_sched_start
 .text.unready_thread
                0x000000000000f138       0x30 zephyr/kernel/libkernel.a(sched.c.obj)
 .text.pend_locked
                0x000000000000f168       0x30 zephyr/kernel/libkernel.a(sched.c.obj)
 .text.z_pend_curr
                0x000000000000f198       0x3c zephyr/kernel/libkernel.a(sched.c.obj)
                0x000000000000f198                z_pend_curr
 .text.z_set_prio
                0x000000000000f1d4       0x98 zephyr/kernel/libkernel.a(sched.c.obj)
                0x000000000000f1d4                z_set_prio
 .text.k_sched_unlock
                0x000000000000f26c       0x38 zephyr/kernel/libkernel.a(sched.c.obj)
                0x000000000000f26c                k_sched_unlock
 .text.z_impl_k_thread_suspend
                0x000000000000f2a4       0x50 zephyr/kernel/libkernel.a(sched.c.obj)
                0x000000000000f2a4                z_impl_k_thread_suspend
 .text.z_sched_init
                0x000000000000f2f4       0x10 zephyr/kernel/libkernel.a(sched.c.obj)
                0x000000000000f2f4                z_sched_init
 .text.z_impl_k_yield
                0x000000000000f304       0x84 zephyr/kernel/libkernel.a(sched.c.obj)
                0x000000000000f304                z_impl_k_yield
 .text.z_tick_sleep
                0x000000000000f388       0x98 zephyr/kernel/libkernel.a(sched.c.obj)
 .text.z_impl_k_sleep
                0x000000000000f420       0x34 zephyr/kernel/libkernel.a(sched.c.obj)
                0x000000000000f420                z_impl_k_sleep
 .text.z_impl_k_sched_current_thread_query
                0x000000000000f454        0xc zephyr/kernel/libkernel.a(sched.c.obj)
                0x000000000000f454                z_impl_k_sched_current_thread_query
 .text.z_thread_abort
                0x000000000000f460       0x64 zephyr/kernel/libkernel.a(sched.c.obj)
                0x000000000000f460                z_thread_abort
 .text.z_data_copy
                0x000000000000f4c4       0x34 zephyr/kernel/libkernel.a(xip.c.obj)
                0x000000000000f4c4                z_data_copy
 .text.elapsed  0x000000000000f4f8       0x14 zephyr/kernel/libkernel.a(timeout.c.obj)
 .text.remove_timeout
                0x000000000000f50c       0x38 zephyr/kernel/libkernel.a(timeout.c.obj)
 .text.next_timeout
                0x000000000000f544       0x40 zephyr/kernel/libkernel.a(timeout.c.obj)
 .text.z_add_timeout
                0x000000000000f584      0x104 zephyr/kernel/libkernel.a(timeout.c.obj)
                0x000000000000f584                z_add_timeout
 .text.sys_clock_announce
                0x000000000000f688       0xcc zephyr/kernel/libkernel.a(timeout.c.obj)
                0x000000000000f688                sys_clock_announce
 .text.sys_clock_tick_get
                0x000000000000f754       0x34 zephyr/kernel/libkernel.a(timeout.c.obj)
                0x000000000000f754                sys_clock_tick_get
 .text.z_timer_expiration_handler
                0x000000000000f788       0xf4 zephyr/kernel/libkernel.a(timer.c.obj)
                0x000000000000f788                z_timer_expiration_handler
 .text.z_impl_k_timer_start
                0x000000000000f87c       0x88 zephyr/kernel/libkernel.a(timer.c.obj)
                0x000000000000f87c                z_impl_k_timer_start
 .text.boot_banner
                0x000000000000f904        0xc zephyr/kernel/libkernel.a(banner.c.obj)
                0x000000000000f904                boot_banner
 .text._OffsetAbsSyms
                0x000000000000f910        0x2 zephyr/CMakeFiles/offsets.dir/./arch/arm/core/offsets/offsets.c.obj
                0x000000000000f910                _OffsetAbsSyms
 .text.k_msleep.constprop.0
                0x000000000000f912        0x8 app/libapp.a(Accelero_instance.c.obj)
 .text.Get_DataBlock
                0x000000000000f91a       0x16 app/libapp.a(LIS302DL.c.obj)
                0x000000000000f91a                Get_DataBlock
 .text.LIS302DL_Set_CTRL_REG1
                0x000000000000f930        0x8 app/libapp.a(LIS302DL.c.obj)
                0x000000000000f930                LIS302DL_Set_CTRL_REG1
 .text.LIS302DL_Read_CTRL_REG1
                0x000000000000f938       0x1e app/libapp.a(LIS302DL.c.obj)
                0x000000000000f938                LIS302DL_Read_CTRL_REG1
 .text.LIS302DL_Set_CTRL_REG2
                0x000000000000f956       0x2c app/libapp.a(LIS302DL.c.obj)
                0x000000000000f956                LIS302DL_Set_CTRL_REG2
 .text.LIS302DL_Set_CTRL_REG3
                0x000000000000f982        0x8 app/libapp.a(LIS302DL.c.obj)
                0x000000000000f982                LIS302DL_Set_CTRL_REG3
 .text.LIS302DL_Read_Data
                0x000000000000f98a       0x38 app/libapp.a(LIS302DL.c.obj)
                0x000000000000f98a                LIS302DL_Read_Data
 .text.cbpprintf_external
                0x000000000000f9c2       0x62 zephyr/libzephyr.a(cbprintf_packaged.c.obj)
                0x000000000000f9c2                cbpprintf_external
 .text.is_ptr   0x000000000000fa24       0x3a zephyr/libzephyr.a(cbprintf_packaged.c.obj)
                0x000000000000fa24                is_ptr
 .text.arch_printk_char_out
                0x000000000000fa5e        0x4 zephyr/libzephyr.a(printk.c.obj)
                0x000000000000fa5e                arch_printk_char_out
 .text.str_out  0x000000000000fa62       0x26 zephyr/libzephyr.a(printk.c.obj)
 .text.printk   0x000000000000fa88       0x1a zephyr/libzephyr.a(printk.c.obj)
                0x000000000000fa88                printk
 .text.snprintk
                0x000000000000faa2       0x1a zephyr/libzephyr.a(printk.c.obj)
                0x000000000000faa2                snprintk
 .text.z_thread_entry
                0x000000000000fabc       0x14 zephyr/libzephyr.a(thread_entry.c.obj)
                0x000000000000fabc                z_thread_entry
 .text.process_recheck
                0x000000000000fad0       0x38 zephyr/libzephyr.a(onoff.c.obj)
 .text.notify_one
                0x000000000000fb08       0x2c zephyr/libzephyr.a(onoff.c.obj)
 .text.transition_complete
                0x000000000000fb34       0x1c zephyr/libzephyr.a(onoff.c.obj)
 .text.validate_args
                0x000000000000fb50       0x1e zephyr/libzephyr.a(onoff.c.obj)
 .text.onoff_manager_init
                0x000000000000fb6e       0x26 zephyr/libzephyr.a(onoff.c.obj)
                0x000000000000fb6e                onoff_manager_init
 .text.onoff_request
                0x000000000000fb94       0x92 zephyr/libzephyr.a(onoff.c.obj)
                0x000000000000fb94                onoff_request
 .text.sys_notify_validate
                0x000000000000fc26       0x22 zephyr/libzephyr.a(notify.c.obj)
                0x000000000000fc26                sys_notify_validate
 .text.sys_notify_finalize
                0x000000000000fc48       0x1a zephyr/libzephyr.a(notify.c.obj)
                0x000000000000fc48                sys_notify_finalize
 .text._ldiv5   0x000000000000fc62       0x3e zephyr/libzephyr.a(cbprintf_complete.c.obj)
 .text._get_digit
                0x000000000000fca0       0x2e zephyr/libzephyr.a(cbprintf_complete.c.obj)
 .text.encode_uint
                0x000000000000fcce       0x96 zephyr/libzephyr.a(cbprintf_complete.c.obj)
 .text.outs     0x000000000000fd64       0x2c zephyr/libzephyr.a(cbprintf_complete.c.obj)
 .text.idx_inc  0x000000000000fd90       0x1c zephyr/libzephyr.a(mpsc_pbuf.c.obj)
 .text.rd_idx_inc
                0x000000000000fdac       0x18 zephyr/libzephyr.a(mpsc_pbuf.c.obj)
 .text.add_skip_item
                0x000000000000fdc4       0x3e zephyr/libzephyr.a(mpsc_pbuf.c.obj)
 .text.drop_item_locked
                0x000000000000fe02       0xf0 zephyr/libzephyr.a(mpsc_pbuf.c.obj)
 .text.post_drop_action
                0x000000000000fef2       0x36 zephyr/libzephyr.a(mpsc_pbuf.c.obj)
 .text.free_space
                0x000000000000ff28       0x2a zephyr/libzephyr.a(mpsc_pbuf.c.obj)
 .text.get_usage
                0x000000000000ff52       0x22 zephyr/libzephyr.a(mpsc_pbuf.c.obj)
 .text.max_utilization_update
                0x000000000000ff74       0x22 zephyr/libzephyr.a(mpsc_pbuf.c.obj)
 .text.mpsc_pbuf_init
                0x000000000000ff96       0x42 zephyr/libzephyr.a(mpsc_pbuf.c.obj)
                0x000000000000ff96                mpsc_pbuf_init
 .text.mpsc_pbuf_alloc
                0x000000000000ffd8       0xfc zephyr/libzephyr.a(mpsc_pbuf.c.obj)
                0x000000000000ffd8                mpsc_pbuf_alloc
 .text.mpsc_pbuf_commit
                0x00000000000100d4       0x40 zephyr/libzephyr.a(mpsc_pbuf.c.obj)
                0x00000000000100d4                mpsc_pbuf_commit
 .text.mpsc_pbuf_claim
                0x0000000000010114       0xa0 zephyr/libzephyr.a(mpsc_pbuf.c.obj)
                0x0000000000010114                mpsc_pbuf_claim
 .text.mpsc_pbuf_free
                0x00000000000101b4       0x78 zephyr/libzephyr.a(mpsc_pbuf.c.obj)
                0x00000000000101b4                mpsc_pbuf_free
 .text.mpsc_pbuf_is_pending
                0x000000000001022c       0x1e zephyr/libzephyr.a(mpsc_pbuf.c.obj)
                0x000000000001022c                mpsc_pbuf_is_pending
 .text._ConfigAbsSyms
                0x000000000001024a        0x2 zephyr/libzephyr.a(configs.c.obj)
                0x000000000001024a                _ConfigAbsSyms
 .text.log_msg_generic_get_wlen
                0x000000000001024c       0x20 zephyr/libzephyr.a(log_core.c.obj)
 .text.dummy_timestamp
                0x000000000001026c        0x4 zephyr/libzephyr.a(log_core.c.obj)
 .text.default_get_timestamp
                0x0000000000010270        0x4 zephyr/libzephyr.a(log_core.c.obj)
 .text.atomic_inc
                0x0000000000010274       0x12 zephyr/libzephyr.a(log_core.c.obj)
 .text.z_log_vprintk
                0x0000000000010286       0x1c zephyr/libzephyr.a(log_core.c.obj)
                0x0000000000010286                z_log_vprintk
 .text.z_log_notify_drop
                0x00000000000102a2        0x6 zephyr/libzephyr.a(log_core.c.obj)
 .text.z_log_get_tag
                0x00000000000102a8        0x4 zephyr/libzephyr.a(log_core.c.obj)
                0x00000000000102a8                z_log_get_tag
 .text.z_cbprintf_cpy
                0x00000000000102ac       0x2e zephyr/libzephyr.a(log_msg.c.obj)
 .text.z_log_msg_finalize
                0x00000000000102da       0x34 zephyr/libzephyr.a(log_msg.c.obj)
                0x00000000000102da                z_log_msg_finalize
 .text.z_log_msg_simple_create
                0x000000000001030e       0x6e zephyr/libzephyr.a(log_msg.c.obj)
 .text.z_impl_z_log_msg_simple_create_0
                0x000000000001037c       0x12 zephyr/libzephyr.a(log_msg.c.obj)
                0x000000000001037c                z_impl_z_log_msg_simple_create_0
 .text.z_impl_z_log_msg_simple_create_1
                0x000000000001038e       0x14 zephyr/libzephyr.a(log_msg.c.obj)
                0x000000000001038e                z_impl_z_log_msg_simple_create_1
 .text.buffer_write
                0x00000000000103a2       0x1a zephyr/libzephyr.a(log_output.c.obj)
 .text.cbvprintf
                0x00000000000103bc        0xe zephyr/libzephyr.a(log_output.c.obj)
 .text.log_output_flush
                0x00000000000103ca       0x1a zephyr/libzephyr.a(log_output.c.obj)
                0x00000000000103ca                log_output_flush
 .text.out_func
                0x00000000000103e4       0x2e zephyr/libzephyr.a(log_output.c.obj)
 .text.cr_out_func
                0x0000000000010412       0x1c zephyr/libzephyr.a(log_output.c.obj)
 .text.format_set
                0x000000000001042e        0xc zephyr/libzephyr.a(log_backend_uart.c.obj)
 .text.log_backend_uart_init
                0x000000000001043a        0xc zephyr/libzephyr.a(log_backend_uart.c.obj)
 .text.panic    0x0000000000010446       0x10 zephyr/libzephyr.a(log_backend_uart.c.obj)
 .text.dropped  0x0000000000010456        0xa zephyr/libzephyr.a(log_backend_uart.c.obj)
 .text.process  0x0000000000010460       0x1e zephyr/libzephyr.a(log_backend_uart.c.obj)
 .text.z_do_kernel_oops
                0x000000000001047e        0x8 zephyr/arch/arch/arm/core/libarch__arm__core.a(fatal.c.obj)
                0x000000000001047e                z_do_kernel_oops
 .text.z_arm_nmi
                0x0000000000010486        0xe zephyr/arch/arch/arm/core/libarch__arm__core.a(nmi.c.obj)
                0x0000000000010486                z_arm_nmi
 .text.z_log_msg_simple_create_0.constprop.0
                0x0000000000010494        0x8 zephyr/arch/arch/arm/core/cortex_m/libarch__arm__core__cortex_m.a(fault.c.obj)
 .text.z_arm_save_fp_context
                0x000000000001049c        0x2 zephyr/arch/arch/arm/core/cortex_m/libarch__arm__core__cortex_m.a(fpu.c.obj)
                0x000000000001049c                z_arm_save_fp_context
 .text.z_arm_restore_fp_context
                0x000000000001049e        0x2 zephyr/arch/arch/arm/core/cortex_m/libarch__arm__core__cortex_m.a(fpu.c.obj)
                0x000000000001049e                z_arm_restore_fp_context
 .text.z_irq_spurious
                0x00000000000104a0        0x8 zephyr/arch/arch/arm/core/cortex_m/libarch__arm__core__cortex_m.a(irq_manage.c.obj)
                0x00000000000104a0                z_irq_spurious
 .text.configure_builtin_stack_guard
                0x00000000000104a8        0x8 zephyr/arch/arch/arm/core/cortex_m/libarch__arm__core__cortex_m.a(thread.c.obj)
                0x00000000000104a8                configure_builtin_stack_guard
 .text.arm_cmse_mpu_region_get
                0x00000000000104b0       0x12 zephyr/arch/arch/arm/core/cortex_m/cmse/libarch__arm__core__cortex_m__cmse.a(arm_core_cmse.c.obj)
                0x00000000000104b0                arm_cmse_mpu_region_get
 .text.mpu_configure_region
                0x00000000000104c2       0x32 zephyr/arch/arch/arm/core/mpu/libarch__arm__core__mpu.a(arm_mpu.c.obj)
 .text.strlen   0x00000000000104f4        0xe zephyr/lib/libc/minimal/liblib__libc__minimal.a(string.c.obj)
                0x00000000000104f4                strlen
 .text.strcmp   0x0000000000010502       0x18 zephyr/lib/libc/minimal/liblib__libc__minimal.a(string.c.obj)
                0x0000000000010502                strcmp
 .text.memcpy   0x000000000001051a       0x16 zephyr/lib/libc/minimal/liblib__libc__minimal.a(string.c.obj)
                0x000000000001051a                memcpy
 .text.memset   0x0000000000010530       0x12 zephyr/lib/libc/minimal/liblib__libc__minimal.a(string.c.obj)
                0x0000000000010530                memset
 .text._stdout_hook_default
                0x0000000000010542        0x6 zephyr/lib/libc/minimal/liblib__libc__minimal.a(stdout_console.c.obj)
 .text.strnlen  0x0000000000010548       0x12 zephyr/lib/libc/common/liblib__libc__common.a(strnlen.c.obj)
                0x0000000000010548                strnlen
 .text.nordicsemi_nrf53_init
                0x000000000001055a       0x1c zephyr/soc/soc/arm/nordic_nrf/libsoc__arm__nordic_nrf.a(soc.c.obj)
 .text.get_status
                0x0000000000010576       0x12 zephyr/drivers/clock_control/libdrivers__clock_control.a(clock_control_nrf.c.obj)
 .text.set_off_state
                0x0000000000010588       0x32 zephyr/drivers/clock_control/libdrivers__clock_control.a(clock_control_nrf.c.obj)
 .text.set_starting_state
                0x00000000000105ba       0x3c zephyr/drivers/clock_control/libdrivers__clock_control.a(clock_control_nrf.c.obj)
 .text.set_on_state
                0x00000000000105f6       0x26 zephyr/drivers/clock_control/libdrivers__clock_control.a(clock_control_nrf.c.obj)
 .text.onoff_started_callback
                0x000000000001061c       0x12 zephyr/drivers/clock_control/libdrivers__clock_control.a(clock_control_nrf.c.obj)
 .text.hfclkaudio_start
                0x000000000001062e        0x6 zephyr/drivers/clock_control/libdrivers__clock_control.a(clock_control_nrf.c.obj)
 .text.hfclk192m_start
                0x0000000000010634        0x6 zephyr/drivers/clock_control/libdrivers__clock_control.a(clock_control_nrf.c.obj)
 .text.lfclk_start
                0x000000000001063a        0x6 zephyr/drivers/clock_control/libdrivers__clock_control.a(clock_control_nrf.c.obj)
 .text.hfclkaudio_stop
                0x0000000000010640        0x6 zephyr/drivers/clock_control/libdrivers__clock_control.a(clock_control_nrf.c.obj)
 .text.hfclk192m_stop
                0x0000000000010646        0x6 zephyr/drivers/clock_control/libdrivers__clock_control.a(clock_control_nrf.c.obj)
 .text.lfclk_stop
                0x000000000001064c        0x6 zephyr/drivers/clock_control/libdrivers__clock_control.a(clock_control_nrf.c.obj)
 .text.blocking_start_callback
                0x0000000000010652        0x6 zephyr/drivers/clock_control/libdrivers__clock_control.a(clock_control_nrf.c.obj)
 .text.api_stop
                0x0000000000010658       0x28 zephyr/drivers/clock_control/libdrivers__clock_control.a(clock_control_nrf.c.obj)
 .text.api_start
                0x0000000000010680       0x34 zephyr/drivers/clock_control/libdrivers__clock_control.a(clock_control_nrf.c.obj)
 .text.gpio_nrfx_port_get_raw
                0x00000000000106b4        0xc zephyr/drivers/gpio/libdrivers__gpio.a(gpio_nrfx.c.obj)
 .text.gpio_nrfx_port_set_masked_raw
                0x00000000000106c0       0x14 zephyr/drivers/gpio/libdrivers__gpio.a(gpio_nrfx.c.obj)
 .text.gpio_nrfx_port_set_bits_raw
                0x00000000000106d4        0xa zephyr/drivers/gpio/libdrivers__gpio.a(gpio_nrfx.c.obj)
 .text.gpio_nrfx_port_clear_bits_raw
                0x00000000000106de        0xa zephyr/drivers/gpio/libdrivers__gpio.a(gpio_nrfx.c.obj)
 .text.gpio_nrfx_port_toggle_bits
                0x00000000000106e8       0x14 zephyr/drivers/gpio/libdrivers__gpio.a(gpio_nrfx.c.obj)
 .text.gpio_nrfx_manage_callback
                0x00000000000106fc       0x58 zephyr/drivers/gpio/libdrivers__gpio.a(gpio_nrfx.c.obj)
 .text.mbox_nrf_register_callback
                0x0000000000010754       0x1c zephyr/drivers/mbox/libdrivers__mbox.a(mbox_nrfx_ipc.c.obj)
 .text.mbox_nrf_mtu_get
                0x0000000000010770        0x4 zephyr/drivers/mbox/libdrivers__mbox.a(mbox_nrfx_ipc.c.obj)
 .text.mbox_nrf_max_channels_get
                0x0000000000010774        0x4 zephyr/drivers/mbox/libdrivers__mbox.a(mbox_nrfx_ipc.c.obj)
 .text.pinctrl_lookup_state
                0x0000000000010778       0x28 zephyr/drivers/pinctrl/libdrivers__pinctrl.a(common.c.obj)
                0x0000000000010778                pinctrl_lookup_state
 .text.uarte_nrfx_isr_int
                0x00000000000107a0       0x72 zephyr/drivers/serial/libdrivers__serial.a(uart_nrfx_uarte.c.obj)
 .text.uarte_nrfx_err_check
                0x0000000000010812        0xe zephyr/drivers/serial/libdrivers__serial.a(uart_nrfx_uarte.c.obj)
 .text.uarte_nrfx_poll_in
                0x0000000000010820       0x28 zephyr/drivers/serial/libdrivers__serial.a(uart_nrfx_uarte.c.obj)
 .text.is_tx_ready.isra.0
                0x0000000000010848       0x20 zephyr/drivers/serial/libdrivers__serial.a(uart_nrfx_uarte.c.obj)
 .text.gpio_pin_set_dt
                0x0000000000010868       0x28 zephyr/drivers/spi/libdrivers__spi.a(spi_nrfx_spim.c.obj)
 .text.z_log_msg_simple_create_0
                0x0000000000010890        0x4 zephyr/drivers/spi/libdrivers__spi.a(spi_nrfx_spim.c.obj)
 .text.irq_connect1
                0x0000000000010894        0xa zephyr/drivers/spi/libdrivers__spi.a(spi_nrfx_spim.c.obj)
 .text.irq_connect4
                0x000000000001089e        0xa zephyr/drivers/spi/libdrivers__spi.a(spi_nrfx_spim.c.obj)
 .text.spi_context_get_next_buf.constprop.0
                0x00000000000108a8       0x26 zephyr/drivers/spi/libdrivers__spi.a(spi_nrfx_spim.c.obj)
 .text.spi_context_unlock_unconditionally
                0x00000000000108ce       0x30 zephyr/drivers/spi/libdrivers__spi.a(spi_nrfx_spim.c.obj)
 .text.spi_nrfx_release
                0x00000000000108fe       0x24 zephyr/drivers/spi/libdrivers__spi.a(spi_nrfx_spim.c.obj)
 .text.spi_nrfx_wake_request
                0x0000000000010922       0x50 zephyr/drivers/spi/libdrivers__spi.a(spi_nrfx_common.c.obj)
                0x0000000000010922                spi_nrfx_wake_request
 .text.event_clear
                0x0000000000010972       0x18 zephyr/drivers/timer/libdrivers__timer.a(nrf_rtc_timer.c.obj)
 .text.z_nrf_rtc_timer_capture_task_address_get
                0x000000000001098a       0x12 zephyr/drivers/timer/libdrivers__timer.a(nrf_rtc_timer.c.obj)
                0x000000000001098a                z_nrf_rtc_timer_capture_task_address_get
 .text.z_nrf_rtc_timer_set
                0x000000000001099c       0x18 zephyr/drivers/timer/libdrivers__timer.a(nrf_rtc_timer.c.obj)
                0x000000000001099c                z_nrf_rtc_timer_set
 .text.sys_clock_cycle_get_32
                0x00000000000109b4        0x8 zephyr/drivers/timer/libdrivers__timer.a(nrf_rtc_timer.c.obj)
                0x00000000000109b4                sys_clock_cycle_get_32
 .text.z_log_msg_simple_create_0.constprop.0
                0x00000000000109bc        0x8 modules/nrf/modules/trusted-firmware-m/lib..__nrf__modules__trusted-firmware-m.a(fault.c.obj)
 .text.tfm_platform_ns_fault_set_handler
                0x00000000000109c4       0x50 modules/nrf/modules/trusted-firmware-m/libtfm_api_nrf.a(tfm_ioctl_ns_api.c.obj)
                0x00000000000109c4                tfm_platform_ns_fault_set_handler
 .text.ns_interface_init
                0x0000000000010a14        0x4 modules/trusted-firmware-m/libtfm_api.a(interface.c.obj)
 .text.SystemInit
                0x0000000000010a18        0x2 modules/hal_nordic/nrfx/libmodules__hal_nordic__nrfx.a(system_nrf5340_application.c.obj)
                0x0000000000010a18                SystemInit
 .text.nrfx_isr
                0x0000000000010a1a        0x2 modules/hal_nordic/nrfx/libmodules__hal_nordic__nrfx.a(nrfx_glue.c.obj)
                0x0000000000010a1a                nrfx_isr
 .text.nrfx_busy_wait
                0x0000000000010a1c        0x4 modules/hal_nordic/nrfx/libmodules__hal_nordic__nrfx.a(nrfx_glue.c.obj)
                0x0000000000010a1c                nrfx_busy_wait
 .text.nrfx_gppi_event_endpoint_setup
                0x0000000000010a20        0xa modules/hal_nordic/nrfx/libmodules__hal_nordic__nrfx.a(nrfx_gppi_dppi.c.obj)
                0x0000000000010a20                nrfx_gppi_event_endpoint_setup
 .text.nrfx_gppi_task_endpoint_setup
                0x0000000000010a2a        0xa modules/hal_nordic/nrfx/libmodules__hal_nordic__nrfx.a(nrfx_gppi_dppi.c.obj)
                0x0000000000010a2a                nrfx_gppi_task_endpoint_setup
 .text.nrfx_gppi_channel_endpoints_setup
                0x0000000000010a34        0xe modules/hal_nordic/nrfx/libmodules__hal_nordic__nrfx.a(nrfx_gppi_dppi.c.obj)
                0x0000000000010a34                nrfx_gppi_channel_endpoints_setup
 .text.nrfx_gppi_event_endpoint_clear
                0x0000000000010a42        0x8 modules/hal_nordic/nrfx/libmodules__hal_nordic__nrfx.a(nrfx_gppi_dppi.c.obj)
                0x0000000000010a42                nrfx_gppi_event_endpoint_clear
 .text.nrfx_gppi_task_endpoint_clear
                0x0000000000010a4a        0x8 modules/hal_nordic/nrfx/libmodules__hal_nordic__nrfx.a(nrfx_gppi_dppi.c.obj)
                0x0000000000010a4a                nrfx_gppi_task_endpoint_clear
 .text.nrfx_gppi_channel_alloc
                0x0000000000010a52        0x4 modules/hal_nordic/nrfx/libmodules__hal_nordic__nrfx.a(nrfx_gppi_dppi.c.obj)
                0x0000000000010a52                nrfx_gppi_channel_alloc
 .text.nrfx_clock_stop
                0x0000000000010a56        0x4 modules/hal_nordic/nrfx/libmodules__hal_nordic__nrfx.a(nrfx_clock.c.obj)
                0x0000000000010a56                nrfx_clock_stop
 .text.nrf_gpio_reconfigure
                0x0000000000010a5a       0x8e modules/hal_nordic/nrfx/libmodules__hal_nordic__nrfx.a(nrfx_gpiote.c.obj)
 .text.nrf_gpio_cfg_sense_set
                0x0000000000010ae8       0x1e modules/hal_nordic/nrfx/libmodules__hal_nordic__nrfx.a(nrfx_gpiote.c.obj)
 .text.call_handler
                0x0000000000010b06       0x3e modules/hal_nordic/nrfx/libmodules__hal_nordic__nrfx.a(nrfx_gpiote.c.obj)
 .text.pin_in_event_get
                0x0000000000010b44       0x24 modules/hal_nordic/nrfx/libmodules__hal_nordic__nrfx.a(nrfx_gpiote.c.obj)
 .text.pin_trigger_disable
                0x0000000000010b68       0x4a modules/hal_nordic/nrfx/libmodules__hal_nordic__nrfx.a(nrfx_gpiote.c.obj)
 .text.nrfx_gpiote_pin_uninit
                0x0000000000010bb2        0x4 modules/hal_nordic/nrfx/libmodules__hal_nordic__nrfx.a(nrfx_gpiote.c.obj)
                0x0000000000010bb2                nrfx_gpiote_pin_uninit
 .text.nrfx_gpiote_trigger_disable
                0x0000000000010bb6        0x4 modules/hal_nordic/nrfx/libmodules__hal_nordic__nrfx.a(nrfx_gpiote.c.obj)
                0x0000000000010bb6                nrfx_gpiote_trigger_disable
 .text.nrfx_gpiote_in_event_get
                0x0000000000010bba        0x4 modules/hal_nordic/nrfx/libmodules__hal_nordic__nrfx.a(nrfx_gpiote.c.obj)
                0x0000000000010bba                nrfx_gpiote_in_event_get
 .text.__nrfy_internal_spim_event_handle
                0x0000000000010bbe       0x2a modules/hal_nordic/nrfx/libmodules__hal_nordic__nrfx.a(nrfx_spim.c.obj)
 .text.__nrfy_internal_spim_events_process
                0x0000000000010be8       0x80 modules/hal_nordic/nrfx/libmodules__hal_nordic__nrfx.a(nrfx_spim.c.obj)
 .text.nrf_gpio_pin_set
                0x0000000000010c68       0x18 modules/hal_nordic/nrfx/libmodules__hal_nordic__nrfx.a(nrfx_spim.c.obj)
 .text.nrf_gpio_pin_clear
                0x0000000000010c80       0x18 modules/hal_nordic/nrfx/libmodules__hal_nordic__nrfx.a(nrfx_spim.c.obj)
 .text.spim_abort
                0x0000000000010c98       0x2c modules/hal_nordic/nrfx/libmodules__hal_nordic__nrfx.a(nrfx_spim.c.obj)
 .text.irq_handler
                0x0000000000010cc4       0x46 modules/hal_nordic/nrfx/libmodules__hal_nordic__nrfx.a(nrfx_spim.c.obj)
 .text.z_impl_k_busy_wait
                0x0000000000010d0a        0x8 zephyr/kernel/libkernel.a(busy_wait.c.obj)
                0x0000000000010d0a                z_impl_k_busy_wait
 .text.z_device_state_init
                0x0000000000010d12        0x2 zephyr/kernel/libkernel.a(device.c.obj)
                0x0000000000010d12                z_device_state_init
 .text.z_device_is_ready
                0x0000000000010d14       0x16 zephyr/kernel/libkernel.a(device.c.obj)
                0x0000000000010d14                z_device_is_ready
 .text.arch_system_halt
                0x0000000000010d2a       0x12 zephyr/kernel/libkernel.a(fatal.c.obj)
                0x0000000000010d2a                arch_system_halt
 .text.z_early_memset
                0x0000000000010d3c        0x4 zephyr/kernel/libkernel.a(init.c.obj)
                0x0000000000010d3c                z_early_memset
 .text.z_early_memcpy
                0x0000000000010d40        0x4 zephyr/kernel/libkernel.a(init.c.obj)
                0x0000000000010d40                z_early_memcpy
 .text.k_is_in_isr
                0x0000000000010d44        0xc zephyr/kernel/libkernel.a(thread.c.obj)
                0x0000000000010d44                k_is_in_isr
 .text.z_impl_k_thread_name_set
                0x0000000000010d50        0x6 zephyr/kernel/libkernel.a(thread.c.obj)
                0x0000000000010d50                z_impl_k_thread_name_set
 .text.k_thread_name_get
                0x0000000000010d56        0x4 zephyr/kernel/libkernel.a(thread.c.obj)
                0x0000000000010d56                k_thread_name_get
 .text.idle     0x0000000000010d5a       0x18 zephyr/kernel/libkernel.a(idle.c.obj)
                0x0000000000010d5a                idle
 .text.z_impl_k_sem_init
                0x0000000000010d72       0x18 zephyr/kernel/libkernel.a(sem.c.obj)
                0x0000000000010d72                z_impl_k_sem_init
 .text.sys_dlist_remove
                0x0000000000010d8a       0x10 zephyr/kernel/libkernel.a(sched.c.obj)
 .text.unpend_thread_no_timeout
                0x0000000000010d9a       0x14 zephyr/kernel/libkernel.a(sched.c.obj)
 .text.z_unpend_thread_no_timeout
                0x0000000000010dae       0x24 zephyr/kernel/libkernel.a(sched.c.obj)
                0x0000000000010dae                z_unpend_thread_no_timeout
 .text.z_reschedule_irqlock
                0x0000000000010dd2       0x18 zephyr/kernel/libkernel.a(sched.c.obj)
                0x0000000000010dd2                z_reschedule_irqlock
 .text.z_reschedule_unlocked
                0x0000000000010dea       0x14 zephyr/kernel/libkernel.a(sched.c.obj)
 .text.z_priq_dumb_best
                0x0000000000010dfe       0x14 zephyr/kernel/libkernel.a(sched.c.obj)
                0x0000000000010dfe                z_priq_dumb_best
 .text.z_ready_thread
                0x0000000000010e12       0x20 zephyr/kernel/libkernel.a(sched.c.obj)
                0x0000000000010e12                z_ready_thread
 .text.z_sched_wake_thread
                0x0000000000010e32       0x44 zephyr/kernel/libkernel.a(sched.c.obj)
                0x0000000000010e32                z_sched_wake_thread
 .text.z_thread_timeout
                0x0000000000010e76        0x8 zephyr/kernel/libkernel.a(sched.c.obj)
                0x0000000000010e76                z_thread_timeout
 .text.add_to_waitq_locked
                0x0000000000010e7e       0x5a zephyr/kernel/libkernel.a(sched.c.obj)
 .text.halt_thread
                0x0000000000010ed8       0x6c zephyr/kernel/libkernel.a(sched.c.obj)
 .text.z_unpend1_no_timeout
                0x0000000000010f44       0x2a zephyr/kernel/libkernel.a(sched.c.obj)
                0x0000000000010f44                z_unpend1_no_timeout
 .text.z_unpend_first_thread
                0x0000000000010f6e       0x30 zephyr/kernel/libkernel.a(sched.c.obj)
                0x0000000000010f6e                z_unpend_first_thread
 .text.z_abort_timeout
                0x0000000000010f9e       0x2c zephyr/kernel/libkernel.a(timeout.c.obj)
                0x0000000000010f9e                z_abort_timeout
 .text.sys_clock_tick_get_32
                0x0000000000010fca        0x8 zephyr/kernel/libkernel.a(timeout.c.obj)
                0x0000000000010fca                sys_clock_tick_get_32
 .text.z_impl_k_uptime_ticks
                0x0000000000010fd2        0x4 zephyr/kernel/libkernel.a(timeout.c.obj)
                0x0000000000010fd2                z_impl_k_uptime_ticks
 .text.k_timer_init
                0x0000000000010fd6       0x18 zephyr/kernel/libkernel.a(timer.c.obj)
                0x0000000000010fd6                k_timer_init
 .text.z_impl_k_timer_stop
                0x0000000000010fee       0x3a zephyr/kernel/libkernel.a(timer.c.obj)
                0x0000000000010fee                z_impl_k_timer_stop
 *(SORT_BY_ALIGNMENT(.TEXT.*))
 *(SORT_BY_ALIGNMENT(.gnu.linkonce.t.*))
 *(SORT_BY_ALIGNMENT(.glue_7t))
 .glue_7t       0x0000000000011028        0x0 linker stubs
 *(SORT_BY_ALIGNMENT(.glue_7))
 .glue_7        0x0000000000011028        0x0 linker stubs
 *(SORT_BY_ALIGNMENT(.vfp11_veneer))
 .vfp11_veneer  0x0000000000011028        0x0 linker stubs
 *(SORT_BY_ALIGNMENT(.v4_bx))
 .v4_bx         0x0000000000011028        0x0 linker stubs
                0x0000000000011028                . = ALIGN (0x4)
                0x0000000000011028                __text_region_end = .

.ARM.exidx      0x0000000000011028        0x8
                0x0000000000011028                __exidx_start = .
 *(SORT_BY_ALIGNMENT(.ARM.exidx*) SORT_BY_ALIGNMENT(gnu.linkonce.armexidx.*))
 .ARM.exidx     0x0000000000011028        0x8 /home/thuantran/workspace/01.Projects/01.Embedded/03.NordicSemicon/gcc-arm-none-eabi-9-2019-q4-major/bin/../lib/gcc/arm-none-eabi/9.2.1/thumb/v8-m.main/nofp/libgcc.a(_udivmoddi4.o)
                0x0000000000011030                __exidx_end = .
                0x0000000000011030                __rodata_region_start = .

initlevel       0x0000000000011030       0x78
                0x0000000000011030                __init_start = .
                0x0000000000011030                __init_EARLY_start = .
 *(SORT_BY_NAME(SORT_BY_ALIGNMENT(.z_init_EARLY?_*)))
 *(SORT_BY_NAME(SORT_BY_ALIGNMENT(.z_init_EARLY??_*)))
                0x0000000000011030                __init_PRE_KERNEL_1_start = .
 *(SORT_BY_NAME(SORT_BY_ALIGNMENT(.z_init_PRE_KERNEL_1?_*)))
 .z_init_PRE_KERNEL_10_0_
                0x0000000000011030        0x8 zephyr/soc/soc/arm/nordic_nrf/libsoc__arm__nordic_nrf.a(soc.c.obj)
 .z_init_PRE_KERNEL_10_0_
                0x0000000000011038        0x8 modules/nrf/modules/trusted-firmware-m/lib..__nrf__modules__trusted-firmware-m.a(fault.c.obj)
 *(SORT_BY_NAME(SORT_BY_ALIGNMENT(.z_init_PRE_KERNEL_1??_*)))
 .z_init_PRE_KERNEL_130_00078_
                0x0000000000011040        0x8 zephyr/drivers/clock_control/libdrivers__clock_control.a(clock_control_nrf.c.obj)
 .z_init_PRE_KERNEL_140_00011_
                0x0000000000011048        0x8 zephyr/drivers/gpio/libdrivers__gpio.a(gpio_nrfx.c.obj)
 .z_init_PRE_KERNEL_140_00012_
                0x0000000000011050        0x8 zephyr/drivers/gpio/libdrivers__gpio.a(gpio_nrfx.c.obj)
 .z_init_PRE_KERNEL_155_00115_
                0x0000000000011058        0x8 zephyr/drivers/serial/libdrivers__serial.a(uart_nrfx_uarte.c.obj)
 .z_init_PRE_KERNEL_160_0_
                0x0000000000011060        0x8 zephyr/drivers/console/libdrivers__console.a(uart_console.c.obj)
                0x0000000000011068                __init_PRE_KERNEL_2_start = .
 *(SORT_BY_NAME(SORT_BY_ALIGNMENT(.z_init_PRE_KERNEL_2?_*)))
 .z_init_PRE_KERNEL_20_0_
                0x0000000000011068        0x8 zephyr/drivers/timer/libdrivers__timer.a(nrf_rtc_timer.c.obj)
 *(SORT_BY_NAME(SORT_BY_ALIGNMENT(.z_init_PRE_KERNEL_2??_*)))
                0x0000000000011070                __init_POST_KERNEL_start = .
 *(SORT_BY_NAME(SORT_BY_ALIGNMENT(.z_init_POST_KERNEL?_*)))
 .z_init_POST_KERNEL0_0_
                0x0000000000011070        0x8 zephyr/libzephyr.a(log_core.c.obj)
 .z_init_POST_KERNEL0_0_
                0x0000000000011078        0x8 zephyr/soc/soc/arm/nordic_nrf/libsoc__arm__nordic_nrf.a(soc.c.obj)
 *(SORT_BY_NAME(SORT_BY_ALIGNMENT(.z_init_POST_KERNEL??_*)))
 .z_init_POST_KERNEL40_00027_
                0x0000000000011080        0x8 zephyr/drivers/mbox/libdrivers__mbox.a(mbox_nrfx_ipc.c.obj)
 .z_init_POST_KERNEL40_0_
                0x0000000000011088        0x8 modules/trusted-firmware-m/libtfm_api.a(interface.c.obj)
 .z_init_POST_KERNEL70_00138_
                0x0000000000011090        0x8 zephyr/drivers/spi/libdrivers__spi.a(spi_nrfx_spim.c.obj)
 .z_init_POST_KERNEL70_00140_
                0x0000000000011098        0x8 zephyr/drivers/spi/libdrivers__spi.a(spi_nrfx_spim.c.obj)
 .z_init_POST_KERNEL90_0_
                0x00000000000110a0        0x8 zephyr/soc/soc/arm/nordic_nrf/libsoc__arm__nordic_nrf.a(sync_rtc.c.obj)
                0x00000000000110a8                __init_APPLICATION_start = .
 *(SORT_BY_NAME(SORT_BY_ALIGNMENT(.z_init_APPLICATION?_*)))
 *(SORT_BY_NAME(SORT_BY_ALIGNMENT(.z_init_APPLICATION??_*)))
                0x00000000000110a8                __init_SMP_start = .
 *(SORT_BY_NAME(SORT_BY_ALIGNMENT(.z_init_SMP?_*)))
 *(SORT_BY_NAME(SORT_BY_ALIGNMENT(.z_init_SMP??_*)))
                0x00000000000110a8                __init_end = .

device_area     0x00000000000110a8       0x8c
                0x00000000000110a8                _device_list_start = .
 *(SORT_BY_NAME(SORT_BY_ALIGNMENT(._device.static.*_?_*)))
 *(SORT_BY_NAME(SORT_BY_ALIGNMENT(._device.static.*_??_*)))
 ._device.static.1_30_
                0x00000000000110a8       0x14 zephyr/drivers/clock_control/libdrivers__clock_control.a(clock_control_nrf.c.obj)
                0x00000000000110a8                __device_dts_ord_78
 ._device.static.1_40_
                0x00000000000110bc       0x28 zephyr/drivers/gpio/libdrivers__gpio.a(gpio_nrfx.c.obj)
                0x00000000000110bc                __device_dts_ord_11
                0x00000000000110d0                __device_dts_ord_12
 ._device.static.1_55_
                0x00000000000110e4       0x14 zephyr/drivers/serial/libdrivers__serial.a(uart_nrfx_uarte.c.obj)
                0x00000000000110e4                __device_dts_ord_115
 ._device.static.3_40_
                0x00000000000110f8       0x14 zephyr/drivers/mbox/libdrivers__mbox.a(mbox_nrfx_ipc.c.obj)
                0x00000000000110f8                __device_dts_ord_27
 ._device.static.3_70_
                0x000000000001110c       0x28 zephyr/drivers/spi/libdrivers__spi.a(spi_nrfx_spim.c.obj)
                0x000000000001110c                __device_dts_ord_140
                0x0000000000011120                __device_dts_ord_138
                0x0000000000011134                _device_list_end = .

sw_isr_table    0x0000000000011134      0x228
                0x0000000000011134                . = ALIGN (0x4)
 *(SORT_BY_ALIGNMENT(.gnu.linkonce.sw_isr_table*))
 .gnu.linkonce.sw_isr_table
                0x0000000000011134      0x228 zephyr/arch/common/libisr_tables.a(isr_tables.c.obj)
                0x0000000000011134                _sw_isr_table

initlevel_error
                0x0000000000011030        0x0
 *(SORT_BY_NAME(SORT_BY_ALIGNMENT(.z_init_[_A-Z0-9]*)))
                0x0000000000000001                ASSERT ((SIZEOF (initlevel_error) == 0x0), Undefined initialization levels used.)

app_shmem_regions
                0x000000000001135c        0x0
                0x000000000001135c                __app_shmem_regions_start = .
 *(SORT_BY_NAME(SORT_BY_ALIGNMENT(.app_regions.*)))
                0x000000000001135c                __app_shmem_regions_end = .

k_p4wq_initparam_area
                0x000000000001135c        0x0
                0x000000000001135c                _k_p4wq_initparam_list_start = .
 *(SORT_BY_NAME(SORT_BY_ALIGNMENT(._k_p4wq_initparam.static.*)))
                0x000000000001135c                _k_p4wq_initparam_list_end = .

_static_thread_data_area
                0x000000000001135c        0x0
                0x000000000001135c                __static_thread_data_list_start = .
 *(SORT_BY_NAME(SORT_BY_ALIGNMENT(.__static_thread_data.static.*)))
                0x000000000001135c                __static_thread_data_list_end = .

device_deps     0x000000000001135c        0x0
                0x000000000001135c                __device_deps_start = .
 *(SORT_BY_NAME(SORT_BY_ALIGNMENT(.__device_deps_pass2*)))
                0x000000000001135c                __device_deps_end = .

ztest           0x000000000001135c        0x0
                0x000000000001135c                _ztest_expected_result_entry_list_start = .
 *(SORT_BY_NAME(SORT_BY_ALIGNMENT(._ztest_expected_result_entry.static.*)))
                0x000000000001135c                _ztest_expected_result_entry_list_end = .
                0x000000000001135c                _ztest_suite_node_list_start = .
 *(SORT_BY_NAME(SORT_BY_ALIGNMENT(._ztest_suite_node.static.*)))
                0x000000000001135c                _ztest_suite_node_list_end = .
                0x000000000001135c                _ztest_unit_test_list_start = .
 *(SORT_BY_NAME(SORT_BY_ALIGNMENT(._ztest_unit_test.static.*)))
                0x000000000001135c                _ztest_unit_test_list_end = .
                0x000000000001135c                _ztest_test_rule_list_start = .
 *(SORT_BY_NAME(SORT_BY_ALIGNMENT(._ztest_test_rule.static.*)))
                0x000000000001135c                _ztest_test_rule_list_end = .

bt_l2cap_fixed_chan_area
                0x000000000001135c        0x0
                0x000000000001135c                _bt_l2cap_fixed_chan_list_start = .
 *(SORT_BY_NAME(SORT_BY_ALIGNMENT(._bt_l2cap_fixed_chan.static.*)))
                0x000000000001135c                _bt_l2cap_fixed_chan_list_end = .

bt_gatt_service_static_area
                0x000000000001135c        0x0
                0x000000000001135c                _bt_gatt_service_static_list_start = .
 *(SORT_BY_NAME(SORT_BY_ALIGNMENT(._bt_gatt_service_static.static.*)))
                0x000000000001135c                _bt_gatt_service_static_list_end = .

log_strings_area
                0x000000000001135c        0x0
                0x000000000001135c                _log_strings_list_start = .
 *(SORT_BY_NAME(SORT_BY_ALIGNMENT(._log_strings.static.*)))
                0x000000000001135c                _log_strings_list_end = .

log_const_area  0x000000000001135c       0x68
                0x000000000001135c                _log_const_list_start = .
 *(SORT_BY_NAME(SORT_BY_ALIGNMENT(._log_const.static.*)))
 ._log_const.static.log_const_Lesson5_Exercise1_
                0x000000000001135c        0x8 app/libapp.a(main.c.obj)
                0x000000000001135c                log_const_Lesson5_Exercise1
 ._log_const.static.log_const_cbprintf_package_
                0x0000000000011364        0x8 zephyr/libzephyr.a(cbprintf_packaged.c.obj)
                0x0000000000011364                log_const_cbprintf_package
 ._log_const.static.log_const_clock_control_
                0x000000000001136c        0x8 zephyr/drivers/clock_control/libdrivers__clock_control.a(clock_control_nrf.c.obj)
                0x000000000001136c                log_const_clock_control
 ._log_const.static.log_const_log_
                0x0000000000011374        0x8 zephyr/libzephyr.a(log_core.c.obj)
                0x0000000000011374                log_const_log
 ._log_const.static.log_const_log_mgmt_
                0x000000000001137c        0x8 zephyr/libzephyr.a(log_mgmt.c.obj)
                0x000000000001137c                log_const_log_mgmt
 ._log_const.static.log_const_log_uart_
                0x0000000000011384        0x8 zephyr/libzephyr.a(log_backend_uart.c.obj)
                0x0000000000011384                log_const_log_uart
 ._log_const.static.log_const_mbox_nrfx_ipc_
                0x000000000001138c        0x8 zephyr/drivers/mbox/libdrivers__mbox.a(mbox_nrfx_ipc.c.obj)
                0x000000000001138c                log_const_mbox_nrfx_ipc
 ._log_const.static.log_const_mpu_
                0x0000000000011394        0x8 zephyr/arch/arch/arm/core/mpu/libarch__arm__core__mpu.a(arm_core_mpu.c.obj)
                0x0000000000011394                log_const_mpu
 ._log_const.static.log_const_os_
                0x000000000001139c        0x8 zephyr/kernel/libkernel.a(init.c.obj)
                0x000000000001139c                log_const_os
 ._log_const.static.log_const_soc_
                0x00000000000113a4        0x8 zephyr/soc/soc/arm/nordic_nrf/libsoc__arm__nordic_nrf.a(soc.c.obj)
                0x00000000000113a4                log_const_soc
 ._log_const.static.log_const_spi_nrfx_spim_
                0x00000000000113ac        0x8 zephyr/drivers/spi/libdrivers__spi.a(spi_nrfx_spim.c.obj)
                0x00000000000113ac                log_const_spi_nrfx_spim
 ._log_const.static.log_const_sync_rtc_
                0x00000000000113b4        0x8 zephyr/soc/soc/arm/nordic_nrf/libsoc__arm__nordic_nrf.a(sync_rtc.c.obj)
                0x00000000000113b4                log_const_sync_rtc
 ._log_const.static.log_const_uart_nrfx_uarte_
                0x00000000000113bc        0x8 zephyr/drivers/serial/libdrivers__serial.a(uart_nrfx_uarte.c.obj)
                0x00000000000113bc                log_const_uart_nrfx_uarte
                0x00000000000113c4                _log_const_list_end = .

log_backend_area
                0x00000000000113c4       0x10
                0x00000000000113c4                _log_backend_list_start = .
 *(SORT_BY_NAME(SORT_BY_ALIGNMENT(._log_backend.static.*)))
 ._log_backend.static.log_backend_uart_
                0x00000000000113c4       0x10 zephyr/libzephyr.a(log_backend_uart.c.obj)
                0x00000000000113d4                _log_backend_list_end = .

log_link_area   0x00000000000113d4        0x0
                0x00000000000113d4                _log_link_list_start = .
 *(SORT_BY_NAME(SORT_BY_ALIGNMENT(._log_link.static.*)))
                0x00000000000113d4                _log_link_list_end = .

tracing_backend_area
                0x00000000000113d4        0x0
                0x00000000000113d4                _tracing_backend_list_start = .
 *(SORT_BY_NAME(SORT_BY_ALIGNMENT(._tracing_backend.static.*)))
                0x00000000000113d4                _tracing_backend_list_end = .

zephyr_dbg_info
 *(SORT_BY_ALIGNMENT(.dbg_thread_info))

symbol_to_keep  0x00000000000113d4        0x0
                0x00000000000113d4                __symbol_to_keep_start = .
 *(SORT_BY_NAME(SORT_BY_ALIGNMENT(.symbol_to_keep*)))
                0x00000000000113d4                __symbol_to_keep_end = .

shell_area      0x00000000000113d4        0x0
                0x00000000000113d4                _shell_list_start = .
 *(SORT_BY_NAME(SORT_BY_ALIGNMENT(._shell.static.*)))
                0x00000000000113d4                _shell_list_end = .

shell_root_cmds_area
                0x00000000000113d4        0x0
                0x00000000000113d4                _shell_root_cmds_list_start = .
 *(SORT_BY_NAME(SORT_BY_ALIGNMENT(._shell_root_cmds.static.*)))
                0x00000000000113d4                _shell_root_cmds_list_end = .

shell_subcmds_area
                0x00000000000113d4        0x0
                0x00000000000113d4                _shell_subcmds_list_start = .
 *(SORT_BY_NAME(SORT_BY_ALIGNMENT(._shell_subcmds.static.*)))
                0x00000000000113d4                _shell_subcmds_list_end = .

shell_dynamic_subcmds_area
                0x00000000000113d4        0x0
                0x00000000000113d4                _shell_dynamic_subcmds_list_start = .
 *(SORT_BY_NAME(SORT_BY_ALIGNMENT(._shell_dynamic_subcmds.static.*)))
                0x00000000000113d4                _shell_dynamic_subcmds_list_end = .

cfb_font_area   0x00000000000113d4        0x0
                0x00000000000113d4                _cfb_font_list_start = .
 *(SORT_BY_NAME(SORT_BY_ALIGNMENT(._cfb_font.static.*)))
                0x00000000000113d4                _cfb_font_list_end = .

rodata          0x00000000000113e0     0x1070
 *(SORT_BY_ALIGNMENT(.rodata))
 .rodata        0x00000000000113e0        0x1 app/libapp.a(LIS302DL.c.obj)
 *(SORT_BY_ALIGNMENT(.rodata.*))
 *fill*         0x00000000000113e1        0xf 
 .rodata.delay_machine_code.10126
                0x00000000000113f0        0x6 zephyr/soc/soc/arm/nordic_nrf/libsoc__arm__nordic_nrf.a(soc.c.obj)
 *fill*         0x00000000000113f6        0x2 
 .rodata.format_table
                0x00000000000113f8       0x10 zephyr/libzephyr.a(log_core.c.obj)
 .rodata.mpsc_config
                0x0000000000011408       0x14 zephyr/libzephyr.a(log_core.c.obj)
 .rodata.colors
                0x000000000001141c       0x14 zephyr/libzephyr.a(log_output.c.obj)
 .rodata.severity
                0x0000000000011430       0x14 zephyr/libzephyr.a(log_output.c.obj)
 .rodata.lbu_cb_ctx
                0x0000000000011444        0x8 zephyr/libzephyr.a(log_backend_uart.c.obj)
 .rodata.lbu_output
                0x000000000001144c       0x10 zephyr/libzephyr.a(log_backend_uart.c.obj)
 .rodata.log_backend_uart_api
                0x000000000001145c       0x1c zephyr/libzephyr.a(log_backend_uart.c.obj)
                0x000000000001145c                log_backend_uart_api
 .rodata.mem_attr_region
                0x0000000000011478        0x0 zephyr/libzephyr.a(mem_attr.c.obj)
 .rodata.static_regions
                0x0000000000011478        0xc zephyr/arch/arch/arm/core/mpu/libarch__arm__core__mpu.a(arm_core_mpu.c.obj)
 .rodata.mpu_config
                0x0000000000011484        0x8 zephyr/arch/arch/arm/core/mpu/libarch__arm__core__mpu.a(arm_mpu_regions.c.obj)
                0x0000000000011484                mpu_config
 .rodata.mpu_regions
                0x000000000001148c       0x20 zephyr/arch/arch/arm/core/mpu/libarch__arm__core__mpu.a(arm_mpu_regions.c.obj)
 .rodata.clock_control_api
                0x00000000000114ac       0x1c zephyr/drivers/clock_control/libdrivers__clock_control.a(clock_control_nrf.c.obj)
 .rodata.config
                0x00000000000114c8       0x30 zephyr/drivers/clock_control/libdrivers__clock_control.a(clock_control_nrf.c.obj)
 .rodata.transitions.12121
                0x00000000000114f8        0xc zephyr/drivers/clock_control/libdrivers__clock_control.a(clock_control_nrf.c.obj)
 .rodata.gpio_nrfx_drv_api_funcs
                0x0000000000011504       0x24 zephyr/drivers/gpio/libdrivers__gpio.a(gpio_nrfx.c.obj)
 .rodata.gpio_nrfx_p0_cfg
                0x0000000000011528       0x18 zephyr/drivers/gpio/libdrivers__gpio.a(gpio_nrfx.c.obj)
 .rodata.gpio_nrfx_p1_cfg
                0x0000000000011540       0x18 zephyr/drivers/gpio/libdrivers__gpio.a(gpio_nrfx.c.obj)
 .rodata.mbox_nrf_driver_api
                0x0000000000011558       0x14 zephyr/drivers/mbox/libdrivers__mbox.a(mbox_nrfx_ipc.c.obj)
 .rodata.__pinctrl_dev_config__device_dts_ord_115
                0x000000000001156c        0xc zephyr/drivers/serial/libdrivers__serial.a(uart_nrfx_uarte.c.obj)
 .rodata.__pinctrl_state_pins_0__device_dts_ord_115
                0x0000000000011578       0x10 zephyr/drivers/serial/libdrivers__serial.a(uart_nrfx_uarte.c.obj)
 .rodata.__pinctrl_states__device_dts_ord_115
                0x0000000000011588        0x8 zephyr/drivers/serial/libdrivers__serial.a(uart_nrfx_uarte.c.obj)
 .rodata.uart_nrfx_uarte_driver_api
                0x0000000000011590        0xc zephyr/drivers/serial/libdrivers__serial.a(uart_nrfx_uarte.c.obj)
 .rodata.uarte_0z_config
                0x000000000001159c       0x10 zephyr/drivers/serial/libdrivers__serial.a(uart_nrfx_uarte.c.obj)
 .rodata.__compound_literal.0
                0x00000000000115ac        0x8 zephyr/drivers/spi/libdrivers__spi.a(spi_nrfx_spim.c.obj)
 .rodata.__compound_literal.1
                0x00000000000115b4        0x8 zephyr/drivers/spi/libdrivers__spi.a(spi_nrfx_spim.c.obj)
 .rodata.__pinctrl_dev_config__device_dts_ord_138
                0x00000000000115bc        0xc zephyr/drivers/spi/libdrivers__spi.a(spi_nrfx_spim.c.obj)
 .rodata.__pinctrl_dev_config__device_dts_ord_140
                0x00000000000115c8        0xc zephyr/drivers/spi/libdrivers__spi.a(spi_nrfx_spim.c.obj)
 .rodata.__pinctrl_state_pins_0__device_dts_ord_138
                0x00000000000115d4        0xc zephyr/drivers/spi/libdrivers__spi.a(spi_nrfx_spim.c.obj)
 .rodata.__pinctrl_state_pins_0__device_dts_ord_140
                0x00000000000115e0        0xc zephyr/drivers/spi/libdrivers__spi.a(spi_nrfx_spim.c.obj)
 .rodata.__pinctrl_states__device_dts_ord_138
                0x00000000000115ec        0x8 zephyr/drivers/spi/libdrivers__spi.a(spi_nrfx_spim.c.obj)
 .rodata.__pinctrl_states__device_dts_ord_140
                0x00000000000115f4        0x8 zephyr/drivers/spi/libdrivers__spi.a(spi_nrfx_spim.c.obj)
 .rodata.spi_1z_config
                0x00000000000115fc       0x4c zephyr/drivers/spi/libdrivers__spi.a(spi_nrfx_spim.c.obj)
 .rodata.spi_4z_config
                0x0000000000011648       0x4c zephyr/drivers/spi/libdrivers__spi.a(spi_nrfx_spim.c.obj)
 .rodata.spi_nrfx_driver_api