Archive member included to satisfy reference by file (symbol)

app/libapp.a(main.c.obj)      (--whole-archive)
app/libapp.a(Accelero_instance.c.obj)
                              (--whole-archive)
app/libapp.a(LIS302DL.c.obj)  (--whole-archive)
zephyr/libzephyr.a(cbprintf_packaged.c.obj)
                              (--whole-archive)
zephyr/libzephyr.a(dec.c.obj)
                              (--whole-archive)
zephyr/libzephyr.a(hex.c.obj)
                              (--whole-archive)
zephyr/libzephyr.a(printk.c.obj)
                              (--whole-archive)
zephyr/libzephyr.a(rb.c.obj)  (--whole-archive)
zephyr/libzephyr.a(sem.c.obj)
                              (--whole-archive)
zephyr/libzephyr.a(thread_entry.c.obj)
                              (--whole-archive)
zephyr/libzephyr.a(timeutil.c.obj)
                              (--whole-archive)
zephyr/libzephyr.a(heap.c.obj)
                              (--whole-archive)
zephyr/libzephyr.a(heap-validate.c.obj)
                              (--whole-archive)
zephyr/libzephyr.a(bitarray.c.obj)
                              (--whole-archive)
zephyr/libzephyr.a(multi_heap.c.obj)
                              (--whole-archive)
zephyr/libzephyr.a(onoff.c.obj)
                              (--whole-archive)
zephyr/libzephyr.a(notify.c.obj)
                              (--whole-archive)
zephyr/libzephyr.a(cbprintf_complete.c.obj)
                              (--whole-archive)
zephyr/libzephyr.a(assert.c.obj)
                              (--whole-archive)
zephyr/libzephyr.a(mpsc_pbuf.c.obj)
                              (--whole-archive)
zephyr/libzephyr.a(configs.c.obj)
                              (--whole-archive)
zephyr/libzephyr.a(log_core.c.obj)
                              (--whole-archive)
zephyr/libzephyr.a(log_mgmt.c.obj)
                              (--whole-archive)
zephyr/libzephyr.a(log_cache.c.obj)
                              (--whole-archive)
zephyr/libzephyr.a(log_msg.c.obj)
                              (--whole-archive)
zephyr/libzephyr.a(log_output.c.obj)
                              (--whole-archive)
zephyr/libzephyr.a(log_backend_uart.c.obj)
                              (--whole-archive)
zephyr/libzephyr.a(mem_attr.c.obj)
                              (--whole-archive)
zephyr/libzephyr.a(tracing_none.c.obj)
                              (--whole-archive)
zephyr/libzephyr.a(flash_map_partition_manager.c.obj)
                              (--whole-archive)
zephyr/arch/common/libarch__common.a(sw_isr_common.c.obj)
                              (--whole-archive)
zephyr/arch/arch/arm/core/libarch__arm__core.a(fatal.c.obj)
                              (--whole-archive)
zephyr/arch/arch/arm/core/libarch__arm__core.a(nmi.c.obj)
                              (--whole-archive)
zephyr/arch/arch/arm/core/libarch__arm__core.a(nmi_on_reset.S.obj)
                              (--whole-archive)
zephyr/arch/arch/arm/core/libarch__arm__core.a(tls.c.obj)
                              (--whole-archive)
zephyr/arch/arch/arm/core/cortex_m/libarch__arm__core__cortex_m.a(exc_exit.S.obj)
                              (--whole-archive)
zephyr/arch/arch/arm/core/cortex_m/libarch__arm__core__cortex_m.a(fault.c.obj)
                              (--whole-archive)
zephyr/arch/arch/arm/core/cortex_m/libarch__arm__core__cortex_m.a(fault_s.S.obj)
                              (--whole-archive)
zephyr/arch/arch/arm/core/cortex_m/libarch__arm__core__cortex_m.a(fpu.c.obj)
                              (--whole-archive)
zephyr/arch/arch/arm/core/cortex_m/libarch__arm__core__cortex_m.a(reset.S.obj)
                              (--whole-archive)
zephyr/arch/arch/arm/core/cortex_m/libarch__arm__core__cortex_m.a(scb.c.obj)
                              (--whole-archive)
zephyr/arch/arch/arm/core/cortex_m/libarch__arm__core__cortex_m.a(thread_abort.c.obj)
                              (--whole-archive)
zephyr/arch/arch/arm/core/cortex_m/libarch__arm__core__cortex_m.a(vector_table.S.obj)
                              (--whole-archive)
zephyr/arch/arch/arm/core/cortex_m/libarch__arm__core__cortex_m.a(swap.c.obj)
                              (--whole-archive)
zephyr/arch/arch/arm/core/cortex_m/libarch__arm__core__cortex_m.a(swap_helper.S.obj)
                              (--whole-archive)
zephyr/arch/arch/arm/core/cortex_m/libarch__arm__core__cortex_m.a(irq_manage.c.obj)
                              (--whole-archive)
zephyr/arch/arch/arm/core/cortex_m/libarch__arm__core__cortex_m.a(prep_c.c.obj)
                              (--whole-archive)
zephyr/arch/arch/arm/core/cortex_m/libarch__arm__core__cortex_m.a(thread.c.obj)
                              (--whole-archive)
zephyr/arch/arch/arm/core/cortex_m/libarch__arm__core__cortex_m.a(cpu_idle.S.obj)
                              (--whole-archive)
zephyr/arch/arch/arm/core/cortex_m/libarch__arm__core__cortex_m.a(irq_init.c.obj)
                              (--whole-archive)
[...]
Memory Configuration

Name             Origin             Length             Attributes
FLASH            0x0000000000008000 0x00000000000f8000 xr
RAM              0x0000000020008000 0x0000000000068000 xw
IDT_LIST         0x00000000ffff7fff 0x0000000000008000 xw
*default*        0x0000000000000000 0xffffffffffffffff

Linker script and memory map

                0x000000000000ed84                vfprintf = __d_vfprintf
                0x0000000000000000                vfscanf = __d_vfscanf
LOAD zephyr/CMakeFiles/zephyr_pre0.dir/misc/empty_file.c.obj
LOAD zephyr/CMakeFiles/offsets.dir/./arch/arm/core/offsets/offsets.c.obj
LOAD tfm/api_ns/interface/lib/s_veneers.o
LOAD app/libapp.a
LOAD zephyr/libzephyr.a
LOAD zephyr/arch/common/libarch__common.a
LOAD zephyr/arch/arch/arm/core/libarch__arm__core.a
LOAD zephyr/arch/arch/arm/core/cortex_m/libarch__arm__core__cortex_m.a
LOAD zephyr/arch/arch/arm/core/cortex_m/cmse/libarch__arm__core__cortex_m__cmse.a
LOAD zephyr/arch/arch/arm/core/mpu/libarch__arm__core__mpu.a
LOAD zephyr/lib/libc/picolibc/liblib__libc__picolibc.a
LOAD zephyr/lib/libc/common/liblib__libc__common.a
LOAD zephyr/soc/soc/arm/nordic_nrf/libsoc__arm__nordic_nrf.a
LOAD zephyr/drivers/clock_control/libdrivers__clock_control.a
LOAD zephyr/drivers/console/libdrivers__console.a
LOAD zephyr/drivers/gpio/libdrivers__gpio.a
LOAD zephyr/drivers/mbox/libdrivers__mbox.a
LOAD zephyr/drivers/pinctrl/libdrivers__pinctrl.a
LOAD zephyr/drivers/serial/libdrivers__serial.a
LOAD zephyr/drivers/spi/libdrivers__spi.a
LOAD zephyr/drivers/timer/libdrivers__timer.a
LOAD modules/nrf/subsys/nrf_security/src/zephyr/libmbedtls_zephyr.a
LOAD modules/nrf/modules/trusted-firmware-m/lib..__nrf__modules__trusted-firmware-m.a
LOAD modules/nrf/modules/trusted-firmware-m/libtfm_api_nrf.a
LOAD modules/trusted-firmware-m/libtfm_api.a
LOAD modules/hal_nordic/nrfx/libmodules__hal_nordic__nrfx.a
LOAD zephyr/kernel/libkernel.a
LOAD /root/zephyr-sdk-0.17.0/arm-zephyr-eabi/bin/../lib/gcc/arm-zephyr-eabi/12.2.0/thumb/v8-m.main/nofp/libgcc.a
LOAD zephyr/arch/common/libisr_tables.a
LOAD modules/nrf/subsys/nrf_security/src/libmbedcrypto.a
LOAD /root/ncs/nrfxlib/crypto/nrf_oberon/lib/cortex-m33/soft-float/liboberon_mbedtls_3.0.14.a
LOAD modules/nrf/subsys/nrf_security/src/libmbedcrypto_base.a
LOAD /root/ncs/nrfxlib/crypto/nrf_oberon/lib/cortex-m33/soft-float/liboberon_3.0.14.a
LOAD /root/zephyr-sdk-0.17.0/arm-zephyr-eabi/bin/../lib/gcc/../../picolibc/arm-zephyr-eabi/lib/thumb/v8-m.main/nofp/libc.a
LOAD /root/zephyr-sdk-0.17.0/arm-zephyr-eabi/bin/../lib/gcc/arm-zephyr-eabi/12.2.0/thumb/v8-m.main/nofp/libgcc.a
                0x0000000000000020                _region_min_align = 0x20

.rel.plt        0x0000000000008000        0x0
 *(SORT_BY_ALIGNMENT(.rel.plt))
                [!provide]                        PROVIDE (__rel_iplt_start = .)
 *(SORT_BY_ALIGNMENT(.rel.iplt))
 .rel.iplt      0x0000000000008000        0x0 app/libapp.a(main.c.obj)
                [!provide]                        PROVIDE (__rel_iplt_end = .)

.rela.plt       0x0000000000000000        0x0
 *(SORT_BY_ALIGNMENT(.rela.plt))
                [!provide]                        PROVIDE (__rela_iplt_start = .)
 *(SORT_BY_ALIGNMENT(.rela.iplt))
                [!provide]                        PROVIDE (__rela_iplt_end = .)

.rel.dyn
 *(SORT_BY_ALIGNMENT(.rel.*))

.rela.dyn
 *(SORT_BY_ALIGNMENT(.rela.*))

/DISCARD/
 *(SORT_BY_ALIGNMENT(.plt))

/DISCARD/
 *(SORT_BY_ALIGNMENT(.iplt))
                0x0000000000008000                __rom_region_start = 0x8000

rom_start       0x0000000000008000      0x154
                0x0000000000008000                __rom_start_address = .
 FILL mask 0x00
                0x0000000000008000                . = (. + (0x0 - (. - __rom_start_address)))
                0x0000000000008000                . = ALIGN (0x4)
                0x0000000000008000                . = ALIGN (0x80)
                0x0000000000008000                . = ALIGN (0x200)
                0x0000000000008000                _vector_start = .
 *(SORT_BY_ALIGNMENT(.exc_vector_table))
 *(SORT_BY_ALIGNMENT(.exc_vector_table.*))
 .exc_vector_table._vector_table_section
                0x0000000000008000       0x40 zephyr/arch/arch/arm/core/cortex_m/libarch__arm__core__cortex_m.a(vector_table.S.obj)
                0x0000000000008000                _vector_table
 *(SORT_BY_ALIGNMENT(.vectors))
                0x0000000000008154                _vector_end = .
                0x0000000000008040                . = ALIGN (0x4)
 *(SORT_BY_ALIGNMENT(.gnu.linkonce.irq_vector_table*))
 .gnu.linkonce.irq_vector_table
                0x0000000000008040      0x114 zephyr/arch/common/libisr_tables.a(isr_tables.c.obj)
                0x0000000000008040                _irq_vector_table
                0x0000000000008154                _vector_end = .

text            0x0000000000008154     0x97e8
                0x0000000000008154                __text_region_start = .
 *(SORT_BY_ALIGNMENT(.text))
 .text          0x0000000000008154       0x30 /root/zephyr-sdk-0.17.0/arm-zephyr-eabi/bin/../lib/gcc/arm-zephyr-eabi/12.2.0/thumb/v8-m.main/nofp/libgcc.a(_aeabi_uldivmod.o)
                0x0000000000008154                __aeabi_uldivmod
 .text          0x0000000000008184        0x4 /root/zephyr-sdk-0.17.0/arm-zephyr-eabi/bin/../lib/gcc/arm-zephyr-eabi/12.2.0/thumb/v8-m.main/nofp/libgcc.a(_dvmd_tls.o)
                0x0000000000008184                __aeabi_ldiv0
                0x0000000000008184                __aeabi_idiv0
 .text          0x0000000000008188      0x29c /root/zephyr-sdk-0.17.0/arm-zephyr-eabi/bin/../lib/gcc/arm-zephyr-eabi/12.2.0/thumb/v8-m.main/nofp/libgcc.a(_udivmoddi4.o)
                0x0000000000008188                __udivmoddi4
 .text          0x0000000000008424       0x10 /root/zephyr-sdk-0.17.0/arm-zephyr-eabi/bin/../lib/gcc/../../picolibc/arm-zephyr-eabi/lib/thumb/v8-m.main/nofp/libc.a(strlen.S.o)
                0x0000000000008424                strlen
 *(SORT_BY_ALIGNMENT(.text.*))
 .text.main     0x0000000000008434       0x68 app/libapp.a(main.c.obj)
                0x0000000000008434                main
 .text.ACCELERO_IO_Read
                0x000000000000849c       0x50 app/libapp.a(Accelero_instance.c.obj)
                0x000000000000849c                ACCELERO_IO_Read
 .text.ACCELERO_IO_Write
                0x00000000000084ec       0x40 app/libapp.a(Accelero_instance.c.obj)
                0x00000000000084ec                ACCELERO_IO_Write
 .text.LIS302DL_Init
                0x000000000000852c       0x30 app/libapp.a(LIS302DL.c.obj)
                0x000000000000852c                LIS302DL_Init
 .text.cbvprintf_package
                0x000000000000855c      0x3a4 zephyr/libzephyr.a(cbprintf_packaged.c.obj)
                0x000000000000855c                cbvprintf_package
 .text.cbprintf_package_convert
                0x0000000000008900      0x3b4 zephyr/libzephyr.a(cbprintf_packaged.c.obj)
                0x0000000000008900                cbprintf_package_convert
 .text.__printk_hook_install
                0x0000000000008cb4        0xc zephyr/libzephyr.a(printk.c.obj)
                0x0000000000008cb4                __printk_hook_install
 .text.z_thread_entry
                0x0000000000008cc0       0x34 zephyr/libzephyr.a(thread_entry.c.obj)
                0x0000000000008cc0                z_thread_entry
 .text.process_event
                0x0000000000008cf4      0x21c zephyr/libzephyr.a(onoff.c.obj)
 .text.activate_foreach_backend
                0x0000000000008f10       0x64 zephyr/libzephyr.a(log_core.c.obj)
 .text.enable_logger
                0x0000000000008f74       0x5c zephyr/libzephyr.a(log_core.c.obj)
 .text.log_process_thread_timer_expiry_fn
                0x0000000000008fd0        0xc zephyr/libzephyr.a(log_core.c.obj)
 .text.z_log_init
                0x0000000000008fdc       0x90 zephyr/libzephyr.a(log_core.c.obj)
 .text.log_format_func_t_get
                0x000000000000906c        0xc zephyr/libzephyr.a(log_core.c.obj)
                0x000000000000906c                log_format_func_t_get
 .text.log_set_timestamp_func
                0x0000000000009078       0x20 zephyr/libzephyr.a(log_core.c.obj)
                0x0000000000009078                log_set_timestamp_func
 .text.z_log_notify_backend_enabled
                0x0000000000009098       0x1c zephyr/libzephyr.a(log_core.c.obj)
                0x0000000000009098                z_log_notify_backend_enabled
 .text.z_log_dropped
                0x00000000000090b4       0x28 zephyr/libzephyr.a(log_core.c.obj)
                0x00000000000090b4                z_log_dropped
 .text.z_log_dropped_read_and_clear
                0x00000000000090dc       0x18 zephyr/libzephyr.a(log_core.c.obj)
                0x00000000000090dc                z_log_dropped_read_and_clear
 .text.dropped_notify
                0x00000000000090f4       0x30 zephyr/libzephyr.a(log_core.c.obj)
                0x00000000000090f4                dropped_notify
 .text.z_log_msg_init
                0x0000000000009124       0x20 zephyr/libzephyr.a(log_core.c.obj)
                0x0000000000009124                z_log_msg_init
 .text.log_core_init
                0x0000000000009144       0x34 zephyr/libzephyr.a(log_core.c.obj)
                0x0000000000009144                log_core_init
 .text.z_log_msg_alloc
                0x0000000000009178       0x10 zephyr/libzephyr.a(log_core.c.obj)
                0x0000000000009178                z_log_msg_alloc
 .text.z_log_msg_local_claim
                0x0000000000009188        0xc zephyr/libzephyr.a(log_core.c.obj)
                0x0000000000009188                z_log_msg_local_claim
 .text.z_log_msg_free
                0x0000000000009194       0x10 zephyr/libzephyr.a(log_core.c.obj)
                0x0000000000009194                z_log_msg_free
 .text.z_log_msg_pending
                0x00000000000091a4        0xc zephyr/libzephyr.a(log_core.c.obj)
                0x00000000000091a4                z_log_msg_pending
 .text.z_impl_log_process
                0x00000000000091b0       0xb4 zephyr/libzephyr.a(log_core.c.obj)
                0x00000000000091b0                z_impl_log_process
 .text.z_impl_log_panic
                0x0000000000009264       0x44 zephyr/libzephyr.a(log_core.c.obj)
                0x0000000000009264                z_impl_log_panic
 .text.log_process_thread_func
                0x00000000000092a8       0xa4 zephyr/libzephyr.a(log_core.c.obj)
 .text.z_log_msg_post_finalize
                0x000000000000934c       0x78 zephyr/libzephyr.a(log_core.c.obj)
 .text.z_log_msg_commit
                0x00000000000093c4       0x24 zephyr/libzephyr.a(log_core.c.obj)
                0x00000000000093c4                z_log_msg_commit
 .text.log_source_name_get
                0x00000000000093e8       0x1c zephyr/libzephyr.a(log_mgmt.c.obj)
                0x00000000000093e8                log_source_name_get
 .text.log_backend_enable
                0x0000000000009404       0x28 zephyr/libzephyr.a(log_mgmt.c.obj)
                0x0000000000009404                log_backend_enable
 .text.z_impl_z_log_msg_static_create
                0x000000000000942c      0x108 zephyr/libzephyr.a(log_msg.c.obj)
                0x000000000000942c                z_impl_z_log_msg_static_create
 .text.z_log_msg_runtime_vcreate
                0x0000000000009534       0x8c zephyr/libzephyr.a(log_msg.c.obj)
                0x0000000000009534                z_log_msg_runtime_vcreate
 .text.print_formatted
                0x00000000000095c0       0x24 zephyr/libzephyr.a(log_output.c.obj)
 .text.newline_print
                0x00000000000095e4       0x1c zephyr/libzephyr.a(log_output.c.obj)
 .text.log_output_process
                0x0000000000009600      0x2a4 zephyr/libzephyr.a(log_output.c.obj)
                0x0000000000009600                log_output_process
 .text.log_output_msg_process
                0x00000000000098a4       0x70 zephyr/libzephyr.a(log_output.c.obj)
                0x00000000000098a4                log_output_msg_process
 .text.log_output_dropped_process
                0x0000000000009914       0x58 zephyr/libzephyr.a(log_output.c.obj)
                0x0000000000009914                log_output_dropped_process
 .text.log_output_timestamp_freq_set
                0x000000000000996c       0x2c zephyr/libzephyr.a(log_output.c.obj)
                0x000000000000996c                log_output_timestamp_freq_set
 .text.char_out
                0x0000000000009998       0x24 zephyr/libzephyr.a(log_backend_uart.c.obj)
 .text.mem_attr_get_regions
                0x00000000000099bc        0xc zephyr/libzephyr.a(mem_attr.c.obj)
                0x00000000000099bc                mem_attr_get_regions
 .text.z_arm_fatal_error
                0x00000000000099c8       0xa0 zephyr/arch/arch/arm/core/libarch__arm__core.a(fatal.c.obj)
                0x00000000000099c8                z_arm_fatal_error
 .text.z_SysNmiOnReset
                0x0000000000009a68        0x8 zephyr/arch/arch/arm/core/libarch__arm__core.a(nmi_on_reset.S.obj)
                0x0000000000009a68                z_SysNmiOnReset
 .text.arch_tls_stack_setup
                0x0000000000009a70       0x5c zephyr/arch/arch/arm/core/libarch__arm__core.a(tls.c.obj)
                0x0000000000009a70                arch_tls_stack_setup
 .text._HandlerModeExit
                0x0000000000009acc       0x1c zephyr/arch/arch/arm/core/cortex_m/libarch__arm__core__cortex_m.a(exc_exit.S.obj)
                0x0000000000009acc                z_arm_exc_exit
                0x0000000000009acc                z_arm_int_exit
 .text.mem_manage_fault.constprop.0
                0x0000000000009ae8       0xd0 zephyr/arch/arch/arm/core/cortex_m/libarch__arm__core__cortex_m.a(fault.c.obj)
 .text.usage_fault.constprop.0
                0x0000000000009bb8       0xbc zephyr/arch/arch/arm/core/cortex_m/libarch__arm__core__cortex_m.a(fault.c.obj)
 .text.bus_fault.constprop.0
                0x0000000000009c74       0xd0 zephyr/arch/arch/arm/core/cortex_m/libarch__arm__core__cortex_m.a(fault.c.obj)
 .text.z_arm_fault
                0x0000000000009d44      0x1e0 zephyr/arch/arch/arm/core/cortex_m/libarch__arm__core__cortex_m.a(fault.c.obj)
                0x0000000000009d44                z_arm_fault
 .text.z_arm_fault_init
                0x0000000000009f24       0x18 zephyr/arch/arch/arm/core/cortex_m/libarch__arm__core__cortex_m.a(fault.c.obj)
                0x0000000000009f24                z_arm_fault_init
 .text.__fault  0x0000000000009f3c       0x14 zephyr/arch/arch/arm/core/cortex_m/libarch__arm__core__cortex_m.a(fault_s.S.obj)
                0x0000000000009f3c                z_arm_bus_fault
                0x0000000000009f3c                z_arm_usage_fault
                0x0000000000009f3c                z_arm_mpu_fault
                0x0000000000009f3c                z_arm_exc_spurious
                0x0000000000009f3c                z_arm_debug_monitor
                0x0000000000009f3c                z_arm_hard_fault
 .text._reset_section
                0x0000000000009f50       0x60 zephyr/arch/arch/arm/core/cortex_m/libarch__arm__core__cortex_m.a(reset.S.obj)
                0x0000000000009f50                z_arm_reset
                0x0000000000009f50                __start
 .text.z_arm_clear_arm_mpu_config
                0x0000000000009fb0       0x24 zephyr/arch/arch/arm/core/cortex_m/libarch__arm__core__cortex_m.a(scb.c.obj)
                0x0000000000009fb0                z_arm_clear_arm_mpu_config
 .text.z_arm_init_arch_hw_at_boot
                0x0000000000009fd4       0x4c zephyr/arch/arch/arm/core/cortex_m/libarch__arm__core__cortex_m.a(scb.c.obj)
                0x0000000000009fd4                z_arm_init_arch_hw_at_boot
 .text.z_impl_k_thread_abort
                0x000000000000a020       0x2c zephyr/arch/arch/arm/core/cortex_m/libarch__arm__core__cortex_m.a(thread_abort.c.obj)
                0x000000000000a020                z_impl_k_thread_abort
 .text.arch_swap
                0x000000000000a04c       0x30 zephyr/arch/arch/arm/core/cortex_m/libarch__arm__core__cortex_m.a(swap.c.obj)
                0x000000000000a04c                arch_swap
 .text.z_arm_pendsv
                0x000000000000a07c       0x70 zephyr/arch/arch/arm/core/cortex_m/libarch__arm__core__cortex_m.a(swap_helper.S.obj)
                0x000000000000a07c                z_arm_pendsv
 .text.z_arm_svc
                0x000000000000a0ec       0x20 zephyr/arch/arch/arm/core/cortex_m/libarch__arm__core__cortex_m.a(swap_helper.S.obj)
                0x000000000000a0ec                z_arm_svc
 .text.arch_irq_enable
                0x000000000000a10c       0x1c zephyr/arch/arch/arm/core/cortex_m/libarch__arm__core__cortex_m.a(irq_manage.c.obj)
                0x000000000000a10c                arch_irq_enable
 .text.arch_irq_disable
                0x000000000000a128       0x28 zephyr/arch/arch/arm/core/cortex_m/libarch__arm__core__cortex_m.a(irq_manage.c.obj)
                0x000000000000a128                arch_irq_disable
 .text.arch_irq_is_enabled
                0x000000000000a150       0x1c zephyr/arch/arch/arm/core/cortex_m/libarch__arm__core__cortex_m.a(irq_manage.c.obj)
                0x000000000000a150                arch_irq_is_enabled
 .text.z_arm_irq_priority_set
                0x000000000000a16c       0x2c zephyr/arch/arch/arm/core/cortex_m/libarch__arm__core__cortex_m.a(irq_manage.c.obj)
                0x000000000000a16c                z_arm_irq_priority_set
 .text.z_arm_prep_c
                0x000000000000a198       0x38 zephyr/arch/arch/arm/core/cortex_m/libarch__arm__core__cortex_m.a(prep_c.c.obj)
                0x000000000000a198                z_arm_prep_c
 .text.arch_new_thread
                0x000000000000a1d0       0x3c zephyr/arch/arch/arm/core/cortex_m/libarch__arm__core__cortex_m.a(thread.c.obj)
                0x000000000000a1d0                arch_new_thread
 .text.arch_switch_to_main_thread
                0x000000000000a20c       0x34 zephyr/arch/arch/arm/core/cortex_m/libarch__arm__core__cortex_m.a(thread.c.obj)
                0x000000000000a20c                arch_switch_to_main_thread
 .text.z_arm_cpu_idle_init
                0x000000000000a240        0xc zephyr/arch/arch/arm/core/cortex_m/libarch__arm__core__cortex_m.a(cpu_idle.S.obj)
                0x000000000000a240                z_arm_cpu_idle_init
 .text.arch_cpu_idle
                0x000000000000a24c       0x38 zephyr/arch/arch/arm/core/cortex_m/libarch__arm__core__cortex_m.a(cpu_idle.S.obj)
                0x000000000000a24c                arch_cpu_idle
 .text.arch_cpu_atomic_idle
                0x000000000000a284       0x34 zephyr/arch/arch/arm/core/cortex_m/libarch__arm__core__cortex_m.a(cpu_idle.S.obj)
                0x000000000000a284                arch_cpu_atomic_idle
 .text.z_arm_interrupt_init
                0x000000000000a2b8       0x18 zephyr/arch/arch/arm/core/cortex_m/libarch__arm__core__cortex_m.a(irq_init.c.obj)
                0x000000000000a2b8                z_arm_interrupt_init
 .text._isr_wrapper
                0x000000000000a2d0       0x28 zephyr/arch/arch/arm/core/cortex_m/libarch__arm__core__cortex_m.a(isr_wrapper.S.obj)
                0x000000000000a2d0                _isr_wrapper
 .text.z_arm_configure_static_mpu_regions
                0x000000000000a2f8       0x38 zephyr/arch/arch/arm/core/mpu/libarch__arm__core__mpu.a(arm_core_mpu.c.obj)
                0x000000000000a2f8                z_arm_configure_static_mpu_regions
 .text.region_init
                0x000000000000a330       0x34 zephyr/arch/arch/arm/core/mpu/libarch__arm__core__mpu.a(arm_mpu.c.obj)
 .text.region_allocate_and_init
                0x000000000000a364       0x28 zephyr/arch/arch/arm/core/mpu/libarch__arm__core__mpu.a(arm_mpu.c.obj)
 .text.mpu_configure_regions_and_partition.constprop.0
                0x000000000000a38c      0x164 zephyr/arch/arch/arm/core/mpu/libarch__arm__core__mpu.a(arm_mpu.c.obj)
 .text.arm_core_mpu_enable
                0x000000000000a4f0       0x18 zephyr/arch/arch/arm/core/mpu/libarch__arm__core__mpu.a(arm_mpu.c.obj)
                0x000000000000a4f0                arm_core_mpu_enable
 .text.arm_core_mpu_disable
                0x000000000000a508       0x14 zephyr/arch/arch/arm/core/mpu/libarch__arm__core__mpu.a(arm_mpu.c.obj)
                0x000000000000a508                arm_core_mpu_disable
 .text.arm_core_mpu_configure_static_mpu_regions
                0x000000000000a51c       0x14 zephyr/arch/arch/arm/core/mpu/libarch__arm__core__mpu.a(arm_mpu.c.obj)
                0x000000000000a51c                arm_core_mpu_configure_static_mpu_regions
 .text.arm_core_mpu_mark_areas_for_dynamic_regions
                0x000000000000a530       0xb8 zephyr/arch/arch/arm/core/mpu/libarch__arm__core__mpu.a(arm_mpu.c.obj)
                0x000000000000a530                arm_core_mpu_mark_areas_for_dynamic_regions
 .text.z_arm_mpu_init
                0x000000000000a5e8      0x108 zephyr/arch/arch/arm/core/mpu/libarch__arm__core__mpu.a(arm_mpu.c.obj)
                0x000000000000a5e8                z_arm_mpu_init
 .text.z_impl_zephyr_fputc
                0x000000000000a6f0       0x10 zephyr/lib/libc/picolibc/liblib__libc__picolibc.a(libc-hooks.c.obj)
                0x000000000000a6f0                z_impl_zephyr_fputc
 .text.__stdout_hook_install
                0x000000000000a700       0x18 zephyr/lib/libc/picolibc/liblib__libc__picolibc.a(libc-hooks.c.obj)
                0x000000000000a700                __stdout_hook_install
 .text.cbvprintf
                0x000000000000a718       0x38 zephyr/lib/libc/picolibc/liblib__libc__picolibc.a(libc-hooks.c.obj)
                0x000000000000a718                cbvprintf
 .text.malloc_prepare
                0x000000000000a750       0x24 zephyr/lib/libc/common/liblib__libc__common.a(malloc.c.obj)
 .text.rtc_pretick_init
                0x000000000000a774       0x60 zephyr/soc/soc/arm/nordic_nrf/libsoc__arm__nordic_nrf.a(soc.c.obj)
 .text.z_arm_on_enter_cpu_idle
                0x000000000000a7d4       0x68 zephyr/soc/soc/arm/nordic_nrf/libsoc__arm__nordic_nrf.a(soc.c.obj)
                0x000000000000a7d4                z_arm_on_enter_cpu_idle
 .text.arch_busy_wait
                0x000000000000a83c       0x24 zephyr/soc/soc/arm/nordic_nrf/libsoc__arm__nordic_nrf.a(soc.c.obj)
                0x000000000000a83c                arch_busy_wait
 .text.rtc_cb   0x000000000000a860       0x40 zephyr/soc/soc/arm/nordic_nrf/libsoc__arm__nordic_nrf.a(sync_rtc.c.obj)
 .text.sync_rtc_setup
                0x000000000000a8a0       0xbc zephyr/soc/soc/arm/nordic_nrf/libsoc__arm__nordic_nrf.a(sync_rtc.c.obj)
 .text.mbox_callback
                0x000000000000a95c       0x80 zephyr/soc/soc/arm/nordic_nrf/libsoc__arm__nordic_nrf.a(sync_rtc.c.obj)
 .text.z_arm_platform_init
                0x000000000000a9dc        0x4 zephyr/soc/soc/arm/nordic_nrf/libsoc__arm__nordic_nrf.a(soc_nrf_common.S.obj)
                0x000000000000a9dc                z_arm_platform_init
 .text.onoff_stop
                0x000000000000a9e0       0x30 zephyr/drivers/clock_control/libdrivers__clock_control.a(clock_control_nrf.c.obj)
 .text.onoff_start
                0x000000000000aa10       0x44 zephyr/drivers/clock_control/libdrivers__clock_control.a(clock_control_nrf.c.obj)
 .text.clk_init
                0x000000000000aa54       0x64 zephyr/drivers/clock_control/libdrivers__clock_control.a(clock_control_nrf.c.obj)
 .text.clkstarted_handle.constprop.0
                0x000000000000aab8       0x34 zephyr/drivers/clock_control/libdrivers__clock_control.a(clock_control_nrf.c.obj)
 .text.clock_event_handler
                0x000000000000aaec       0x30 zephyr/drivers/clock_control/libdrivers__clock_control.a(clock_control_nrf.c.obj)
 .text.generic_hfclk_start
                0x000000000000ab1c       0x64 zephyr/drivers/clock_control/libdrivers__clock_control.a(clock_control_nrf.c.obj)
 .text.api_blocking_start
                0x000000000000ab80       0x34 zephyr/drivers/clock_control/libdrivers__clock_control.a(clock_control_nrf.c.obj)
 .text.generic_hfclk_stop
                0x000000000000abb4       0x34 zephyr/drivers/clock_control/libdrivers__clock_control.a(clock_control_nrf.c.obj)
 .text.z_nrf_clock_control_lf_on
                0x000000000000abe8       0xf8 zephyr/drivers/clock_control/libdrivers__clock_control.a(clock_control_nrf.c.obj)
                0x000000000000abe8                z_nrf_clock_control_lf_on
 .text.uart_console_init
                0x000000000000ace0       0x28 zephyr/drivers/console/libdrivers__console.a(uart_console.c.obj)
 .text.console_out
                0x000000000000ad08       0x28 zephyr/drivers/console/libdrivers__console.a(uart_console.c.obj)
 .text.gpio_nrfx_pin_interrupt_configure
                0x000000000000ad30      0x100 zephyr/drivers/gpio/libdrivers__gpio.a(gpio_nrfx.c.obj)
 .text.gpio_nrfx_init
                0x000000000000ae30       0x48 zephyr/drivers/gpio/libdrivers__gpio.a(gpio_nrfx.c.obj)
 .text.nrfx_gpio_handler
                0x000000000000ae78       0x4c zephyr/drivers/gpio/libdrivers__gpio.a(gpio_nrfx.c.obj)
 .text.gpio_nrfx_pin_configure
                0x000000000000aec4      0x18c zephyr/drivers/gpio/libdrivers__gpio.a(gpio_nrfx.c.obj)
 .text.mbox_nrf_init
                0x000000000000b050       0x9c zephyr/drivers/mbox/libdrivers__mbox.a(mbox_nrfx_ipc.c.obj)
 .text.mbox_nrf_set_enabled
                0x000000000000b0ec       0x94 zephyr/drivers/mbox/libdrivers__mbox.a(mbox_nrfx_ipc.c.obj)
 .text.mbox_nrf_send
                0x000000000000b180       0x44 zephyr/drivers/mbox/libdrivers__mbox.a(mbox_nrfx_ipc.c.obj)
 .text.mbox_dispatcher
                0x000000000000b1c4       0x60 zephyr/drivers/mbox/libdrivers__mbox.a(mbox_nrfx_ipc.c.obj)
 .text.nrf_gpio_pin_port_decode
                0x000000000000b224       0x24 zephyr/drivers/pinctrl/libdrivers__pinctrl.a(pinctrl_nrf.c.obj)
 .text.pinctrl_configure_pins
                0x000000000000b248      0x184 zephyr/drivers/pinctrl/libdrivers__pinctrl.a(pinctrl_nrf.c.obj)
                0x000000000000b248                pinctrl_configure_pins
 .text.uarte_0_init
                0x000000000000b3cc      0x27c zephyr/drivers/serial/libdrivers__serial.a(uart_nrfx_uarte.c.obj)
 .text.uarte_nrfx_poll_out
                0x000000000000b648       0xcc zephyr/drivers/serial/libdrivers__serial.a(uart_nrfx_uarte.c.obj)
 .text.spi_nrfx_init
                0x000000000000b714      0x120 zephyr/drivers/spi/libdrivers__spi.a(spi_nrfx_spim.c.obj)
 .text.transfer_next_chunk
                0x000000000000b834       0xd0 zephyr/drivers/spi/libdrivers__spi.a(spi_nrfx_spim.c.obj)
 .text.event_handler
                0x000000000000b904       0xdc zephyr/drivers/spi/libdrivers__spi.a(spi_nrfx_spim.c.obj)
 .text.spi_nrfx_transceive
                0x000000000000b9e0      0x430 zephyr/drivers/spi/libdrivers__spi.a(spi_nrfx_spim.c.obj)
 .text.nrf_gpio_cfg_input
                0x000000000000be10       0x40 zephyr/drivers/spi/libdrivers__spi.a(spi_nrfx_common.c.obj)
 .text.spi_nrfx_wake_init
                0x000000000000be50       0x60 zephyr/drivers/spi/libdrivers__spi.a(spi_nrfx_common.c.obj)
                0x000000000000be50                spi_nrfx_wake_init
 .text.compare_int_lock
                0x000000000000beb0       0x40 zephyr/drivers/timer/libdrivers__timer.a(nrf_rtc_timer.c.obj)
 .text.sys_clock_timeout_handler
                0x000000000000bef0       0x48 zephyr/drivers/timer/libdrivers__timer.a(nrf_rtc_timer.c.obj)
 .text.compare_int_unlock
                0x000000000000bf38       0x4c zephyr/drivers/timer/libdrivers__timer.a(nrf_rtc_timer.c.obj)
 .text.z_nrf_rtc_timer_compare_evt_address_get
                0x000000000000bf84       0x10 zephyr/drivers/timer/libdrivers__timer.a(nrf_rtc_timer.c.obj)
                0x000000000000bf84                z_nrf_rtc_timer_compare_evt_address_get
 .text.z_nrf_rtc_timer_compare_read
                0x000000000000bf94       0x10 zephyr/drivers/timer/libdrivers__timer.a(nrf_rtc_timer.c.obj)
                0x000000000000bf94                z_nrf_rtc_timer_compare_read
 .text.z_nrf_rtc_timer_read
                0x000000000000bfa4       0x44 zephyr/drivers/timer/libdrivers__timer.a(nrf_rtc_timer.c.obj)
                0x000000000000bfa4                z_nrf_rtc_timer_read
 .text.compare_set
                0x000000000000bfe8      0x124 zephyr/drivers/timer/libdrivers__timer.a(nrf_rtc_timer.c.obj)
 .text.sys_clock_driver_init
                0x000000000000c10c       0xa4 zephyr/drivers/timer/libdrivers__timer.a(nrf_rtc_timer.c.obj)
 .text.rtc_nrf_isr
                0x000000000000c1b0      0x100 zephyr/drivers/timer/libdrivers__timer.a(nrf_rtc_timer.c.obj)
                0x000000000000c1b0                rtc_nrf_isr
 .text.z_nrf_rtc_timer_chan_alloc
                0x000000000000c2b0       0x3c zephyr/drivers/timer/libdrivers__timer.a(nrf_rtc_timer.c.obj)
                0x000000000000c2b0                z_nrf_rtc_timer_chan_alloc
 .text.z_nrf_rtc_timer_chan_free
                0x000000000000c2ec       0x1c zephyr/drivers/timer/libdrivers__timer.a(nrf_rtc_timer.c.obj)
                0x000000000000c2ec                z_nrf_rtc_timer_chan_free
 .text.sys_clock_set_timeout
                0x000000000000c308       0x5c zephyr/drivers/timer/libdrivers__timer.a(nrf_rtc_timer.c.obj)
                0x000000000000c308                sys_clock_set_timeout
 .text.sys_clock_elapsed
                0x000000000000c364       0x14 zephyr/drivers/timer/libdrivers__timer.a(nrf_rtc_timer.c.obj)
                0x000000000000c364                sys_clock_elapsed
 .text.ns_fault_init
                0x000000000000c378       0x30 modules/nrf/modules/trusted-firmware-m/lib..__nrf__modules__trusted-firmware-m.a(fault.c.obj)
 .text.arm_fault
                0x000000000000c3a8      0x24c modules/nrf/modules/trusted-firmware-m/lib..__nrf__modules__trusted-firmware-m.a(fault.c.obj)
                0x000000000000c3a8                arm_fault
 .text.tfm_ns_fault_handler_callback
                0x000000000000c5f4       0x48 modules/nrf/modules/trusted-firmware-m/lib..__nrf__modules__trusted-firmware-m.a(fault.c.obj)
                0x000000000000c5f4                tfm_ns_fault_handler_callback
 .text.tfm_ns_interface_dispatch
                0x000000000000c63c       0x68 modules/trusted-firmware-m/libtfm_api.a(interface.c.obj)
                0x000000000000c63c                tfm_ns_interface_dispatch
 .text.tfm_platform_ioctl
                0x000000000000c6a4       0x4c modules/trusted-firmware-m/libtfm_api.a(tfm_platform_api.c.obj)
                0x000000000000c6a4                tfm_platform_ioctl
 .text.psa_call
                0x000000000000c6f0       0x34 modules/trusted-firmware-m/libtfm_api.a(tfm_tz_psa_ns_api.c.obj)
                0x000000000000c6f0                psa_call
 .text.nrfx_flag32_alloc
                0x000000000000c724       0x40 modules/hal_nordic/nrfx/libmodules__hal_nordic__nrfx.a(nrfx_flag32_allocator.c.obj)
                0x000000000000c724                nrfx_flag32_alloc
 .text.nrfx_flag32_free
                0x000000000000c764       0x38 modules/hal_nordic/nrfx/libmodules__hal_nordic__nrfx.a(nrfx_flag32_allocator.c.obj)
                0x000000000000c764                nrfx_flag32_free
 .text.nrfx_gppi_channels_enable
                0x000000000000c79c        0xc modules/hal_nordic/nrfx/libmodules__hal_nordic__nrfx.a(nrfx_gppi_dppi.c.obj)
                0x000000000000c79c                nrfx_gppi_channels_enable
 .text.nrfx_gppi_channels_disable
                0x000000000000c7a8        0xc modules/hal_nordic/nrfx/libmodules__hal_nordic__nrfx.a(nrfx_gppi_dppi.c.obj)
                0x000000000000c7a8                nrfx_gppi_channels_disable
 .text.clock_stop
                0x000000000000c7b4      0x158 modules/hal_nordic/nrfx/libmodules__hal_nordic__nrfx.a(nrfx_clock.c.obj)
 .text.nrfx_clock_init
                0x000000000000c90c       0x20 modules/hal_nordic/nrfx/libmodules__hal_nordic__nrfx.a(nrfx_clock.c.obj)
                0x000000000000c90c                nrfx_clock_init
 .text.nrfx_clock_enable
                0x000000000000c92c       0x30 modules/hal_nordic/nrfx/libmodules__hal_nordic__nrfx.a(nrfx_clock.c.obj)
                0x000000000000c92c                nrfx_clock_enable
 .text.nrfx_clock_start
                0x000000000000c95c       0xd8 modules/hal_nordic/nrfx/libmodules__hal_nordic__nrfx.a(nrfx_clock.c.obj)
                0x000000000000c95c                nrfx_clock_start
 .text.nrfx_power_clock_irq_handler
                0x000000000000ca34       0xac modules/hal_nordic/nrfx/libmodules__hal_nordic__nrfx.a(nrfx_clock.c.obj)
                0x000000000000ca34                nrfx_power_clock_irq_handler
 .text.nrfx_dppi_channel_alloc
                0x000000000000cae0        0xc modules/hal_nordic/nrfx/libmodules__hal_nordic__nrfx.a(nrfx_dppi.c.obj)
                0x000000000000cae0                nrfx_dppi_channel_alloc
 .text.nrfx_dppi_channel_free
                0x000000000000caec       0x1c modules/hal_nordic/nrfx/libmodules__hal_nordic__nrfx.a(nrfx_dppi.c.obj)
                0x000000000000caec                nrfx_dppi_channel_free
 .text.nrf_gpio_pin_port_decode
                0x000000000000cb08       0x24 modules/hal_nordic/nrfx/libmodules__hal_nordic__nrfx.a(nrfx_gpiote.c.obj)
 .text.get_pin_idx
                0x000000000000cb2c       0x14 modules/hal_nordic/nrfx/libmodules__hal_nordic__nrfx.a(nrfx_gpiote.c.obj)
 .text.release_handler
                0x000000000000cb40       0x70 modules/hal_nordic/nrfx/libmodules__hal_nordic__nrfx.a(nrfx_gpiote.c.obj)
 .text.latch_pending_read_and_check
                0x000000000000cbb0       0x3c modules/hal_nordic/nrfx/libmodules__hal_nordic__nrfx.a(nrfx_gpiote.c.obj)
 .text.pin_te_get.isra.0
                0x000000000000cbec       0x20 modules/hal_nordic/nrfx/libmodules__hal_nordic__nrfx.a(nrfx_gpiote.c.obj)
 .text.pin_is_output.isra.0
                0x000000000000cc0c       0x24 modules/hal_nordic/nrfx/libmodules__hal_nordic__nrfx.a(nrfx_gpiote.c.obj)
 .text.pin_in_use_by_te.isra.0
                0x000000000000cc30       0x24 modules/hal_nordic/nrfx/libmodules__hal_nordic__nrfx.a(nrfx_gpiote.c.obj)
 .text.__nrfy_internal_gpiote_events_process.constprop.0
                0x000000000000cc54       0x5c modules/hal_nordic/nrfx/libmodules__hal_nordic__nrfx.a(nrfx_gpiote.c.obj)
 .text.irq_handler.constprop.0
                0x000000000000ccb0      0x1a8 modules/hal_nordic/nrfx/libmodules__hal_nordic__nrfx.a(nrfx_gpiote.c.obj)
 .text.pin_uninit
                0x000000000000ce58       0xa4 modules/hal_nordic/nrfx/libmodules__hal_nordic__nrfx.a(nrfx_gpiote.c.obj)
 .text.nrfx_gpiote_input_configure
                0x000000000000cefc      0x1ec modules/hal_nordic/nrfx/libmodules__hal_nordic__nrfx.a(nrfx_gpiote.c.obj)
                0x000000000000cefc                nrfx_gpiote_input_configure
 .text.nrfx_gpiote_output_configure
                0x000000000000d0e8      0x138 modules/hal_nordic/nrfx/libmodules__hal_nordic__nrfx.a(nrfx_gpiote.c.obj)
                0x000000000000d0e8                nrfx_gpiote_output_configure
 .text.nrfx_gpiote_global_callback_set
                0x000000000000d220       0x1c modules/hal_nordic/nrfx/libmodules__hal_nordic__nrfx.a(nrfx_gpiote.c.obj)
                0x000000000000d220                nrfx_gpiote_global_callback_set
 .text.nrfx_gpiote_channel_get
                0x000000000000d23c       0x3c modules/hal_nordic/nrfx/libmodules__hal_nordic__nrfx.a(nrfx_gpiote.c.obj)
                0x000000000000d23c                nrfx_gpiote_channel_get
 .text.nrfx_gpiote_init
                0x000000000000d278       0x80 modules/hal_nordic/nrfx/libmodules__hal_nordic__nrfx.a(nrfx_gpiote.c.obj)
                0x000000000000d278                nrfx_gpiote_init
 .text.nrfx_gpiote_init_check
                0x000000000000d2f8       0x1c modules/hal_nordic/nrfx/libmodules__hal_nordic__nrfx.a(nrfx_gpiote.c.obj)
                0x000000000000d2f8                nrfx_gpiote_init_check
 .text.nrfx_gpiote_channel_free
                0x000000000000d314       0x18 modules/hal_nordic/nrfx/libmodules__hal_nordic__nrfx.a(nrfx_gpiote.c.obj)
                0x000000000000d314                nrfx_gpiote_channel_free
 .text.nrfx_gpiote_channel_alloc
                0x000000000000d32c       0x18 modules/hal_nordic/nrfx/libmodules__hal_nordic__nrfx.a(nrfx_gpiote.c.obj)
                0x000000000000d32c                nrfx_gpiote_channel_alloc
 .text.nrfx_gpiote_trigger_enable
                0x000000000000d344       0xa4 modules/hal_nordic/nrfx/libmodules__hal_nordic__nrfx.a(nrfx_gpiote.c.obj)
                0x000000000000d344                nrfx_gpiote_trigger_enable
 .text.nrfx_gpiote_1_irq_handler
                0x000000000000d3e8        0xc modules/hal_nordic/nrfx/libmodules__hal_nordic__nrfx.a(nrfx_gpiote.c.obj)
                0x000000000000d3e8                nrfx_gpiote_1_irq_handler
 .text.nrfx_ipc_init
                0x000000000000d3f4       0x30 modules/hal_nordic/nrfx/libmodules__hal_nordic__nrfx.a(nrfx_ipc.c.obj)
                0x000000000000d3f4                nrfx_ipc_init
 .text.nrfx_ipc_config_load
                0x000000000000d424       0x40 modules/hal_nordic/nrfx/libmodules__hal_nordic__nrfx.a(nrfx_ipc.c.obj)
                0x000000000000d424                nrfx_ipc_config_load
 .text.nrfx_ipc_receive_event_enable
                0x000000000000d464       0x10 modules/hal_nordic/nrfx/libmodules__hal_nordic__nrfx.a(nrfx_ipc.c.obj)
                0x000000000000d464                nrfx_ipc_receive_event_enable
 .text.nrfx_ipc_receive_event_disable
                0x000000000000d474       0x10 modules/hal_nordic/nrfx/libmodules__hal_nordic__nrfx.a(nrfx_ipc.c.obj)
                0x000000000000d474                nrfx_ipc_receive_event_disable
 .text.nrfx_ipc_irq_handler
                0x000000000000d484       0x40 modules/hal_nordic/nrfx/libmodules__hal_nordic__nrfx.a(nrfx_ipc.c.obj)
                0x000000000000d484                nrfx_ipc_irq_handler
 .text.nrf_gpio_pin_port_decode
                0x000000000000d4c4       0x24 modules/hal_nordic/nrfx/libmodules__hal_nordic__nrfx.a(nrfx_spim.c.obj)
 .text.spim_configuration_verify
                0x000000000000d4e8       0xf8 modules/hal_nordic/nrfx/libmodules__hal_nordic__nrfx.a(nrfx_spim.c.obj)
 .text.pin_init
                0x000000000000d5e0       0x50 modules/hal_nordic/nrfx/libmodules__hal_nordic__nrfx.a(nrfx_spim.c.obj)
 .text.spim_configure
                0x000000000000d630      0x25c modules/hal_nordic/nrfx/libmodules__hal_nordic__nrfx.a(nrfx_spim.c.obj)
 .text.spim_pin_uninit
                0x000000000000d88c       0x30 modules/hal_nordic/nrfx/libmodules__hal_nordic__nrfx.a(nrfx_spim.c.obj)
 .text.nrfx_spim_init
                0x000000000000d8bc       0x68 modules/hal_nordic/nrfx/libmodules__hal_nordic__nrfx.a(nrfx_spim.c.obj)
                0x000000000000d8bc                nrfx_spim_init
 .text.nrfx_spim_uninit
                0x000000000000d924       0x90 modules/hal_nordic/nrfx/libmodules__hal_nordic__nrfx.a(nrfx_spim.c.obj)
                0x000000000000d924                nrfx_spim_uninit
 .text.nrfx_spim_xfer
                0x000000000000d9b4      0x164 modules/hal_nordic/nrfx/libmodules__hal_nordic__nrfx.a(nrfx_spim.c.obj)
                0x000000000000d9b4                nrfx_spim_xfer
 .text.nrfx_spim_1_irq_handler
                0x000000000000db18       0x10 modules/hal_nordic/nrfx/libmodules__hal_nordic__nrfx.a(nrfx_spim.c.obj)
                0x000000000000db18                nrfx_spim_1_irq_handler
 .text.nrfx_spim_4_irq_handler
                0x000000000000db28       0x10 modules/hal_nordic/nrfx/libmodules__hal_nordic__nrfx.a(nrfx_spim.c.obj)
                0x000000000000db28                nrfx_spim_4_irq_handler
 .text.k_sys_fatal_error_handler
                0x000000000000db38       0x20 zephyr/kernel/libkernel.a(fatal.c.obj)
                0x000000000000db38                k_sys_fatal_error_handler
 .text.z_fatal_error
                0x000000000000db58       0xec zephyr/kernel/libkernel.a(fatal.c.obj)
                0x000000000000db58                z_fatal_error
 .text.z_sys_init_run_level
                0x000000000000dc44       0x48 zephyr/kernel/libkernel.a(init.c.obj)
 .text.bg_thread_main
                0x000000000000dc8c       0x34 zephyr/kernel/libkernel.a(init.c.obj)
 .text.z_bss_zero
                0x000000000000dcc0       0x18 zephyr/kernel/libkernel.a(init.c.obj)
                0x000000000000dcc0                z_bss_zero
 .text.z_init_cpu
                0x000000000000dcd8       0x7c zephyr/kernel/libkernel.a(init.c.obj)
                0x000000000000dcd8                z_init_cpu
 .text.z_cstart
                0x000000000000dd54       0xe0 zephyr/kernel/libkernel.a(init.c.obj)
                0x000000000000dd54                z_cstart
 .text.z_setup_new_thread
                0x000000000000de34       0x7c zephyr/kernel/libkernel.a(thread.c.obj)
                0x000000000000de34                z_setup_new_thread
 .text.z_impl_k_thread_create
                0x000000000000deb0       0x58 zephyr/kernel/libkernel.a(thread.c.obj)
                0x000000000000deb0                z_impl_k_thread_create
 .text.z_init_static_threads
                0x000000000000df08       0x98 zephyr/kernel/libkernel.a(thread.c.obj)
                0x000000000000df08                z_init_static_threads
 .text.z_impl_k_mutex_unlock
                0x000000000000dfa0       0x78 zephyr/kernel/libkernel.a(mutex.c.obj)
                0x000000000000dfa0                z_impl_k_mutex_unlock
 .text.z_impl_k_mutex_lock
                0x000000000000e018       0xf4 zephyr/kernel/libkernel.a(mutex.c.obj)
                0x000000000000e018                z_impl_k_mutex_lock
 .text.z_impl_k_sem_give
                0x000000000000e10c       0x48 zephyr/kernel/libkernel.a(sem.c.obj)
                0x000000000000e10c                z_impl_k_sem_give
 .text.z_impl_k_sem_take
                0x000000000000e154       0x50 zephyr/kernel/libkernel.a(sem.c.obj)
                0x000000000000e154                z_impl_k_sem_take
 .text.z_impl_k_sem_reset
                0x000000000000e1a4       0x3c zephyr/kernel/libkernel.a(sem.c.obj)
                0x000000000000e1a4                z_impl_k_sem_reset
 .text.sliceable
                0x000000000000e1e0       0x3c zephyr/kernel/libkernel.a(sched.c.obj)
 .text.slice_timeout
                0x000000000000e21c       0x20 zephyr/kernel/libkernel.a(sched.c.obj)
 .text.z_reset_time_slice
                0x000000000000e23c       0x50 zephyr/kernel/libkernel.a(sched.c.obj)
                0x000000000000e23c                z_reset_time_slice
 .text.update_cache
                0x000000000000e28c       0x3c zephyr/kernel/libkernel.a(sched.c.obj)
 .text.move_thread_to_end_of_prio_q
                0x000000000000e2c8       0x74 zephyr/kernel/libkernel.a(sched.c.obj)
 .text.ready_thread
                0x000000000000e33c       0x68 zephyr/kernel/libkernel.a(sched.c.obj)
 .text.unready_thread
                0x000000000000e3a4       0x30 zephyr/kernel/libkernel.a(sched.c.obj)
 .text.pend_locked
                0x000000000000e3d4       0x30 zephyr/kernel/libkernel.a(sched.c.obj)
 .text.z_thread_halt
                0x000000000000e404       0xa0 zephyr/kernel/libkernel.a(sched.c.obj)
 .text.z_time_slice
                0x000000000000e4a4       0x60 zephyr/kernel/libkernel.a(sched.c.obj)
                0x000000000000e4a4                z_time_slice
 .text.z_pend_curr
                0x000000000000e504       0x3c zephyr/kernel/libkernel.a(sched.c.obj)
                0x000000000000e504                z_pend_curr
 .text.z_set_prio
                0x000000000000e540       0x8c zephyr/kernel/libkernel.a(sched.c.obj)
                0x000000000000e540                z_set_prio
 .text.z_reschedule
                0x000000000000e5cc       0x24 zephyr/kernel/libkernel.a(sched.c.obj)
                0x000000000000e5cc                z_reschedule
 .text.z_sched_start
                0x000000000000e5f0       0x3c zephyr/kernel/libkernel.a(sched.c.obj)
                0x000000000000e5f0                z_sched_start
 .text.k_sched_lock
                0x000000000000e62c       0x28 zephyr/kernel/libkernel.a(sched.c.obj)
                0x000000000000e62c                k_sched_lock
 .text.k_sched_unlock
                0x000000000000e654       0x38 zephyr/kernel/libkernel.a(sched.c.obj)
                0x000000000000e654                k_sched_unlock
 .text.z_sched_init
                0x000000000000e68c       0x10 zephyr/kernel/libkernel.a(sched.c.obj)
                0x000000000000e68c                z_sched_init
 .text.z_impl_k_yield
                0x000000000000e69c       0x7c zephyr/kernel/libkernel.a(sched.c.obj)
                0x000000000000e69c                z_impl_k_yield
 .text.z_tick_sleep
                0x000000000000e718       0x88 zephyr/kernel/libkernel.a(sched.c.obj)
 .text.z_impl_k_sleep
                0x000000000000e7a0       0x34 zephyr/kernel/libkernel.a(sched.c.obj)
                0x000000000000e7a0                z_impl_k_sleep
 .text.z_impl_k_sched_current_thread_query
                0x000000000000e7d4        0xc zephyr/kernel/libkernel.a(sched.c.obj)
                0x000000000000e7d4                z_impl_k_sched_current_thread_query
 .text.z_data_copy
                0x000000000000e7e0       0x34 zephyr/kernel/libkernel.a(xip.c.obj)
                0x000000000000e7e0                z_data_copy
 .text.elapsed  0x000000000000e814       0x14 zephyr/kernel/libkernel.a(timeout.c.obj)
 .text.next_timeout
                0x000000000000e828       0x40 zephyr/kernel/libkernel.a(timeout.c.obj)
 .text.remove_timeout
                0x000000000000e868       0x38 zephyr/kernel/libkernel.a(timeout.c.obj)
 .text.z_add_timeout
                0x000000000000e8a0       0xec zephyr/kernel/libkernel.a(timeout.c.obj)
                0x000000000000e8a0                z_add_timeout
 .text.sys_clock_announce
                0x000000000000e98c       0xd4 zephyr/kernel/libkernel.a(timeout.c.obj)
                0x000000000000e98c                sys_clock_announce
 .text.sys_clock_tick_get
                0x000000000000ea60       0x34 zephyr/kernel/libkernel.a(timeout.c.obj)
                0x000000000000ea60                sys_clock_tick_get
 .text.z_timer_expiration_handler
                0x000000000000ea94       0xe4 zephyr/kernel/libkernel.a(timer.c.obj)
                0x000000000000ea94                z_timer_expiration_handler
 .text.z_impl_k_timer_start
                0x000000000000eb78       0x74 zephyr/kernel/libkernel.a(timer.c.obj)
                0x000000000000eb78                z_impl_k_timer_start
 .text.boot_banner
                0x000000000000ebec        0xc zephyr/kernel/libkernel.a(banner.c.obj)
                0x000000000000ebec                boot_banner
 .text.snprintf
                0x000000000000ebf8       0x58 /root/zephyr-sdk-0.17.0/arm-zephyr-eabi/bin/../lib/gcc/../../picolibc/arm-zephyr-eabi/lib/thumb/v8-m.main/nofp/libc.a(libc_tinystdio_snprintf.c.o)
                0x000000000000ebf8                snprintf
 .text.skip_to_arg
                0x000000000000ec50      0x134 /root/zephyr-sdk-0.17.0/arm-zephyr-eabi/bin/../lib/gcc/../../picolibc/arm-zephyr-eabi/lib/thumb/v8-m.main/nofp/libc.a(libc_tinystdio_vfprintf.c.o)
 .text.vfprintf
                0x000000000000ed84      0x9a8 /root/zephyr-sdk-0.17.0/arm-zephyr-eabi/bin/../lib/gcc/../../picolibc/arm-zephyr-eabi/lib/thumb/v8-m.main/nofp/libc.a(libc_tinystdio_vfprintf.c.o)
                0x000000000000ed84                __d_vfprintf
 .text.div10    0x000000000000f72c       0x28 /root/zephyr-sdk-0.17.0/arm-zephyr-eabi/bin/../lib/gcc/../../picolibc/arm-zephyr-eabi/lib/thumb/v8-m.main/nofp/libc.a(libc_tinystdio_dtoa_ryu.c.o)
 .text.__dtoa_engine
                0x000000000000f754      0x4a8 /root/zephyr-sdk-0.17.0/arm-zephyr-eabi/bin/../lib/gcc/../../picolibc/arm-zephyr-eabi/lib/thumb/v8-m.main/nofp/libc.a(libc_tinystdio_dtoa_ryu.c.o)
                0x000000000000f754                __dtoa_engine
 .text.__log10Pow2
                0x000000000000fbfc        0xc /root/zephyr-sdk-0.17.0/arm-zephyr-eabi/bin/../lib/gcc/../../picolibc/arm-zephyr-eabi/lib/thumb/v8-m.main/nofp/libc.a(libc_tinystdio_ryu_log10.c.o)
                0x000000000000fbfc                __log10Pow2
 .text.__log10Pow5
                0x000000000000fc08        0xc /root/zephyr-sdk-0.17.0/arm-zephyr-eabi/bin/../lib/gcc/../../picolibc/arm-zephyr-eabi/lib/thumb/v8-m.main/nofp/libc.a(libc_tinystdio_ryu_log10.c.o)
                0x000000000000fc08                __log10Pow5
 .text.__pow5bits
                0x000000000000fc14       0x10 /root/zephyr-sdk-0.17.0/arm-zephyr-eabi/bin/../lib/gcc/../../picolibc/arm-zephyr-eabi/lib/thumb/v8-m.main/nofp/libc.a(libc_tinystdio_ryu_pow5bits.c.o)
                0x000000000000fc14                __pow5bits
 .text.__pow5Factor
                0x000000000000fc24       0x30 /root/zephyr-sdk-0.17.0/arm-zephyr-eabi/bin/../lib/gcc/../../picolibc/arm-zephyr-eabi/lib/thumb/v8-m.main/nofp/libc.a(libc_tinystdio_ryu_table.c.o)
                0x000000000000fc24                __pow5Factor
 .text.__double_computePow5
                0x000000000000fc54       0xe4 /root/zephyr-sdk-0.17.0/arm-zephyr-eabi/bin/../lib/gcc/../../picolibc/arm-zephyr-eabi/lib/thumb/v8-m.main/nofp/libc.a(libc_tinystdio_ryu_table.c.o)
                0x000000000000fc54                __double_computePow5
 .text.__double_computeInvPow5
                0x000000000000fd38       0xf8 /root/zephyr-sdk-0.17.0/arm-zephyr-eabi/bin/../lib/gcc/../../picolibc/arm-zephyr-eabi/lib/thumb/v8-m.main/nofp/libc.a(libc_tinystdio_ryu_table.c.o)
                0x000000000000fd38                __double_computeInvPow5
 .text._OffsetAbsSyms
                0x000000000000fe30        0x2 zephyr/CMakeFiles/offsets.dir/./arch/arm/core/offsets/offsets.c.obj
                0x000000000000fe30                _OffsetAbsSyms
 .text.k_msleep.constprop.0.isra.0
                0x000000000000fe32        0x8 app/libapp.a(Accelero_instance.c.obj)
 .text.Get_DataBlock
                0x000000000000fe3a       0x20 app/libapp.a(LIS302DL.c.obj)
                0x000000000000fe3a                Get_DataBlock
 .text.LIS302DL_ReadID
                0x000000000000fe5a       0x16 app/libapp.a(LIS302DL.c.obj)
                0x000000000000fe5a                LIS302DL_ReadID
 .text.LIS302DL_Set_CTRL_REG1
                0x000000000000fe70        0x8 app/libapp.a(LIS302DL.c.obj)
                0x000000000000fe70                LIS302DL_Set_CTRL_REG1
 .text.LIS302DL_Read_CTRL_REG1
                0x000000000000fe78       0x18 app/libapp.a(LIS302DL.c.obj)
                0x000000000000fe78                LIS302DL_Read_CTRL_REG1
 .text.LIS302DL_Set_CTRL_REG2
                0x000000000000fe90       0x2c app/libapp.a(LIS302DL.c.obj)
                0x000000000000fe90                LIS302DL_Set_CTRL_REG2
 .text.LIS302DL_Set_CTRL_REG3
                0x000000000000febc        0x8 app/libapp.a(LIS302DL.c.obj)
                0x000000000000febc                LIS302DL_Set_CTRL_REG3
 .text.LIS302DL_Read_Data
                0x000000000000fec4       0x38 app/libapp.a(LIS302DL.c.obj)
                0x000000000000fec4                LIS302DL_Read_Data
 .text.hello_world
                0x000000000000fefc       0x22 app/libapp.a(LIS302DL.c.obj)
                0x000000000000fefc                hello_world
 .text.cbpprintf_external
                0x000000000000ff1e       0x62 zephyr/libzephyr.a(cbprintf_packaged.c.obj)
                0x000000000000ff1e                cbpprintf_external
 .text.is_ptr   0x000000000000ff80       0x4a zephyr/libzephyr.a(cbprintf_packaged.c.obj)
                0x000000000000ff80                is_ptr
 .text.arch_printk_char_out
                0x000000000000ffca        0x4 zephyr/libzephyr.a(printk.c.obj)
                0x000000000000ffca                arch_printk_char_out
 .text.printk   0x000000000000ffce       0x1a zephyr/libzephyr.a(printk.c.obj)
                0x000000000000ffce                printk
 .text.chunk_field
                0x000000000000ffe8       0x16 zephyr/libzephyr.a(heap.c.obj)
 .text.chunk_set
                0x000000000000fffe       0x16 zephyr/libzephyr.a(heap.c.obj)
 .text.chunk_size
                0x0000000000010014        0xc zephyr/libzephyr.a(heap.c.obj)
 .text.set_chunk_used
                0x0000000000010020       0x30 zephyr/libzephyr.a(heap.c.obj)
 .text.set_chunk_size
                0x0000000000010050        0x8 zephyr/libzephyr.a(heap.c.obj)
 .text.bucket_idx.isra.0
                0x0000000000010058       0x1c zephyr/libzephyr.a(heap.c.obj)
 .text.free_list_add
                0x0000000000010074       0x84 zephyr/libzephyr.a(heap.c.obj)
 .text.sys_heap_init
                0x00000000000100f8       0xb0 zephyr/libzephyr.a(heap.c.obj)
                0x00000000000100f8                sys_heap_init
 .text.process_recheck
                0x00000000000101a8       0x38 zephyr/libzephyr.a(onoff.c.obj)
 .text.validate_args
                0x00000000000101e0       0x20 zephyr/libzephyr.a(onoff.c.obj)
 .text.notify_one
                0x0000000000010200       0x2c zephyr/libzephyr.a(onoff.c.obj)
 .text.transition_complete
                0x000000000001022c       0x1c zephyr/libzephyr.a(onoff.c.obj)
 .text.onoff_manager_init
                0x0000000000010248       0x26 zephyr/libzephyr.a(onoff.c.obj)
                0x0000000000010248                onoff_manager_init
 .text.onoff_request
                0x000000000001026e       0xb0 zephyr/libzephyr.a(onoff.c.obj)
                0x000000000001026e                onoff_request
 .text.sys_notify_validate
                0x000000000001031e       0x22 zephyr/libzephyr.a(notify.c.obj)
                0x000000000001031e                sys_notify_validate
 .text.sys_notify_finalize
                0x0000000000010340       0x1a zephyr/libzephyr.a(notify.c.obj)
                0x0000000000010340                sys_notify_finalize
 .text.free_space
                0x000000000001035a       0x26 zephyr/libzephyr.a(mpsc_pbuf.c.obj)
 .text.get_usage
                0x0000000000010380       0x22 zephyr/libzephyr.a(mpsc_pbuf.c.obj)
 .text.idx_inc  0x00000000000103a2       0x1c zephyr/libzephyr.a(mpsc_pbuf.c.obj)
 .text.rd_idx_inc
                0x00000000000103be       0x18 zephyr/libzephyr.a(mpsc_pbuf.c.obj)
 .text.add_skip_item
                0x00000000000103d6       0x3e zephyr/libzephyr.a(mpsc_pbuf.c.obj)
 .text.drop_item_locked
                0x0000000000010414       0xee zephyr/libzephyr.a(mpsc_pbuf.c.obj)
 .text.post_drop_action
                0x0000000000010502       0x36 zephyr/libzephyr.a(mpsc_pbuf.c.obj)
 .text.max_utilization_update
                0x0000000000010538       0x1a zephyr/libzephyr.a(mpsc_pbuf.c.obj)
 .text.mpsc_pbuf_init
                0x0000000000010552       0x42 zephyr/libzephyr.a(mpsc_pbuf.c.obj)
                0x0000000000010552                mpsc_pbuf_init
 .text.mpsc_pbuf_alloc
                0x0000000000010594       0xfc zephyr/libzephyr.a(mpsc_pbuf.c.obj)
                0x0000000000010594                mpsc_pbuf_alloc
 .text.mpsc_pbuf_commit
                0x0000000000010690       0x40 zephyr/libzephyr.a(mpsc_pbuf.c.obj)
                0x0000000000010690                mpsc_pbuf_commit
 .text.mpsc_pbuf_claim
                0x00000000000106d0       0xa4 zephyr/libzephyr.a(mpsc_pbuf.c.obj)
                0x00000000000106d0                mpsc_pbuf_claim
 .text.mpsc_pbuf_free
                0x0000000000010774       0x78 zephyr/libzephyr.a(mpsc_pbuf.c.obj)
                0x0000000000010774                mpsc_pbuf_free
 .text.mpsc_pbuf_is_pending
                0x00000000000107ec       0x1a zephyr/libzephyr.a(mpsc_pbuf.c.obj)
                0x00000000000107ec                mpsc_pbuf_is_pending
 .text._ConfigAbsSyms
                0x0000000000010806        0x2 zephyr/libzephyr.a(configs.c.obj)
                0x0000000000010806                _ConfigAbsSyms
 .text.log_msg_generic_get_wlen
                0x0000000000010808       0x20 zephyr/libzephyr.a(log_core.c.obj)
 .text.dummy_timestamp
                0x0000000000010828        0x4 zephyr/libzephyr.a(log_core.c.obj)
 .text.default_get_timestamp
                0x000000000001082c        0x4 zephyr/libzephyr.a(log_core.c.obj)
 .text.atomic_inc
                0x0000000000010830       0x12 zephyr/libzephyr.a(log_core.c.obj)
 .text.z_log_vprintk
                0x0000000000010842       0x1c zephyr/libzephyr.a(log_core.c.obj)
                0x0000000000010842                z_log_vprintk
 .text.z_log_notify_drop
                0x000000000001085e        0x6 zephyr/libzephyr.a(log_core.c.obj)
 .text.z_log_get_tag
                0x0000000000010864        0x4 zephyr/libzephyr.a(log_core.c.obj)
                0x0000000000010864                z_log_get_tag
 .text.z_cbprintf_cpy
                0x0000000000010868       0x2c zephyr/libzephyr.a(log_msg.c.obj)
 .text.z_log_msg_finalize
                0x0000000000010894       0x32 zephyr/libzephyr.a(log_msg.c.obj)
                0x0000000000010894                z_log_msg_finalize
 .text.z_log_msg_simple_create
                0x00000000000108c6       0x6e zephyr/libzephyr.a(log_msg.c.obj)
 .text.z_impl_z_log_msg_simple_create_0
                0x0000000000010934       0x12 zephyr/libzephyr.a(log_msg.c.obj)
                0x0000000000010934                z_impl_z_log_msg_simple_create_0
 .text.z_impl_z_log_msg_simple_create_1
                0x0000000000010946       0x14 zephyr/libzephyr.a(log_msg.c.obj)
                0x0000000000010946                z_impl_z_log_msg_simple_create_1
 .text.buffer_write
                0x000000000001095a       0x1a zephyr/libzephyr.a(log_output.c.obj)
 .text.log_output_flush
                0x0000000000010974       0x1a zephyr/libzephyr.a(log_output.c.obj)
                0x0000000000010974                log_output_flush
 .text.out_func
                0x000000000001098e       0x2e zephyr/libzephyr.a(log_output.c.obj)
 .text.cr_out_func
                0x00000000000109bc       0x1c zephyr/libzephyr.a(log_output.c.obj)
 .text.format_set
                0x00000000000109d8        0xc zephyr/libzephyr.a(log_backend_uart.c.obj)
 .text.log_backend_uart_init
                0x00000000000109e4        0xc zephyr/libzephyr.a(log_backend_uart.c.obj)
 .text.panic    0x00000000000109f0       0x10 zephyr/libzephyr.a(log_backend_uart.c.obj)
 .text.dropped  0x0000000000010a00        0xa zephyr/libzephyr.a(log_backend_uart.c.obj)
 .text.process  0x0000000000010a0a       0x1e zephyr/libzephyr.a(log_backend_uart.c.obj)
 .text.z_do_kernel_oops
                0x0000000000010a28        0x8 zephyr/arch/arch/arm/core/libarch__arm__core.a(fatal.c.obj)
                0x0000000000010a28                z_do_kernel_oops
 .text.z_arm_nmi
                0x0000000000010a30        0xe zephyr/arch/arch/arm/core/libarch__arm__core.a(nmi.c.obj)
                0x0000000000010a30                z_arm_nmi
 .text.z_log_msg_simple_create_0.constprop.0
                0x0000000000010a3e        0x8 zephyr/arch/arch/arm/core/cortex_m/libarch__arm__core__cortex_m.a(fault.c.obj)
 .text.z_arm_save_fp_context
                0x0000000000010a46        0x2 zephyr/arch/arch/arm/core/cortex_m/libarch__arm__core__cortex_m.a(fpu.c.obj)
                0x0000000000010a46                z_arm_save_fp_context
 .text.z_arm_restore_fp_context
                0x0000000000010a48        0x2 zephyr/arch/arch/arm/core/cortex_m/libarch__arm__core__cortex_m.a(fpu.c.obj)
                0x0000000000010a48                z_arm_restore_fp_context
 .text.z_irq_spurious
                0x0000000000010a4a        0x8 zephyr/arch/arch/arm/core/cortex_m/libarch__arm__core__cortex_m.a(irq_manage.c.obj)
                0x0000000000010a4a                z_irq_spurious
 .text.configure_builtin_stack_guard
                0x0000000000010a52        0x8 zephyr/arch/arch/arm/core/cortex_m/libarch__arm__core__cortex_m.a(thread.c.obj)
                0x0000000000010a52                configure_builtin_stack_guard
 .text.arm_cmse_mpu_region_get
                0x0000000000010a5a       0x12 zephyr/arch/arch/arm/core/cortex_m/cmse/libarch__arm__core__cortex_m__cmse.a(arm_core_cmse.c.obj)
                0x0000000000010a5a                arm_cmse_mpu_region_get
 .text.mpu_configure_region
                0x0000000000010a6c       0x32 zephyr/arch/arch/arm/core/mpu/libarch__arm__core__mpu.a(arm_mpu.c.obj)
 .text.cbputc   0x0000000000010a9e        0xc zephyr/lib/libc/picolibc/liblib__libc__picolibc.a(libc-hooks.c.obj)
 .text.picolibc_put
                0x0000000000010aaa        0xa zephyr/lib/libc/picolibc/liblib__libc__picolibc.a(libc-hooks.c.obj)
 .text.nordicsemi_nrf53_init
                0x0000000000010ab4       0x1c zephyr/soc/soc/arm/nordic_nrf/libsoc__arm__nordic_nrf.a(soc.c.obj)
 .text.get_status
                0x0000000000010ad0       0x12 zephyr/drivers/clock_control/libdrivers__clock_control.a(clock_control_nrf.c.obj)
 .text.set_on_state
                0x0000000000010ae2       0x26 zephyr/drivers/clock_control/libdrivers__clock_control.a(clock_control_nrf.c.obj)
 .text.stop     0x0000000000010b08       0x52 zephyr/drivers/clock_control/libdrivers__clock_control.a(clock_control_nrf.c.obj)
 .text.api_stop
                0x0000000000010b5a        0x6 zephyr/drivers/clock_control/libdrivers__clock_control.a(clock_control_nrf.c.obj)
 .text.async_start
                0x0000000000010b60       0x5c zephyr/drivers/clock_control/libdrivers__clock_control.a(clock_control_nrf.c.obj)
 .text.api_start
                0x0000000000010bbc        0xe zephyr/drivers/clock_control/libdrivers__clock_control.a(clock_control_nrf.c.obj)
 .text.onoff_started_callback
                0x0000000000010bca       0x12 zephyr/drivers/clock_control/libdrivers__clock_control.a(clock_control_nrf.c.obj)
 .text.hfclkaudio_start
                0x0000000000010bdc        0x6 zephyr/drivers/clock_control/libdrivers__clock_control.a(clock_control_nrf.c.obj)
 .text.hfclk192m_start
                0x0000000000010be2        0x6 zephyr/drivers/clock_control/libdrivers__clock_control.a(clock_control_nrf.c.obj)
 .text.lfclk_start
                0x0000000000010be8        0x6 zephyr/drivers/clock_control/libdrivers__clock_control.a(clock_control_nrf.c.obj)
 .text.hfclkaudio_stop
                0x0000000000010bee        0x6 zephyr/drivers/clock_control/libdrivers__clock_control.a(clock_control_nrf.c.obj)
 .text.hfclk192m_stop
                0x0000000000010bf4        0x6 zephyr/drivers/clock_control/libdrivers__clock_control.a(clock_control_nrf.c.obj)
 .text.lfclk_stop
                0x0000000000010bfa        0x6 zephyr/drivers/clock_control/libdrivers__clock_control.a(clock_control_nrf.c.obj)
 .text.blocking_start_callback
                0x0000000000010c00        0x6 zephyr/drivers/clock_control/libdrivers__clock_control.a(clock_control_nrf.c.obj)
 .text.gpio_nrfx_port_get_raw
                0x0000000000010c06        0xc zephyr/drivers/gpio/libdrivers__gpio.a(gpio_nrfx.c.obj)
 .text.gpio_nrfx_port_set_masked_raw
                0x0000000000010c12       0x14 zephyr/drivers/gpio/libdrivers__gpio.a(gpio_nrfx.c.obj)
 .text.gpio_nrfx_port_set_bits_raw
                0x0000000000010c26        0xa zephyr/drivers/gpio/libdrivers__gpio.a(gpio_nrfx.c.obj)
 .text.gpio_nrfx_port_clear_bits_raw
                0x0000000000010c30        0xa zephyr/drivers/gpio/libdrivers__gpio.a(gpio_nrfx.c.obj)
 .text.gpio_nrfx_port_toggle_bits
                0x0000000000010c3a       0x14 zephyr/drivers/gpio/libdrivers__gpio.a(gpio_nrfx.c.obj)
 .text.gpio_nrfx_manage_callback
                0x0000000000010c4e       0x52 zephyr/drivers/gpio/libdrivers__gpio.a(gpio_nrfx.c.obj)
 .text.mbox_nrf_register_callback
                0x0000000000010ca0       0x1c zephyr/drivers/mbox/libdrivers__mbox.a(mbox_nrfx_ipc.c.obj)
 .text.mbox_nrf_mtu_get
                0x0000000000010cbc        0x4 zephyr/drivers/mbox/libdrivers__mbox.a(mbox_nrfx_ipc.c.obj)
 .text.mbox_nrf_max_channels_get
                0x0000000000010cc0        0x4 zephyr/drivers/mbox/libdrivers__mbox.a(mbox_nrfx_ipc.c.obj)
 .text.pinctrl_lookup_state
                0x0000000000010cc4       0x26 zephyr/drivers/pinctrl/libdrivers__pinctrl.a(common.c.obj)
                0x0000000000010cc4                pinctrl_lookup_state
 .text.uarte_nrfx_err_check
                0x0000000000010cea        0xe zephyr/drivers/serial/libdrivers__serial.a(uart_nrfx_uarte.c.obj)
 .text.uarte_nrfx_poll_in
                0x0000000000010cf8       0x28 zephyr/drivers/serial/libdrivers__serial.a(uart_nrfx_uarte.c.obj)
 .text.is_tx_ready.isra.0
                0x0000000000010d20       0x20 zephyr/drivers/serial/libdrivers__serial.a(uart_nrfx_uarte.c.obj)
 .text.uarte_nrfx_isr_int
                0x0000000000010d40       0x72 zephyr/drivers/serial/libdrivers__serial.a(uart_nrfx_uarte.c.obj)
 .text.z_log_msg_simple_create_0
                0x0000000000010db2        0x4 zephyr/drivers/spi/libdrivers__spi.a(spi_nrfx_spim.c.obj)
 .text.irq_connect1
                0x0000000000010db6        0xa zephyr/drivers/spi/libdrivers__spi.a(spi_nrfx_spim.c.obj)
 .text.irq_connect4
                0x0000000000010dc0        0xa zephyr/drivers/spi/libdrivers__spi.a(spi_nrfx_spim.c.obj)
 .text.spi_context_get_next_buf.constprop.0
                0x0000000000010dca       0x26 zephyr/drivers/spi/libdrivers__spi.a(spi_nrfx_spim.c.obj)
 .text.gpio_pin_set_dt.isra.0
                0x0000000000010df0       0x28 zephyr/drivers/spi/libdrivers__spi.a(spi_nrfx_spim.c.obj)
 .text.spi_context_unlock_unconditionally
                0x0000000000010e18       0x30 zephyr/drivers/spi/libdrivers__spi.a(spi_nrfx_spim.c.obj)
 .text.spi_nrfx_release
                0x0000000000010e48       0x24 zephyr/drivers/spi/libdrivers__spi.a(spi_nrfx_spim.c.obj)
 .text.spi_nrfx_wake_request
                0x0000000000010e6c       0x50 zephyr/drivers/spi/libdrivers__spi.a(spi_nrfx_common.c.obj)
                0x0000000000010e6c                spi_nrfx_wake_request
 .text.event_clear
                0x0000000000010ebc       0x18 zephyr/drivers/timer/libdrivers__timer.a(nrf_rtc_timer.c.obj)
 .text.z_nrf_rtc_timer_capture_task_address_get
                0x0000000000010ed4       0x12 zephyr/drivers/timer/libdrivers__timer.a(nrf_rtc_timer.c.obj)
                0x0000000000010ed4                z_nrf_rtc_timer_capture_task_address_get
 .text.z_nrf_rtc_timer_set
                0x0000000000010ee6       0x18 zephyr/drivers/timer/libdrivers__timer.a(nrf_rtc_timer.c.obj)
                0x0000000000010ee6                z_nrf_rtc_timer_set
 .text.sys_clock_cycle_get_32
                0x0000000000010efe        0x8 zephyr/drivers/timer/libdrivers__timer.a(nrf_rtc_timer.c.obj)
                0x0000000000010efe                sys_clock_cycle_get_32
 .text.z_log_msg_simple_create_0.constprop.0
                0x0000000000010f06        0x8 modules/nrf/modules/trusted-firmware-m/lib..__nrf__modules__trusted-firmware-m.a(fault.c.obj)
 .text.tfm_platform_ns_fault_set_handler
                0x0000000000010f0e       0x4e modules/nrf/modules/trusted-firmware-m/libtfm_api_nrf.a(tfm_ioctl_ns_api.c.obj)
                0x0000000000010f0e                tfm_platform_ns_fault_set_handler
 .text.ns_interface_init
                0x0000000000010f5c        0x4 modules/trusted-firmware-m/libtfm_api.a(interface.c.obj)
 .text.SystemInit
                0x0000000000010f60        0x2 modules/hal_nordic/nrfx/libmodules__hal_nordic__nrfx.a(system_nrf5340_application.c.obj)
                0x0000000000010f60                SystemInit
 .text.nrfx_isr
                0x0000000000010f62        0x2 modules/hal_nordic/nrfx/libmodules__hal_nordic__nrfx.a(nrfx_glue.c.obj)
                0x0000000000010f62                nrfx_isr
 .text.nrfx_busy_wait
                0x0000000000010f64        0x4 modules/hal_nordic/nrfx/libmodules__hal_nordic__nrfx.a(nrfx_glue.c.obj)
                0x0000000000010f64                nrfx_busy_wait
 .text.nrfx_gppi_event_endpoint_setup
                0x0000000000010f68        0xa modules/hal_nordic/nrfx/libmodules__hal_nordic__nrfx.a(nrfx_gppi_dppi.c.obj)
                0x0000000000010f68                nrfx_gppi_event_endpoint_setup
 .text.nrfx_gppi_task_endpoint_setup
                0x0000000000010f72        0xa modules/hal_nordic/nrfx/libmodules__hal_nordic__nrfx.a(nrfx_gppi_dppi.c.obj)
                0x0000000000010f72                nrfx_gppi_task_endpoint_setup
 .text.nrfx_gppi_channel_endpoints_setup
                0x0000000000010f7c        0xe modules/hal_nordic/nrfx/libmodules__hal_nordic__nrfx.a(nrfx_gppi_dppi.c.obj)
                0x0000000000010f7c                nrfx_gppi_channel_endpoints_setup
 .text.nrfx_gppi_event_endpoint_clear
                0x0000000000010f8a        0x8 modules/hal_nordic/nrfx/libmodules__hal_nordic__nrfx.a(nrfx_gppi_dppi.c.obj)
                0x0000000000010f8a                nrfx_gppi_event_endpoint_clear
 .text.nrfx_gppi_task_endpoint_clear
                0x0000000000010f92        0x8 modules/hal_nordic/nrfx/libmodules__hal_nordic__nrfx.a(nrfx_gppi_dppi.c.obj)
                0x0000000000010f92                nrfx_gppi_task_endpoint_clear
 .text.nrfx_gppi_channel_alloc
                0x0000000000010f9a        0x4 modules/hal_nordic/nrfx/libmodules__hal_nordic__nrfx.a(nrfx_gppi_dppi.c.obj)
                0x0000000000010f9a                nrfx_gppi_channel_alloc
 .text.nrfx_clock_stop
                0x0000000000010f9e        0x4 modules/hal_nordic/nrfx/libmodules__hal_nordic__nrfx.a(nrfx_clock.c.obj)
                0x0000000000010f9e                nrfx_clock_stop
 .text.nrf_gpio_reconfigure
                0x0000000000010fa2       0x92 modules/hal_nordic/nrfx/libmodules__hal_nordic__nrfx.a(nrfx_gpiote.c.obj)
 .text.nrf_gpio_cfg_sense_set
                0x0000000000011034       0x1e modules/hal_nordic/nrfx/libmodules__hal_nordic__nrfx.a(nrfx_gpiote.c.obj)
 .text.call_handler
                0x0000000000011052       0x3e modules/hal_nordic/nrfx/libmodules__hal_nordic__nrfx.a(nrfx_gpiote.c.obj)
 .text.pin_in_event_get
                0x0000000000011090       0x24 modules/hal_nordic/nrfx/libmodules__hal_nordic__nrfx.a(nrfx_gpiote.c.obj)
 .text.pin_trigger_disable
                0x00000000000110b4       0x4a modules/hal_nordic/nrfx/libmodules__hal_nordic__nrfx.a(nrfx_gpiote.c.obj)
 .text.nrfx_gpiote_pin_uninit
                0x00000000000110fe        0x4 modules/hal_nordic/nrfx/libmodules__hal_nordic__nrfx.a(nrfx_gpiote.c.obj)
                0x00000000000110fe                nrfx_gpiote_pin_uninit
 .text.nrfx_gpiote_trigger_disable
                0x0000000000011102        0x4 modules/hal_nordic/nrfx/libmodules__hal_nordic__nrfx.a(nrfx_gpiote.c.obj)
                0x0000000000011102                nrfx_gpiote_trigger_disable
 .text.nrfx_gpiote_in_event_get
                0x0000000000011106        0x4 modules/hal_nordic/nrfx/libmodules__hal_nordic__nrfx.a(nrfx_gpiote.c.obj)
                0x0000000000011106                nrfx_gpiote_in_event_get
 .text.__nrfy_internal_spim_event_handle
                0x000000000001110a       0x2a modules/hal_nordic/nrfx/libmodules__hal_nordic__nrfx.a(nrfx_spim.c.obj)
 .text.__nrfy_internal_spim_events_process
                0x0000000000011134       0x7c modules/hal_nordic/nrfx/libmodules__hal_nordic__nrfx.a(nrfx_spim.c.obj)
 .text.nrf_gpio_pin_set
                0x00000000000111b0       0x18 modules/hal_nordic/nrfx/libmodules__hal_nordic__nrfx.a(nrfx_spim.c.obj)
 .text.nrf_gpio_pin_clear
                0x00000000000111c8       0x18 modules/hal_nordic/nrfx/libmodules__hal_nordic__nrfx.a(nrfx_spim.c.obj)
 .text.spim_abort
                0x00000000000111e0       0x2c modules/hal_nordic/nrfx/libmodules__hal_nordic__nrfx.a(nrfx_spim.c.obj)
 .text.irq_handler
                0x000000000001120c       0x46 modules/hal_nordic/nrfx/libmodules__hal_nordic__nrfx.a(nrfx_spim.c.obj)
 .text.z_impl_k_busy_wait
                0x0000000000011252        0x8 zephyr/kernel/libkernel.a(busy_wait.c.obj)
                0x0000000000011252                z_impl_k_busy_wait
 .text.z_device_state_init
                0x000000000001125a        0x2 zephyr/kernel/libkernel.a(device.c.obj)
                0x000000000001125a                z_device_state_init
 .text.z_device_is_ready
                0x000000000001125c       0x16 zephyr/kernel/libkernel.a(device.c.obj)
                0x000000000001125c                z_device_is_ready
 .text.arch_system_halt
                0x0000000000011272       0x12 zephyr/kernel/libkernel.a(fatal.c.obj)
                0x0000000000011272                arch_system_halt
 .text.z_early_memset
                0x0000000000011284        0x4 zephyr/kernel/libkernel.a(init.c.obj)
                0x0000000000011284                z_early_memset
 .text.z_early_memcpy
                0x0000000000011288        0x4 zephyr/kernel/libkernel.a(init.c.obj)
                0x0000000000011288                z_early_memcpy
 .text.k_is_in_isr
                0x000000000001128c        0xc zephyr/kernel/libkernel.a(thread.c.obj)
                0x000000000001128c                k_is_in_isr
 .text.z_impl_k_thread_name_set
                0x0000000000011298        0x6 zephyr/kernel/libkernel.a(thread.c.obj)
                0x0000000000011298                z_impl_k_thread_name_set
 .text.k_thread_name_get
                0x000000000001129e        0x4 zephyr/kernel/libkernel.a(thread.c.obj)
                0x000000000001129e                k_thread_name_get
 .text.idle     0x00000000000112a2       0x18 zephyr/kernel/libkernel.a(idle.c.obj)
                0x00000000000112a2                idle
 .text.adjust_owner_prio.isra.0
                0x00000000000112ba       0x10 zephyr/kernel/libkernel.a(mutex.c.obj)
 .text.z_impl_k_sem_init
                0x00000000000112ca       0x18 zephyr/kernel/libkernel.a(sem.c.obj)
                0x00000000000112ca                z_impl_k_sem_init
 .text.sys_dlist_remove
                0x00000000000112e2       0x10 zephyr/kernel/libkernel.a(sched.c.obj)
 .text.unpend_thread_no_timeout
                0x00000000000112f2       0x14 zephyr/kernel/libkernel.a(sched.c.obj)
 .text.add_to_waitq_locked
                0x0000000000011306       0x50 zephyr/kernel/libkernel.a(sched.c.obj)
 .text.z_ready_thread
                0x0000000000011356       0x20 zephyr/kernel/libkernel.a(sched.c.obj)
                0x0000000000011356                z_ready_thread
 .text.z_impl_k_thread_suspend
                0x0000000000011376       0x36 zephyr/kernel/libkernel.a(sched.c.obj)
                0x0000000000011376                z_impl_k_thread_suspend
 .text.z_unpend_thread_no_timeout
                0x00000000000113ac       0x24 zephyr/kernel/libkernel.a(sched.c.obj)
                0x00000000000113ac                z_unpend_thread_no_timeout
 .text.z_sched_wake_thread
                0x00000000000113d0       0x44 zephyr/kernel/libkernel.a(sched.c.obj)
                0x00000000000113d0                z_sched_wake_thread
 .text.z_thread_timeout
                0x0000000000011414        0x8 zephyr/kernel/libkernel.a(sched.c.obj)
                0x0000000000011414                z_thread_timeout
 .text.z_unpend1_no_timeout
                0x000000000001141c       0x2e zephyr/kernel/libkernel.a(sched.c.obj)
                0x000000000001141c                z_unpend1_no_timeout
 .text.z_unpend_first_thread
                0x000000000001144a       0x38 zephyr/kernel/libkernel.a(sched.c.obj)
                0x000000000001144a                z_unpend_first_thread
 .text.z_reschedule_irqlock
                0x0000000000011482       0x18 zephyr/kernel/libkernel.a(sched.c.obj)
                0x0000000000011482                z_reschedule_irqlock
 .text.z_reschedule_unlocked
                0x000000000001149a       0x14 zephyr/kernel/libkernel.a(sched.c.obj)
 .text.z_thread_abort
                0x00000000000114ae       0x42 zephyr/kernel/libkernel.a(sched.c.obj)
                0x00000000000114ae                z_thread_abort
 .text.z_abort_timeout
                0x00000000000114f0       0x2c zephyr/kernel/libkernel.a(timeout.c.obj)
                0x00000000000114f0                z_abort_timeout
 .text.sys_clock_tick_get_32
                0x000000000001151c        0x8 zephyr/kernel/libkernel.a(timeout.c.obj)
                0x000000000001151c                sys_clock_tick_get_32
 .text.z_impl_k_uptime_ticks
                0x0000000000011524        0x4 zephyr/kernel/libkernel.a(timeout.c.obj)
                0x0000000000011524                z_impl_k_uptime_ticks
 .text.k_timer_init
                0x0000000000011528       0x18 zephyr/kernel/libkernel.a(timer.c.obj)
                0x0000000000011528                k_timer_init
 .text.z_impl_k_timer_stop
                0x0000000000011540       0x3a zephyr/kernel/libkernel.a(timer.c.obj)
                0x0000000000011540                z_impl_k_timer_stop
 .text.memcpy   0x000000000001157a       0x1a /root/zephyr-sdk-0.17.0/arm-zephyr-eabi/bin/../lib/gcc/../../picolibc/arm-zephyr-eabi/lib/thumb/v8-m.main/nofp/libc.a(memcpy.c.o)
                0x000000000001157a                memcpy
                0x000000000001157a                __aeabi_memcpy
                0x000000000001157a                __aeabi_memcpy4
                0x000000000001157a                __aeabi_memcpy8
 .text.memset   0x0000000000011594       0x10 /root/zephyr-sdk-0.17.0/arm-zephyr-eabi/bin/../lib/gcc/../../picolibc/arm-zephyr-eabi/lib/thumb/v8-m.main/nofp/libc.a(memset.c.o)
                0x0000000000011594                memset
 .text.strnlen  0x00000000000115a4       0x18 /root/zephyr-sdk-0.17.0/arm-zephyr-eabi/bin/../lib/gcc/../../picolibc/arm-zephyr-eabi/lib/thumb/v8-m.main/nofp/libc.a(libc_string_strnlen.c.o)
                0x00000000000115a4                strnlen
 .text.__ultoa_invert
                0x00000000000115bc       0x4e /root/zephyr-sdk-0.17.0/arm-zephyr-eabi/bin/../lib/gcc/../../picolibc/arm-zephyr-eabi/lib/thumb/v8-m.main/nofp/libc.a(libc_tinystdio_vfprintf.c.o)
 .text.mulShiftAll64
                0x000000000001160a      0x174 /root/zephyr-sdk-0.17.0/arm-zephyr-eabi/bin/../lib/gcc/../../picolibc/arm-zephyr-eabi/lib/thumb/v8-m.main/nofp/libc.a(libc_tinystdio_dtoa_ryu.c.o)
 .text.__umul128
                0x000000000001177e       0x36 /root/zephyr-sdk-0.17.0/arm-zephyr-eabi/bin/../lib/gcc/../../picolibc/arm-zephyr-eabi/lib/thumb/v8-m.main/nofp/libc.a(libc_tinystdio_ryu_umul128.c.o)
                0x000000000001177e                __umul128
 .text.__shiftright128
                0x00000000000117b4       0x3e /root/zephyr-sdk-0.17.0/arm-zephyr-eabi/bin/../lib/gcc/../../picolibc/arm-zephyr-eabi/lib/thumb/v8-m.main/nofp/libc.a(libc_tinystdio_ryu_umul128.c.o)
                0x00000000000117b4                __shiftright128
 .text.__dtox_engine
                0x00000000000117f2      0x12c /root/zephyr-sdk-0.17.0/arm-zephyr-eabi/bin/../lib/gcc/../../picolibc/arm-zephyr-eabi/lib/thumb/v8-m.main/nofp/libc.a(libc_tinystdio_dtox_engine.c.o)
                0x00000000000117f2                __dtox_engine
 .text.__file_str_put
                0x000000000001191e       0x10 /root/zephyr-sdk-0.17.0/arm-zephyr-eabi/bin/../lib/gcc/../../picolibc/arm-zephyr-eabi/lib/thumb/v8-m.main/nofp/libc.a(libc_tinystdio_filestrput.c.o)
                0x000000000001191e                __file_str_put
 *(SORT_BY_ALIGNMENT(.TEXT.*))
 *fill*         0x000000000001192e        0x2 
 .TEXT.__aeabi_read_tp
                0x0000000000011930        0xc zephyr/arch/arch/arm/core/cortex_m/libarch__arm__core__cortex_m.a(__aeabi_read_tp.S.obj)
                0x0000000000011930                __aeabi_read_tp
 *(SORT_BY_ALIGNMENT(.gnu.linkonce.t.*))
 *(SORT_BY_ALIGNMENT(.glue_7t))
 .glue_7t       0x000000000001193c        0x0 linker stubs
 *(SORT_BY_ALIGNMENT(.glue_7))
 .glue_7        0x000000000001193c        0x0 linker stubs
 *(SORT_BY_ALIGNMENT(.vfp11_veneer))
 .vfp11_veneer  0x000000000001193c        0x0 linker stubs
 *(SORT_BY_ALIGNMENT(.v4_bx))
 .v4_bx         0x000000000001193c        0x0 linker stubs
                0x000000000001193c                . = ALIGN (0x4)
                0x000000000001193c                __text_region_end = .

.ARM.exidx      0x000000000001193c        0x8
                0x000000000001193c                __exidx_start = .
 *(SORT_BY_ALIGNMENT(.ARM.exidx*) SORT_BY_ALIGNMENT(gnu.linkonce.armexidx.*))
 .ARM.exidx     0x000000000001193c        0x8 /root/zephyr-sdk-0.17.0/arm-zephyr-eabi/bin/../lib/gcc/arm-zephyr-eabi/12.2.0/thumb/v8-m.main/nofp/libgcc.a(_udivmoddi4.o)
 .ARM.exidx     0x0000000000011944        0x0 /root/zephyr-sdk-0.17.0/arm-zephyr-eabi/bin/../lib/gcc/../../picolibc/arm-zephyr-eabi/lib/thumb/v8-m.main/nofp/libc.a(strlen.S.o)
                                          0x8 (size before relaxing)
                0x0000000000011944                __exidx_end = .
                0x0000000000011944                __rodata_region_start = .

initlevel       0x0000000000011944       0x80
                0x0000000000011944                __init_start = .
                0x0000000000011944                __init_EARLY_start = .
 *(SORT_BY_NAME(SORT_BY_ALIGNMENT(.z_init_EARLY?_*)))
 *(SORT_BY_NAME(SORT_BY_ALIGNMENT(.z_init_EARLY??_*)))
                0x0000000000011944                __init_PRE_KERNEL_1_start = .
 *(SORT_BY_NAME(SORT_BY_ALIGNMENT(.z_init_PRE_KERNEL_1?_*)))
 .z_init_PRE_KERNEL_10_0_
                0x0000000000011944        0x8 zephyr/soc/soc/arm/nordic_nrf/libsoc__arm__nordic_nrf.a(soc.c.obj)
 .z_init_PRE_KERNEL_10_0_
                0x000000000001194c        0x8 modules/nrf/modules/trusted-firmware-m/lib..__nrf__modules__trusted-firmware-m.a(fault.c.obj)
 *(SORT_BY_NAME(SORT_BY_ALIGNMENT(.z_init_PRE_KERNEL_1??_*)))
 .z_init_PRE_KERNEL_130_00078_
                0x0000000000011954        0x8 zephyr/drivers/clock_control/libdrivers__clock_control.a(clock_control_nrf.c.obj)
 .z_init_PRE_KERNEL_140_00011_
                0x000000000001195c        0x8 zephyr/drivers/gpio/libdrivers__gpio.a(gpio_nrfx.c.obj)
 .z_init_PRE_KERNEL_140_00012_
                0x0000000000011964        0x8 zephyr/drivers/gpio/libdrivers__gpio.a(gpio_nrfx.c.obj)
 .z_init_PRE_KERNEL_155_00115_
                0x000000000001196c        0x8 zephyr/drivers/serial/libdrivers__serial.a(uart_nrfx_uarte.c.obj)
 .z_init_PRE_KERNEL_160_0_
                0x0000000000011974        0x8 zephyr/drivers/console/libdrivers__console.a(uart_console.c.obj)
                0x000000000001197c                __init_PRE_KERNEL_2_start = .
 *(SORT_BY_NAME(SORT_BY_ALIGNMENT(.z_init_PRE_KERNEL_2?_*)))
 .z_init_PRE_KERNEL_20_0_
                0x000000000001197c        0x8 zephyr/drivers/timer/libdrivers__timer.a(nrf_rtc_timer.c.obj)
 *(SORT_BY_NAME(SORT_BY_ALIGNMENT(.z_init_PRE_KERNEL_2??_*)))
                0x0000000000011984                __init_POST_KERNEL_start = .
 *(SORT_BY_NAME(SORT_BY_ALIGNMENT(.z_init_POST_KERNEL?_*)))
 .z_init_POST_KERNEL0_0_
                0x0000000000011984        0x8 zephyr/libzephyr.a(log_core.c.obj)
 .z_init_POST_KERNEL0_0_
                0x000000000001198c        0x8 zephyr/soc/soc/arm/nordic_nrf/libsoc__arm__nordic_nrf.a(soc.c.obj)
 *(SORT_BY_NAME(SORT_BY_ALIGNMENT(.z_init_POST_KERNEL??_*)))
 .z_init_POST_KERNEL40_00027_
                0x0000000000011994        0x8 zephyr/drivers/mbox/libdrivers__mbox.a(mbox_nrfx_ipc.c.obj)
 .z_init_POST_KERNEL40_0_
                0x000000000001199c        0x8 zephyr/lib/libc/common/liblib__libc__common.a(malloc.c.obj)
 .z_init_POST_KERNEL40_0_
                0x00000000000119a4        0x8 modules/trusted-firmware-m/libtfm_api.a(interface.c.obj)
 .z_init_POST_KERNEL70_00138_
                0x00000000000119ac        0x8 zephyr/drivers/spi/libdrivers__spi.a(spi_nrfx_spim.c.obj)
 .z_init_POST_KERNEL70_00140_
                0x00000000000119b4        0x8 zephyr/drivers/spi/libdrivers__spi.a(spi_nrfx_spim.c.obj)
 .z_init_POST_KERNEL90_0_
                0x00000000000119bc        0x8 zephyr/soc/soc/arm/nordic_nrf/libsoc__arm__nordic_nrf.a(sync_rtc.c.obj)
                0x00000000000119c4                __init_APPLICATION_start = .
 *(SORT_BY_NAME(SORT_BY_ALIGNMENT(.z_init_APPLICATION?_*)))
 *(SORT_BY_NAME(SORT_BY_ALIGNMENT(.z_init_APPLICATION??_*)))
                0x00000000000119c4                __init_SMP_start = .
 *(SORT_BY_NAME(SORT_BY_ALIGNMENT(.z_init_SMP?_*)))
 *(SORT_BY_NAME(SORT_BY_ALIGNMENT(.z_init_SMP??_*)))
                0x00000000000119c4                __init_end = .

device_area     0x00000000000119c4       0x8c
                0x00000000000119c4                _device_list_start = .
 *(SORT_BY_NAME(SORT_BY_ALIGNMENT(._device.static.*_?_*)))
 *(SORT_BY_NAME(SORT_BY_ALIGNMENT(._device.static.*_??_*)))
 ._device.static.1_30_
                0x00000000000119c4       0x14 zephyr/drivers/clock_control/libdrivers__clock_control.a(clock_control_nrf.c.obj)
                0x00000000000119c4                __device_dts_ord_78
 ._device.static.1_40_
                0x00000000000119d8       0x28 zephyr/drivers/gpio/libdrivers__gpio.a(gpio_nrfx.c.obj)
                0x00000000000119d8                __device_dts_ord_12
                0x00000000000119ec                __device_dts_ord_11
 ._device.static.1_55_
                0x0000000000011a00       0x14 zephyr/drivers/serial/libdrivers__serial.a(uart_nrfx_uarte.c.obj)
                0x0000000000011a00                __device_dts_ord_115
 ._device.static.3_40_
                0x0000000000011a14       0x14 zephyr/drivers/mbox/libdrivers__mbox.a(mbox_nrfx_ipc.c.obj)
                0x0000000000011a14                __device_dts_ord_27
 ._device.static.3_70_
                0x0000000000011a28       0x28 zephyr/drivers/spi/libdrivers__spi.a(spi_nrfx_spim.c.obj)
                0x0000000000011a28                __device_dts_ord_140
                0x0000000000011a3c                __device_dts_ord_138
                0x0000000000011a50                _device_list_end = .

sw_isr_table    0x0000000000011a50      0x228
                0x0000000000011a50                . = ALIGN (0x4)
 *(SORT_BY_ALIGNMENT(.gnu.linkonce.sw_isr_table*))
 .gnu.linkonce.sw_isr_table
                0x0000000000011a50      0x228 zephyr/arch/common/libisr_tables.a(isr_tables.c.obj)
                0x0000000000011a50                _sw_isr_table

initlevel_error
                0x0000000000011944        0x0
 *(SORT_BY_NAME(SORT_BY_ALIGNMENT(.z_init_[_A-Z0-9]*)))
                0x0000000000000001                ASSERT ((SIZEOF (initlevel_error) == 0x0), Undefined initialization levels used.)

app_shmem_regions
                0x0000000000011c78        0x0
                0x0000000000011c78                __app_shmem_regions_start = .
 *(SORT_BY_NAME(SORT_BY_ALIGNMENT(.app_regions.*)))
                0x0000000000011c78                __app_shmem_regions_end = .

k_p4wq_initparam_area
                0x0000000000011c78        0x0
                0x0000000000011c78                _k_p4wq_initparam_list_start = .
 *(SORT_BY_NAME(SORT_BY_ALIGNMENT(._k_p4wq_initparam.static.*)))
                0x0000000000011c78                _k_p4wq_initparam_list_end = .

_static_thread_data_area
                0x0000000000011c78        0x0
                0x0000000000011c78                __static_thread_data_list_start = .
 *(SORT_BY_NAME(SORT_BY_ALIGNMENT(.__static_thread_data.static.*)))
                0x0000000000011c78                __static_thread_data_list_end = .

device_deps     0x0000000000011c78        0x0
                0x0000000000011c78                __device_deps_start = .
 *(SORT_BY_NAME(SORT_BY_ALIGNMENT(.__device_deps_pass2*)))
                0x0000000000011c78                __device_deps_end = .

ztest           0x0000000000011c78        0x0
                0x0000000000011c78                _ztest_expected_result_entry_list_start = .
 *(SORT_BY_NAME(SORT_BY_ALIGNMENT(._ztest_expected_result_entry.static.*)))
                0x0000000000011c78                _ztest_expected_result_entry_list_end = .
                0x0000000000011c78                _ztest_suite_node_list_start = .
 *(SORT_BY_NAME(SORT_BY_ALIGNMENT(._ztest_suite_node.static.*)))
                0x0000000000011c78                _ztest_suite_node_list_end = .
                0x0000000000011c78                _ztest_unit_test_list_start = .
 *(SORT_BY_NAME(SORT_BY_ALIGNMENT(._ztest_unit_test.static.*)))
                0x0000000000011c78                _ztest_unit_test_list_end = .
                0x0000000000011c78                _ztest_test_rule_list_start = .
 *(SORT_BY_NAME(SORT_BY_ALIGNMENT(._ztest_test_rule.static.*)))
                0x0000000000011c78                _ztest_test_rule_list_end = .

bt_l2cap_fixed_chan_area
                0x0000000000011c78        0x0
                0x0000000000011c78                _bt_l2cap_fixed_chan_list_start = .
 *(SORT_BY_NAME(SORT_BY_ALIGNMENT(._bt_l2cap_fixed_chan.static.*)))
                0x0000000000011c78                _bt_l2cap_fixed_chan_list_end = .

bt_gatt_service_static_area
                0x0000000000011c78        0x0
                0x0000000000011c78                _bt_gatt_service_static_list_start = .
 *(SORT_BY_NAME(SORT_BY_ALIGNMENT(._bt_gatt_service_static.static.*)))
                0x0000000000011c78                _bt_gatt_service_static_list_end = .

log_strings_area
                0x0000000000011c78        0x0
                0x0000000000011c78                _log_strings_list_start = .
 *(SORT_BY_NAME(SORT_BY_ALIGNMENT(._log_strings.static.*)))
                0x0000000000011c78                _log_strings_list_end = .

log_const_area  0x0000000000011c78       0x68
                0x0000000000011c78                _log_const_list_start = .
 *(SORT_BY_NAME(SORT_BY_ALIGNMENT(._log_const.static.*)))
 ._log_const.static.log_const_Lesson5_Exercise1_
                0x0000000000011c78        0x8 app/libapp.a(main.c.obj)
                0x0000000000011c78                log_const_Lesson5_Exercise1
 ._log_const.static.log_const_cbprintf_package_
                0x0000000000011c80        0x8 zephyr/libzephyr.a(cbprintf_packaged.c.obj)
                0x0000000000011c80                log_const_cbprintf_package
 ._log_const.static.log_const_clock_control_
                0x0000000000011c88        0x8 zephyr/drivers/clock_control/libdrivers__clock_control.a(clock_control_nrf.c.obj)
                0x0000000000011c88                log_const_clock_control
 ._log_const.static.log_const_log_
                0x0000000000011c90        0x8 zephyr/libzephyr.a(log_core.c.obj)
                0x0000000000011c90                log_const_log
 ._log_const.static.log_const_log_mgmt_
                0x0000000000011c98        0x8 zephyr/libzephyr.a(log_mgmt.c.obj)
                0x0000000000011c98                log_const_log_mgmt
 ._log_const.static.log_const_log_uart_
                0x0000000000011ca0        0x8 zephyr/libzephyr.a(log_backend_uart.c.obj)
                0x0000000000011ca0                log_const_log_uart
 ._log_const.static.log_const_mbox_nrfx_ipc_
                0x0000000000011ca8        0x8 zephyr/drivers/mbox/libdrivers__mbox.a(mbox_nrfx_ipc.c.obj)
                0x0000000000011ca8                log_const_mbox_nrfx_ipc
 ._log_const.static.log_const_mpu_
                0x0000000000011cb0        0x8 zephyr/arch/arch/arm/core/mpu/libarch__arm__core__mpu.a(arm_core_mpu.c.obj)
                0x0000000000011cb0                log_const_mpu
 ._log_const.static.log_const_os_
                0x0000000000011cb8        0x8 zephyr/kernel/libkernel.a(init.c.obj)
                0x0000000000011cb8                log_const_os
 ._log_const.static.log_const_soc_
                0x0000000000011cc0        0x8 zephyr/soc/soc/arm/nordic_nrf/libsoc__arm__nordic_nrf.a(soc.c.obj)
                0x0000000000011cc0                log_const_soc
 ._log_const.static.log_const_spi_nrfx_spim_
                0x0000000000011cc8        0x8 zephyr/drivers/spi/libdrivers__spi.a(spi_nrfx_spim.c.obj)
                0x0000000000011cc8                log_const_spi_nrfx_spim
 ._log_const.static.log_const_sync_rtc_
                0x0000000000011cd0        0x8 zephyr/soc/soc/arm/nordic_nrf/libsoc__arm__nordic_nrf.a(sync_rtc.c.obj)
                0x0000000000011cd0                log_const_sync_rtc
 ._log_const.static.log_const_uart_nrfx_uarte_
                0x0000000000011cd8        0x8 zephyr/drivers/serial/libdrivers__serial.a(uart_nrfx_uarte.c.obj)
                0x0000000000011cd8                log_const_uart_nrfx_uarte
                0x0000000000011ce0                _log_const_list_end = .

log_backend_area
                0x0000000000011ce0       0x10
                0x0000000000011ce0                _log_backend_list_start = .
 *(SORT_BY_NAME(SORT_BY_ALIGNMENT(._log_backend.static.*)))
 ._log_backend.static.log_backend_uart_
                0x0000000000011ce0       0x10 zephyr/libzephyr.a(log_backend_uart.c.obj)
                0x0000000000011cf0                _log_backend_list_end = .

log_link_area   0x0000000000011cf0        0x0
                0x0000000000011cf0                _log_link_list_start = .
 *(SORT_BY_NAME(SORT_BY_ALIGNMENT(._log_link.static.*)))
                0x0000000000011cf0                _log_link_list_end = .

tracing_backend_area
                0x0000000000011cf0        0x0
                0x0000000000011cf0                _tracing_backend_list_start = .
 *(SORT_BY_NAME(SORT_BY_ALIGNMENT(._tracing_backend.static.*)))
                0x0000000000011cf0                _tracing_backend_list_end = .

zephyr_dbg_info
 *(SORT_BY_ALIGNMENT(.dbg_thread_info))

symbol_to_keep  0x0000000000011cf0        0x0
                0x0000000000011cf0                __symbol_to_keep_start = .
 *(SORT_BY_NAME(SORT_BY_ALIGNMENT(.symbol_to_keep*)))
                0x0000000000011cf0                __symbol_to_keep_end = .

shell_area      0x0000000000011cf0        0x0
                0x0000000000011cf0                _shell_list_start = .
 *(SORT_BY_NAME(SORT_BY_ALIGNMENT(._shell.static.*)))
                0x0000000000011cf0                _shell_list_end = .

shell_root_cmds_area
                0x0000000000011cf0        0x0
                0x0000000000011cf0                _shell_root_cmds_list_start = .
 *(SORT_BY_NAME(SORT_BY_ALIGNMENT(._shell_root_cmds.static.*)))
                0x0000000000011cf0                _shell_root_cmds_list_end = .

shell_subcmds_area
                0x0000000000011cf0        0x0