Archive member included to satisfy reference by file (symbol)

platform/libplatform_s.a(system_nrf5340_application.o)
                              secure_fw/CMakeFiles/tfm_s.dir/__/platform/ext/target/nordic_nrf/common/core/startup.o (SystemInit)
platform/libplatform_s.a(exception_info.o)
                              secure_fw/CMakeFiles/tfm_s.dir/__/platform/ext/target/nordic_nrf/common/core/startup_nrf5340.o (store_and_dump_context)
secure_fw/partitions/lib/runtime/libtfm_sprt.a(crt_memcpy.o)
                              platform/libplatform_s.a(exception_info.o) (memcpy)
secure_fw/partitions/lib/runtime/libtfm_sprt.a(crt_memset.o)
                              /home/thuantran/workspace/01.Projects/01.Embedded/03.NordicSemicon/gcc-arm-none-eabi-9-2019-q4-major/bin/../lib/gcc/arm-none-eabi/9.2.1/../../../../arm-none-eabi/lib/thumb/v8-m.main/nofp/crt0.o (memset)
secure_fw/partitions/lib/runtime/libtfm_sprt.a(psa_interface_sfn.o)
                              secure_fw/CMakeFiles/tfm_s.dir/partitions/ns_agent_tz/psa_api_veneers_v80m.o (psa_framework_version)
secure_fw/spm/libtfm_spm.a(utilities.o)
                              secure_fw/CMakeFiles/tfm_s.dir/__/platform/ext/target/nordic_nrf/common/core/startup.o (tfm_core_panic)
secure_fw/spm/libtfm_spm.a(main.o)
                              /home/thuantran/workspace/01.Projects/01.Embedded/03.NordicSemicon/gcc-arm-none-eabi-9-2019-q4-major/bin/../lib/gcc/arm-none-eabi/9.2.1/../../../../arm-none-eabi/lib/thumb/v8-m.main/nofp/crt0.o (main)
secure_fw/spm/libtfm_spm.a(psa_api.o)
                              secure_fw/partitions/lib/runtime/libtfm_sprt.a(psa_interface_sfn.o) (spm_handle_programmer_errors)
secure_fw/spm/libtfm_spm.a(psa_call_api.o)
                              secure_fw/partitions/lib/runtime/libtfm_sprt.a(psa_interface_sfn.o) (tfm_spm_client_psa_call)
secure_fw/spm/libtfm_spm.a(psa_version_api.o)
                              secure_fw/partitions/lib/runtime/libtfm_sprt.a(psa_interface_sfn.o) (tfm_spm_client_psa_framework_version)
secure_fw/spm/libtfm_spm.a(psa_read_write_skip_api.o)
                              secure_fw/partitions/lib/runtime/libtfm_sprt.a(psa_interface_sfn.o) (tfm_spm_partition_psa_read)
secure_fw/spm/libtfm_spm.a(backend_sfn.o)
                              secure_fw/partitions/lib/runtime/libtfm_sprt.a(psa_interface_sfn.o) (p_current_partition)
secure_fw/spm/libtfm_spm.a(tfm_svcalls.o)
                              secure_fw/spm/libtfm_spm.a(main.o) (tfm_core_handler_mode)
secure_fw/spm/libtfm_spm.a(spm_local_connection.o)
                              secure_fw/spm/libtfm_spm.a(psa_api.o) (spm_free_connection)
secure_fw/spm/libtfm_spm.a(tfm_arch_v8m_main.o)
                              secure_fw/spm/libtfm_spm.a(main.o) (tfm_arch_set_secure_exception_priorities)
secure_fw/spm/libtfm_spm.a(ns_agent_tz_v80m.o)
                              secure_fw/CMakeFiles/tfm_s.dir/partitions/ns_agent_tz/load_info_ns_agent_tz.o (ns_agent_tz_main)
secure_fw/spm/libtfm_spm.a(tfm_hal_isolation.o)
                              secure_fw/spm/libtfm_spm.a(psa_call_api.o) (tfm_hal_memory_check)
secure_fw/spm/libtfm_spm.a(tfm_hal_platform_common.o)
                              secure_fw/spm/libtfm_spm.a(backend_sfn.o) (tfm_hal_get_ns_entry_point)
secure_fw/spm/libtfm_spm.a(faults.o)
                              secure_fw/CMakeFiles/tfm_s.dir/__/platform/ext/target/nordic_nrf/common/core/startup_nrf5340.o (SPU_IRQHandler)
secure_fw/spm/libtfm_spm.a(target_cfg.o)
                              secure_fw/spm/libtfm_spm.a(tfm_hal_platform_common.o) (enable_fault_handlers)
secure_fw/spm/libtfm_spm.a(tfm_boot_data.o)
                              secure_fw/spm/libtfm_spm.a(main.o) (tfm_core_validate_boot_data)
secure_fw/spm/libtfm_spm.a(tfm_arch.o)
                              secure_fw/spm/libtfm_spm.a(tfm_svcalls.o) (tfm_arch_free_msp_and_exc_ret)
secure_fw/spm/libtfm_spm.a(spm_ipc.o)
                              secure_fw/spm/libtfm_spm.a(psa_version_api.o) (tfm_spm_get_service_by_sid)
secure_fw/spm/libtfm_spm.a(rom_loader.o)
                              secure_fw/spm/libtfm_spm.a(spm_ipc.o) (load_a_partition_assuredly)
secure_fw/spm/libtfm_spm.a(tfm_spm_ns_ctx.o)
                              secure_fw/spm/libtfm_spm.a(spm_ipc.o) (tfm_nspm_get_current_client_id)
secure_fw/partitions/crypto/libtfm_psa_rot_partition_crypto.a(crypto_init.o)
                              secure_fw/CMakeFiles/tfm_s.dir/__/generated/secure_fw/partitions/crypto/auto_generated/load_info_tfm_crypto.o (tfm_crypto_init)
secure_fw/partitions/crypto/libtfm_psa_rot_partition_crypto.a(crypto_alloc.o)
                              secure_fw/partitions/crypto/libtfm_psa_rot_partition_crypto.a(crypto_init.o) (tfm_crypto_init_alloc)
secure_fw/partitions/crypto/libtfm_psa_rot_partition_crypto.a(crypto_cipher.o)
                              secure_fw/partitions/crypto/libtfm_psa_rot_partition_crypto.a(crypto_init.o) (tfm_crypto_cipher_interface)
[...]
Memory Configuration

Name             Origin             Length             Attributes
FLASH            0x0000000000000000 0x0000000000008000 xr
RAM              0x0000000020000000 0x0000000000008000 xrw
*default*        0x0000000000000000 0xffffffffffffffff

Linker script and memory map

LOAD /home/thuantran/workspace/01.Projects/01.Embedded/03.NordicSemicon/gcc-arm-none-eabi-9-2019-q4-major/bin/../lib/gcc/arm-none-eabi/9.2.1/thumb/v8-m.main/nofp/crti.o
LOAD /home/thuantran/workspace/01.Projects/01.Embedded/03.NordicSemicon/gcc-arm-none-eabi-9-2019-q4-major/bin/../lib/gcc/arm-none-eabi/9.2.1/thumb/v8-m.main/nofp/crtbegin.o
LOAD /home/thuantran/workspace/01.Projects/01.Embedded/03.NordicSemicon/gcc-arm-none-eabi-9-2019-q4-major/bin/../lib/gcc/arm-none-eabi/9.2.1/../../../../arm-none-eabi/lib/thumb/v8-m.main/nofp/crt0.o
LOAD secure_fw/CMakeFiles/tfm_s.dir/partitions/ns_agent_tz/psa_api_veneers_v80m.o
LOAD secure_fw/CMakeFiles/tfm_s.dir/__/platform/ext/target/nordic_nrf/common/core/startup.o
LOAD secure_fw/CMakeFiles/tfm_s.dir/__/platform/ext/target/nordic_nrf/common/core/startup_nrf5340.o
LOAD secure_fw/CMakeFiles/tfm_s.dir/__/platform/ext/common/faults.o
LOAD secure_fw/CMakeFiles/tfm_s.dir/__/generated/secure_fw/partitions/crypto/auto_generated/load_info_tfm_crypto.o
LOAD secure_fw/CMakeFiles/tfm_s.dir/__/generated/secure_fw/partitions/platform/auto_generated/load_info_tfm_platform.o
LOAD secure_fw/CMakeFiles/tfm_s.dir/partitions/ns_agent_tz/load_info_ns_agent_tz.o
LOAD platform/libplatform_s.a
LOAD secure_fw/partitions/lib/runtime/libtfm_sprt.a
LOAD secure_fw/spm/libtfm_spm.a
LOAD secure_fw/partitions/crypto/libtfm_psa_rot_partition_crypto.a
LOAD platform/libplatform_crypto_keys.a
LOAD secure_fw/partitions/crypto/mbedcrypto/nrf_security_src/libcrypto_service_mbedcrypto.a
LOAD secure_fw/partitions/platform/libtfm_psa_rot_partition_platform.a
LOAD platform/libplatform_s.a
LOAD secure_fw/partitions/lib/runtime/libtfm_sprt.a
LOAD secure_fw/spm/libtfm_spm.a
LOAD secure_fw/partitions/crypto/libtfm_psa_rot_partition_crypto.a
LOAD platform/libplatform_crypto_keys.a
LOAD secure_fw/partitions/crypto/mbedcrypto/nrf_security_src/libcrypto_service_mbedcrypto.a
LOAD secure_fw/partitions/platform/libtfm_psa_rot_partition_platform.a
LOAD platform/libplatform_s.a
LOAD secure_fw/partitions/lib/runtime/libtfm_sprt.a
LOAD secure_fw/spm/libtfm_spm.a
LOAD secure_fw/partitions/crypto/libtfm_psa_rot_partition_crypto.a
LOAD platform/libplatform_crypto_keys.a
LOAD secure_fw/partitions/crypto/mbedcrypto/nrf_security_src/libcrypto_service_mbedcrypto.a
LOAD secure_fw/partitions/platform/libtfm_psa_rot_partition_platform.a
LOAD /home/thuantran/ncs/toolchains/nrfxlib/crypto/nrf_cc312_platform/lib/cortex-m33/soft-float/no-interrupts/libnrf_cc312_platform_0.9.19.a
LOAD /home/thuantran/ncs/toolchains/nrfxlib/crypto/nrf_oberon/lib/cortex-m33/soft-float/liboberon_mbedtls_3.0.14.a
LOAD secure_fw/partitions/crypto/mbedcrypto/nrf_security_src/libmbedcrypto_base.a
LOAD /home/thuantran/ncs/toolchains/nrfxlib/crypto/nrf_oberon/lib/cortex-m33/soft-float/liboberon_3.0.14.a
START GROUP
LOAD /home/thuantran/workspace/01.Projects/01.Embedded/03.NordicSemicon/gcc-arm-none-eabi-9-2019-q4-major/bin/../lib/gcc/arm-none-eabi/9.2.1/thumb/v8-m.main/nofp/libgcc.a
LOAD /home/thuantran/workspace/01.Projects/01.Embedded/03.NordicSemicon/gcc-arm-none-eabi-9-2019-q4-major/bin/../lib/gcc/arm-none-eabi/9.2.1/../../../../arm-none-eabi/lib/thumb/v8-m.main/nofp/libc_nano.a
END GROUP
START GROUP
LOAD /home/thuantran/workspace/01.Projects/01.Embedded/03.NordicSemicon/gcc-arm-none-eabi-9-2019-q4-major/bin/../lib/gcc/arm-none-eabi/9.2.1/thumb/v8-m.main/nofp/libgcc.a
LOAD /home/thuantran/workspace/01.Projects/01.Embedded/03.NordicSemicon/gcc-arm-none-eabi-9-2019-q4-major/bin/../lib/gcc/arm-none-eabi/9.2.1/../../../../arm-none-eabi/lib/thumb/v8-m.main/nofp/libc_nano.a
END GROUP
LOAD /home/thuantran/workspace/01.Projects/01.Embedded/03.NordicSemicon/gcc-arm-none-eabi-9-2019-q4-major/bin/../lib/gcc/arm-none-eabi/9.2.1/thumb/v8-m.main/nofp/crtend.o
LOAD /home/thuantran/workspace/01.Projects/01.Embedded/03.NordicSemicon/gcc-arm-none-eabi-9-2019-q4-major/bin/../lib/gcc/arm-none-eabi/9.2.1/thumb/v8-m.main/nofp/crtn.o
                0x0000000000000800                __msp_stack_size__ = 0x800
START GROUP
LOAD /home/thuantran/workspace/01.Projects/01.Embedded/03.NordicSemicon/gcc-arm-none-eabi-9-2019-q4-major/bin/../lib/gcc/arm-none-eabi/9.2.1/thumb/v8-m.main/nofp/libgcc.a
LOAD /home/thuantran/workspace/01.Projects/01.Embedded/03.NordicSemicon/gcc-arm-none-eabi-9-2019-q4-major/bin/../lib/gcc/arm-none-eabi/9.2.1/../../../../arm-none-eabi/lib/thumb/v8-m.main/nofp/libc.a
LOAD /home/thuantran/workspace/01.Projects/01.Embedded/03.NordicSemicon/gcc-arm-none-eabi-9-2019-q4-major/bin/../lib/gcc/arm-none-eabi/9.2.1/../../../../arm-none-eabi/lib/thumb/v8-m.main/nofp/libm.a
LOAD /home/thuantran/workspace/01.Projects/01.Embedded/03.NordicSemicon/gcc-arm-none-eabi-9-2019-q4-major/bin/../lib/gcc/arm-none-eabi/9.2.1/../../../../arm-none-eabi/lib/thumb/v8-m.main/nofp/libnosys.a
LOAD /home/thuantran/workspace/01.Projects/01.Embedded/03.NordicSemicon/gcc-arm-none-eabi-9-2019-q4-major/bin/../lib/gcc/arm-none-eabi/9.2.1/../../../../arm-none-eabi/lib/thumb/v8-m.main/nofp/libc_nano.a
END GROUP

.TFM_VECTORS    0x0000000000000000      0x154
                0x0000000000000000                __vectors_start__ = .
 *(.vectors)
 .vectors       0x0000000000000000      0x154 secure_fw/CMakeFiles/tfm_s.dir/__/platform/ext/target/nordic_nrf/common/core/startup_nrf5340.o
                0x0000000000000000                __Vectors
                0x0000000000000154                . = ALIGN (0x4)
                0x0000000000000154                __vectors_end__ = .
                0x0000000000000001                ASSERT ((. <= (ADDR (.TFM_VECTORS) + 0x154)), .TFM_VECTORS section size overflow.)
                0x0000000000000154                . = (ADDR (.TFM_VECTORS) + 0x154)

.TFM_SP_LOAD_LIST
                0x0000000000000154       0xbc
 *(.part_load_priority_00)
 .part_load_priority_00
                0x0000000000000154       0x30 secure_fw/CMakeFiles/tfm_s.dir/partitions/ns_agent_tz/load_info_ns_agent_tz.o
                0x0000000000000154                tfm_sp_ns_agent_tz_load
 *(.part_load_priority_01)
 *(.part_load_priority_02)
 .part_load_priority_02
                0x0000000000000184       0x48 secure_fw/CMakeFiles/tfm_s.dir/__/generated/secure_fw/partitions/crypto/auto_generated/load_info_tfm_crypto.o
                0x0000000000000184                tfm_sp_crypto_load
 .part_load_priority_02
                0x00000000000001cc       0x44 secure_fw/CMakeFiles/tfm_s.dir/__/generated/secure_fw/partitions/platform/auto_generated/load_info_tfm_platform.o
                0x00000000000001cc                tfm_sp_platform_load
 *(.part_load_priority_03)
                0x0000000000000154                Image$$TFM_SP_LOAD_LIST$$RO$$Base = ADDR (.TFM_SP_LOAD_LIST)
                0x0000000000000210                Image$$TFM_SP_LOAD_LIST$$RO$$Limit = (ADDR (.TFM_SP_LOAD_LIST) + SIZEOF (.TFM_SP_LOAD_LIST))
                0x0000000000000220                . = ALIGN (0x20)
                0x0000000000000220                Image$$TFM_PSA_CODE_START$$Base = .

.TFM_PSA_ROT_LINKER
                0x0000000000000220      0x3e0
 *tfm_psa_rot_partition*:(SORT_BY_ALIGNMENT(.text*))
 .text.tfm_crypto_clear_scratch
                0x0000000000000220       0x20 secure_fw/partitions/crypto/libtfm_psa_rot_partition_crypto.a(crypto_init.o)
 .text.tfm_crypto_api_dispatcher
                0x0000000000000240       0xa4 secure_fw/partitions/crypto/libtfm_psa_rot_partition_crypto.a(crypto_init.o)
                0x0000000000000240                tfm_crypto_api_dispatcher
 .text.tfm_crypto_sfn
                0x00000000000002e4      0x170 secure_fw/partitions/crypto/libtfm_psa_rot_partition_crypto.a(crypto_init.o)
                0x00000000000002e4                tfm_crypto_sfn
 .text.tfm_crypto_init_alloc
                0x0000000000000454       0x14 secure_fw/partitions/crypto/libtfm_psa_rot_partition_crypto.a(crypto_alloc.o)
                0x0000000000000454                tfm_crypto_init_alloc
 .text.tfm_crypto_library_get_info
                0x0000000000000468       0x1c secure_fw/partitions/crypto/libtfm_psa_rot_partition_crypto.a(crypto_library.o)
                0x0000000000000468                tfm_crypto_library_get_info
 .text.tfm_crypto_core_library_init
                0x0000000000000484       0x14 secure_fw/partitions/crypto/libtfm_psa_rot_partition_crypto.a(crypto_library.o)
                0x0000000000000484                tfm_crypto_core_library_init
 .text.tfm_crypto_init
                0x0000000000000498       0x1c secure_fw/partitions/crypto/libtfm_psa_rot_partition_crypto.a(crypto_init.o)
                0x0000000000000498                tfm_crypto_init
 .text.tfm_crypto_cipher_interface
                0x00000000000004b4        0x6 secure_fw/partitions/crypto/libtfm_psa_rot_partition_crypto.a(crypto_cipher.o)
                0x00000000000004b4                tfm_crypto_cipher_interface
 .text.tfm_crypto_hash_interface
                0x00000000000004ba        0x6 secure_fw/partitions/crypto/libtfm_psa_rot_partition_crypto.a(crypto_hash.o)
                0x00000000000004ba                tfm_crypto_hash_interface
 .text.tfm_crypto_mac_interface
                0x00000000000004c0        0x6 secure_fw/partitions/crypto/libtfm_psa_rot_partition_crypto.a(crypto_mac.o)
                0x00000000000004c0                tfm_crypto_mac_interface
 .text.tfm_crypto_aead_interface
                0x00000000000004c6        0x6 secure_fw/partitions/crypto/libtfm_psa_rot_partition_crypto.a(crypto_aead.o)
                0x00000000000004c6                tfm_crypto_aead_interface
 .text.tfm_crypto_asymmetric_sign_interface
                0x00000000000004cc        0x6 secure_fw/partitions/crypto/libtfm_psa_rot_partition_crypto.a(crypto_asymmetric.o)
                0x00000000000004cc                tfm_crypto_asymmetric_sign_interface
 .text.tfm_crypto_asymmetric_encrypt_interface
                0x00000000000004d2        0x6 secure_fw/partitions/crypto/libtfm_psa_rot_partition_crypto.a(crypto_asymmetric.o)
                0x00000000000004d2                tfm_crypto_asymmetric_encrypt_interface
 .text.tfm_crypto_key_derivation_interface
                0x00000000000004d8        0x6 secure_fw/partitions/crypto/libtfm_psa_rot_partition_crypto.a(crypto_key_derivation.o)
                0x00000000000004d8                tfm_crypto_key_derivation_interface
 .text.tfm_crypto_key_management_interface
                0x00000000000004de        0x6 secure_fw/partitions/crypto/libtfm_psa_rot_partition_crypto.a(crypto_key_management.o)
                0x00000000000004de                tfm_crypto_key_management_interface
 .text.tfm_crypto_random_interface
                0x00000000000004e4        0x8 secure_fw/partitions/crypto/libtfm_psa_rot_partition_crypto.a(crypto_rng.o)
                0x00000000000004e4                tfm_crypto_random_interface
 .text.tfm_platform_service_sfn
                0x00000000000004ec       0xf8 secure_fw/partitions/platform/libtfm_psa_rot_partition_platform.a(platform_sp.o)
                0x00000000000004ec                tfm_platform_service_sfn
 .text.platform_sp_init
                0x00000000000005e4        0x4 secure_fw/partitions/platform/libtfm_psa_rot_partition_platform.a(platform_sp.o)
                0x00000000000005e4                platform_sp_init
 *tfm_psa_rot_partition*:(SORT_BY_ALIGNMENT(.rodata*))
 .rodata.tfm_crypto_library_get_info.str1.1
                0x00000000000005e8        0xf secure_fw/partitions/crypto/libtfm_psa_rot_partition_crypto.a(crypto_library.o)
 *(TFM_*_PSA-ROT_ATTR_FN)
                0x0000000000000600                . = ALIGN (0x20)
 *fill*         0x00000000000005f7        0x9 
                0x0000000000000220                Image$$TFM_PSA_ROT_LINKER$$RO$$Base = ADDR (.TFM_PSA_ROT_LINKER)
                0x0000000000000600                Image$$TFM_PSA_ROT_LINKER$$RO$$Limit = (ADDR (.TFM_PSA_ROT_LINKER) + SIZEOF (.TFM_PSA_ROT_LINKER))
                0x0000000000000220                Image$$TFM_PSA_ROT_LINKER$$Base = ADDR (.TFM_PSA_ROT_LINKER)
                0x0000000000000600                Image$$TFM_PSA_ROT_LINKER$$Limit = (ADDR (.TFM_PSA_ROT_LINKER) + SIZEOF (.TFM_PSA_ROT_LINKER))
                0x0000000000000600                Image$$TFM_PSA_CODE_END$$Base = .
                0x0000000000000600                Image$$TFM_APP_CODE_START$$Base = .

.TFM_APP_ROT_LINKER
                0x0000000000000600        0x0
 *tfm_app_rot_partition*:(SORT_BY_ALIGNMENT(.text*))
 *tfm_app_rot_partition*:(SORT_BY_ALIGNMENT(.rodata*))
 *(TFM_*_APP-ROT_ATTR_FN)
                0x0000000000000600                . = ALIGN (0x20)
                0x0000000000000600                Image$$TFM_APP_ROT_LINKER$$RO$$Base = ADDR (.TFM_APP_ROT_LINKER)
                0x0000000000000600                Image$$TFM_APP_ROT_LINKER$$RO$$Limit = (ADDR (.TFM_APP_ROT_LINKER) + SIZEOF (.TFM_APP_ROT_LINKER))
                0x0000000000000600                Image$$TFM_APP_ROT_LINKER$$Base = ADDR (.TFM_APP_ROT_LINKER)
                0x0000000000000600                Image$$TFM_APP_ROT_LINKER$$Limit = (ADDR (.TFM_APP_ROT_LINKER) + SIZEOF (.TFM_APP_ROT_LINKER))
                0x0000000000000600                Image$$TFM_APP_CODE_END$$Base = .

.ARM.extab
 *(.ARM.extab* .gnu.linkonce.armextab.*)
                0x0000000000000600                __exidx_start = .

.ARM.exidx      0x0000000000000600        0x8
 *(.ARM.exidx* .gnu.linkonce.armexidx.*)
 .ARM.exidx     0x0000000000000600        0x8 /home/thuantran/workspace/01.Projects/01.Embedded/03.NordicSemicon/gcc-arm-none-eabi-9-2019-q4-major/bin/../lib/gcc/arm-none-eabi/9.2.1/../../../../arm-none-eabi/lib/thumb/v8-m.main/nofp/crt0.o
                0x0000000000000608                __exidx_end = .

.ER_TFM_CODE    0x0000000000000608     0x1944
                0x0000000000000608                . = ALIGN (0x4)
                0x0000000000000608                __copy_table_start__ = .
                0x0000000000000608        0x4 LONG 0x7c40 LOADADDR (.TFM_DATA)
                0x000000000000060c        0x4 LONG 0x20001080 ADDR (.TFM_DATA)
                0x0000000000000610        0x4 LONG 0x3d (SIZEOF (.TFM_DATA) / 0x4)
                0x0000000000000614        0x4 LONG 0x7c40 LOADADDR (.TFM_PSA_ROT_LINKER_DATA)
                0x0000000000000618        0x4 LONG 0x20000c20 ADDR (.TFM_PSA_ROT_LINKER_DATA)
                0x000000000000061c        0x4 LONG 0x0 (SIZEOF (.TFM_PSA_ROT_LINKER_DATA) / 0x4)
                0x0000000000000620        0x4 LONG 0x7c40 LOADADDR (.TFM_APP_ROT_LINKER_DATA)
                0x0000000000000624        0x4 LONG 0x20000c00 ADDR (.TFM_APP_ROT_LINKER_DATA)
                0x0000000000000628        0x4 LONG 0x0 (SIZEOF (.TFM_APP_ROT_LINKER_DATA) / 0x4)
                0x000000000000062c                __copy_table_end__ = .
                0x000000000000062c                . = ALIGN (0x4)
                0x000000000000062c                __zero_table_start__ = .
                0x000000000000062c        0x4 LONG 0x20001174 ADDR (.TFM_BSS)
                0x0000000000000630        0x4 LONG 0x5ae (SIZEOF (.TFM_BSS) / 0x4)
                0x0000000000000634        0x4 LONG 0x20000c20 ADDR (.TFM_PSA_ROT_LINKER_BSS)
                0x0000000000000638        0x4 LONG 0x118 (SIZEOF (.TFM_PSA_ROT_LINKER_BSS) / 0x4)
                0x000000000000063c        0x4 LONG 0x20000c00 ADDR (.TFM_APP_ROT_LINKER_BSS)
                0x0000000000000640        0x4 LONG 0x8 (SIZEOF (.TFM_APP_ROT_LINKER_BSS) / 0x4)
                0x0000000000000644                __zero_table_end__ = .
 *startup*(.text*)
 .text.default_irq_handler
                0x0000000000000644        0x4 secure_fw/CMakeFiles/tfm_s.dir/__/platform/ext/target/nordic_nrf/common/core/startup.o
                0x0000000000000644                default_irq_handler
 .text.Reset_Handler
                0x0000000000000648       0xb4 secure_fw/CMakeFiles/tfm_s.dir/__/platform/ext/target/nordic_nrf/common/core/startup.o
                0x0000000000000648                Reset_Handler
 .text.default_tfm_IRQHandler
                0x00000000000006fc       0x1c secure_fw/CMakeFiles/tfm_s.dir/__/platform/ext/target/nordic_nrf/common/core/startup_nrf5340.o
                0x00000000000006fc                TIMER2_IRQHandler
                0x00000000000006fc                DebugMon_Handler
                0x00000000000006fc                SPIM4_IRQHandler
                0x00000000000006fc                RTC0_IRQHandler
                0x00000000000006fc                SERIAL1_IRQHandler
                0x00000000000006fc                SysTick_Handler
                0x00000000000006fc                PWM1_IRQHandler
                0x00000000000006fc                SERIAL3_IRQHandler
                0x00000000000006fc                PendSV_Handler
                0x00000000000006fc                NMI_Handler
                0x00000000000006fc                WDT0_IRQHandler
                0x00000000000006fc                I2S0_IRQHandler
                0x00000000000006fc                default_tfm_IRQHandler
                0x00000000000006fc                IPC_IRQHandler
                0x00000000000006fc                SERIAL2_IRQHandler
                0x00000000000006fc                PWM3_IRQHandler
                0x00000000000006fc                QDEC1_IRQHandler
                0x00000000000006fc                FPU_IRQHandler
                0x00000000000006fc                USBD_IRQHandler
                0x00000000000006fc                EGU3_IRQHandler
                0x00000000000006fc                KMU_IRQHandler
                0x00000000000006fc                CRYPTOCELL_IRQHandler
                0x00000000000006fc                EGU2_IRQHandler
                0x00000000000006fc                TIMER0_IRQHandler
                0x00000000000006fc                CACHE_IRQHandler
                0x00000000000006fc                EGU4_IRQHandler
                0x00000000000006fc                EGU0_IRQHandler
                0x00000000000006fc                GPIOTE1_IRQHandler
                0x00000000000006fc                TIMER1_IRQHandler
                0x00000000000006fc                PWM2_IRQHandler
                0x00000000000006fc                EGU1_IRQHandler
                0x00000000000006fc                EGU5_IRQHandler
                0x00000000000006fc                SAADC_IRQHandler
                0x00000000000006fc                GPIOTE0_IRQHandler
                0x00000000000006fc                QDEC0_IRQHandler
                0x00000000000006fc                PWM0_IRQHandler
                0x00000000000006fc                RTC1_IRQHandler
                0x00000000000006fc                SERIAL0_IRQHandler
                0x00000000000006fc                USBREGULATOR_IRQHandler
                0x00000000000006fc                NFCT_IRQHandler
                0x00000000000006fc                WDT1_IRQHandler
                0x00000000000006fc                QSPI_IRQHandler
                0x00000000000006fc                COMP_LPCOMP_IRQHandler
                0x00000000000006fc                CLOCK_POWER_IRQHandler
                0x00000000000006fc                PDM0_IRQHandler
 *libplatform_s*:(SORT_BY_ALIGNMENT(.text*))
 .text.nrf53_errata_42
                0x0000000000000718       0x24 platform/libplatform_s.a(system_nrf5340_application.o)
 .text.SystemInit
                0x000000000000073c      0x1c0 platform/libplatform_s.a(system_nrf5340_application.o)
                0x000000000000073c                SystemInit
 .text.tfm_exception_info_get_context
                0x00000000000008fc        0xc platform/libplatform_s.a(exception_info.o)
                0x00000000000008fc                tfm_exception_info_get_context
 .text.store_and_dump_context
                0x0000000000000908       0x9c platform/libplatform_s.a(exception_info.o)
                0x0000000000000908                store_and_dump_context
 .text.mpu_armv8m_enable
                0x00000000000009a4       0x30 platform/libplatform_s.a(mpu_armv8m_drv.o)
                0x00000000000009a4                mpu_armv8m_enable
 .text.spu_enable_interrupts
                0x00000000000009d4       0x10 platform/libplatform_s.a(spu.o)
                0x00000000000009d4                spu_enable_interrupts
 .text.spu_events_get
                0x00000000000009e4       0x28 platform/libplatform_s.a(spu.o)
                0x00000000000009e4                spu_events_get
 .text.spu_clear_events
                0x0000000000000a0c       0x24 platform/libplatform_s.a(spu.o)
                0x0000000000000a0c                spu_clear_events
 .text.spu_regions_reset_unlocked_secure
                0x0000000000000a30       0x30 platform/libplatform_s.a(spu.o)
                0x0000000000000a30                spu_regions_reset_unlocked_secure
 .text.spu_regions_flash_config
                0x0000000000000a60       0x3c platform/libplatform_s.a(spu.o)
                0x0000000000000a60                spu_regions_flash_config
 .text.spu_regions_sram_config
                0x0000000000000a9c       0x44 platform/libplatform_s.a(spu.o)
                0x0000000000000a9c                spu_regions_sram_config
 .text.spu_regions_flash_config_non_secure_callable
                0x0000000000000ae0       0x30 platform/libplatform_s.a(spu.o)
                0x0000000000000ae0                spu_regions_flash_config_non_secure_callable
 .text.spu_regions_sram_get_last_address_in_region
                0x0000000000000b10        0xc platform/libplatform_s.a(spu.o)
                0x0000000000000b10                spu_regions_sram_get_last_address_in_region
 .text.spu_peripheral_config_non_secure
                0x0000000000000b1c       0x1c platform/libplatform_s.a(spu.o)
                0x0000000000000b1c                spu_peripheral_config_non_secure
 .text.nrf_exception_info_store_context
                0x0000000000000b38       0x10 platform/libplatform_s.a(nrf_exception_info.o)
                0x0000000000000b38                nrf_exception_info_store_context
 .text.nrf_exception_info_get_context
                0x0000000000000b48        0xc platform/libplatform_s.a(nrf_exception_info.o)
                0x0000000000000b48                nrf_exception_info_get_context
 .text.tfm_hal_platform_init
                0x0000000000000b54       0x30 platform/libplatform_s.a(tfm_hal_platform.o)
                0x0000000000000b54                tfm_hal_platform_init
 .text.ns_fault_service_set_handler
                0x0000000000000b84       0x14 platform/libplatform_s.a(ns_fault_service.o)
                0x0000000000000b84                ns_fault_service_set_handler
 .text.call_ns_callback
                0x0000000000000b98       0xa8 platform/libplatform_s.a(ns_fault_service.o)
                0x0000000000000b98                call_ns_callback
 .text.ns_fault_service_call_handler
                0x0000000000000c40       0x34 platform/libplatform_s.a(ns_fault_service.o)
                0x0000000000000c40                ns_fault_service_call_handler
 .text.tfm_platform_hal_system_reset
                0x0000000000000c74       0x24 platform/libplatform_s.a(tfm_platform_system.o)
                0x0000000000000c74                tfm_platform_hal_system_reset
 .text.tfm_platform_hal_read_service
                0x0000000000000c98       0x60 platform/libplatform_s.a(tfm_platform_hal_ioctl.o)
                0x0000000000000c98                tfm_platform_hal_read_service
 .text.tfm_platform_hal_gpio_service
                0x0000000000000cf8       0x8c platform/libplatform_s.a(tfm_platform_hal_ioctl.o)
                0x0000000000000cf8                tfm_platform_hal_gpio_service
 .text.mpu_armv8m_region_enable
                0x0000000000000d84       0x6a platform/libplatform_s.a(mpu_armv8m_drv.o)
                0x0000000000000d84                mpu_armv8m_region_enable
 .text.mpu_armv8m_region_disable
                0x0000000000000dee       0x14 platform/libplatform_s.a(mpu_armv8m_drv.o)
                0x0000000000000dee                mpu_armv8m_region_disable
 .text.mpu_armv8m_clean
                0x0000000000000e02       0x22 platform/libplatform_s.a(mpu_armv8m_drv.o)
                0x0000000000000e02                mpu_armv8m_clean
 .text.spu_regions_flash_get_base_address_in_region
                0x0000000000000e24        0x4 platform/libplatform_s.a(spu.o)
                0x0000000000000e24                spu_regions_flash_get_base_address_in_region
 .text.spu_regions_flash_get_last_address_in_region
                0x0000000000000e28        0xa platform/libplatform_s.a(spu.o)
                0x0000000000000e28                spu_regions_flash_get_last_address_in_region
 .text.spu_regions_flash_get_start_id
                0x0000000000000e32        0x4 platform/libplatform_s.a(spu.o)
                0x0000000000000e32                spu_regions_flash_get_start_id
 .text.spu_regions_flash_get_last_id
                0x0000000000000e36        0x4 platform/libplatform_s.a(spu.o)
                0x0000000000000e36                spu_regions_flash_get_last_id
 .text.spu_regions_flash_get_region_size
                0x0000000000000e3a        0x6 platform/libplatform_s.a(spu.o)
                0x0000000000000e3a                spu_regions_flash_get_region_size
 .text.spu_regions_sram_get_base_address_in_region
                0x0000000000000e40        0xa platform/libplatform_s.a(spu.o)
                0x0000000000000e40                spu_regions_sram_get_base_address_in_region
 .text.spu_regions_sram_get_start_id
                0x0000000000000e4a        0x4 platform/libplatform_s.a(spu.o)
                0x0000000000000e4a                spu_regions_sram_get_start_id
 .text.spu_regions_sram_get_last_id
                0x0000000000000e4e        0x4 platform/libplatform_s.a(spu.o)
                0x0000000000000e4e                spu_regions_sram_get_last_id
 .text.spu_regions_sram_get_region_size
                0x0000000000000e52        0x6 platform/libplatform_s.a(spu.o)
                0x0000000000000e52                spu_regions_sram_get_region_size
 .text.tfm_plat_otp_init
                0x0000000000000e58        0x4 platform/libplatform_s.a(dummy_otp.o)
                0x0000000000000e58                tfm_plat_otp_init
 .text.tfm_hal_system_halt
                0x0000000000000e5c        0xc platform/libplatform_s.a(tfm_hal_reset_halt.o)
                0x0000000000000e5c                tfm_hal_system_halt
 .text.tfm_plat_provisioning_is_required
                0x0000000000000e68        0x4 platform/libplatform_s.a(dummy_provisioning.o)
                0x0000000000000e68                tfm_plat_provisioning_is_required
 .text.tfm_plat_provisioning_perform
                0x0000000000000e6c        0x4 platform/libplatform_s.a(dummy_provisioning.o)
                0x0000000000000e6c                tfm_plat_provisioning_perform
 .text.tfm_plat_provisioning_check_for_dummy_keys
                0x0000000000000e70        0x2 platform/libplatform_s.a(dummy_provisioning.o)
                0x0000000000000e70                tfm_plat_provisioning_check_for_dummy_keys
 .text.tfm_platform_hal_ioctl
                0x0000000000000e72       0x7c platform/libplatform_s.a(tfm_platform_system.o)
                0x0000000000000e72                tfm_platform_hal_ioctl
 *libtfm_spm*:(SORT_BY_ALIGNMENT(.text*))
 *fill*         0x0000000000000eee        0x2 
 .text.startup.main
                0x0000000000000ef0       0x50 secure_fw/spm/libtfm_spm.a(main.o)
                0x0000000000000ef0                main
 .text.spm_associate_call_params
                0x0000000000000f40      0x178 secure_fw/spm/libtfm_spm.a(psa_call_api.o)
                0x0000000000000f40                spm_associate_call_params
 .text.tfm_spm_partition_psa_read
                0x00000000000010b8       0x74 secure_fw/spm/libtfm_spm.a(psa_read_write_skip_api.o)
                0x00000000000010b8                tfm_spm_partition_psa_read
 .text.tfm_spm_partition_psa_write
                0x000000000000112c       0x74 secure_fw/spm/libtfm_spm.a(psa_read_write_skip_api.o)
                0x000000000000112c                tfm_spm_partition_psa_write
 .text.spm_thread_fn
                0x00000000000011a0       0x4c secure_fw/spm/libtfm_spm.a(backend_sfn.o)
 .text.backend_messaging
                0x00000000000011ec       0x50 secure_fw/spm/libtfm_spm.a(backend_sfn.o)
                0x00000000000011ec                backend_messaging
 .text.backend_replying
                0x000000000000123c       0x10 secure_fw/spm/libtfm_spm.a(backend_sfn.o)
                0x000000000000123c                backend_replying
 .text.backend_init_comp_assuredly
                0x000000000000124c       0x5c secure_fw/spm/libtfm_spm.a(backend_sfn.o)
                0x000000000000124c                backend_init_comp_assuredly
 .text.spm_svc_handler
                0x00000000000012a8       0x70 secure_fw/spm/libtfm_spm.a(tfm_svcalls.o)
                0x00000000000012a8                spm_svc_handler
 .text.SVC_Handler
                0x0000000000001318       0x68 secure_fw/spm/libtfm_spm.a(tfm_arch_v8m_main.o)
                0x0000000000001318                SVC_Handler
 .text.tfm_arch_set_secure_exception_priorities
                0x0000000000001380       0x28 secure_fw/spm/libtfm_spm.a(tfm_arch_v8m_main.o)
                0x0000000000001380                tfm_arch_set_secure_exception_priorities
 .text.ns_agent_tz_main
                0x00000000000013a8       0x30 secure_fw/spm/libtfm_spm.a(ns_agent_tz_v80m.o)
                0x00000000000013a8                ns_agent_tz_main
 .text.mpu_init_cfg
                0x00000000000013d8       0xf0 secure_fw/spm/libtfm_spm.a(tfm_hal_isolation.o)
                0x00000000000013d8                mpu_init_cfg
 .text.tfm_hal_get_ns_VTOR
                0x00000000000014c8        0xc secure_fw/spm/libtfm_spm.a(tfm_hal_platform_common.o)
                0x00000000000014c8                tfm_hal_get_ns_VTOR
 .text.tfm_hal_get_ns_MSP
                0x00000000000014d4        0xc secure_fw/spm/libtfm_spm.a(tfm_hal_platform_common.o)
                0x00000000000014d4                tfm_hal_get_ns_MSP
 .text.tfm_hal_get_ns_entry_point
                0x00000000000014e0        0xc secure_fw/spm/libtfm_spm.a(tfm_hal_platform_common.o)
                0x00000000000014e0                tfm_hal_get_ns_entry_point
 .text.nrf_gpio_pin_control_select.constprop.0
                0x00000000000014ec       0x3c secure_fw/spm/libtfm_spm.a(target_cfg.o)
 .text.enable_fault_handlers
                0x0000000000001528       0x14 secure_fw/spm/libtfm_spm.a(target_cfg.o)
                0x0000000000001528                enable_fault_handlers
 .text.system_reset_cfg
                0x000000000000153c       0x18 secure_fw/spm/libtfm_spm.a(target_cfg.o)
                0x000000000000153c                system_reset_cfg
 .text.init_debug
                0x0000000000001554       0x28 secure_fw/spm/libtfm_spm.a(target_cfg.o)
                0x0000000000001554                init_debug
 .text.nvic_interrupt_target_state_cfg
                0x000000000000157c       0x30 secure_fw/spm/libtfm_spm.a(target_cfg.o)
                0x000000000000157c                nvic_interrupt_target_state_cfg
 .text.nvic_interrupt_enable
                0x00000000000015ac       0x18 secure_fw/spm/libtfm_spm.a(target_cfg.o)
                0x00000000000015ac                nvic_interrupt_enable
 .text.sau_and_idau_cfg
                0x00000000000015c4       0x18 secure_fw/spm/libtfm_spm.a(target_cfg.o)
                0x00000000000015c4                sau_and_idau_cfg
 .text.spu_init_cfg
                0x00000000000015dc       0x68 secure_fw/spm/libtfm_spm.a(target_cfg.o)
                0x00000000000015dc                spu_init_cfg
 .text.spu_periph_init_cfg
                0x0000000000001644       0x60 secure_fw/spm/libtfm_spm.a(target_cfg.o)
                0x0000000000001644                spu_periph_init_cfg
 .text.tfm_core_validate_boot_data
                0x00000000000016a4        0xc secure_fw/spm/libtfm_spm.a(tfm_boot_data.o)
                0x00000000000016a4                tfm_core_validate_boot_data
 .text.tfm_core_get_boot_data_handler
                0x00000000000016b0       0x34 secure_fw/spm/libtfm_spm.a(tfm_boot_data.o)
                0x00000000000016b0                tfm_core_get_boot_data_handler
 .text.tfm_arch_init_context
                0x00000000000016e4       0x5c secure_fw/spm/libtfm_spm.a(tfm_arch.o)
                0x00000000000016e4                tfm_arch_init_context
 .text.tfm_spm_get_service_by_sid
                0x0000000000001740       0x2c secure_fw/spm/libtfm_spm.a(spm_ipc.o)
                0x0000000000001740                tfm_spm_get_service_by_sid
 .text.tfm_spm_check_authorization
                0x000000000000176c       0x40 secure_fw/spm/libtfm_spm.a(spm_ipc.o)
                0x000000000000176c                tfm_spm_check_authorization
 .text.spm_init_connection
                0x00000000000017ac       0x30 secure_fw/spm/libtfm_spm.a(spm_ipc.o)
                0x00000000000017ac                spm_init_connection
 .text.tfm_spm_partition_get_running_partition_id
                0x00000000000017dc       0x18 secure_fw/spm/libtfm_spm.a(spm_ipc.o)
                0x00000000000017dc                tfm_spm_partition_get_running_partition_id
 .text.tfm_spm_is_ns_caller
                0x00000000000017f4       0x20 secure_fw/spm/libtfm_spm.a(spm_ipc.o)
                0x00000000000017f4                tfm_spm_is_ns_caller
 .text.spm_get_connection
                0x0000000000001814       0x78 secure_fw/spm/libtfm_spm.a(spm_ipc.o)
                0x0000000000001814                spm_get_connection
 .text.tfm_spm_init
                0x000000000000188c       0x68 secure_fw/spm/libtfm_spm.a(spm_ipc.o)
                0x000000000000188c                tfm_spm_init
 .text.load_a_partition_assuredly
                0x00000000000018f4       0xd0 secure_fw/spm/libtfm_spm.a(rom_loader.o)
                0x00000000000018f4                load_a_partition_assuredly
 .text.load_services_assuredly
                0x00000000000019c4       0xc0 secure_fw/spm/libtfm_spm.a(rom_loader.o)
                0x00000000000019c4                load_services_assuredly
 .text.tfm_nspm_ctx_init
                0x0000000000001a84       0x18 secure_fw/spm/libtfm_spm.a(tfm_spm_ns_ctx.o)
                0x0000000000001a84                tfm_nspm_ctx_init
 .text.tfm_core_panic
                0x0000000000001a9c        0x4 secure_fw/spm/libtfm_spm.a(utilities.o)
                0x0000000000001a9c                tfm_core_panic
 .text.spm_handle_programmer_errors
                0x0000000000001aa0       0x18 secure_fw/spm/libtfm_spm.a(psa_api.o)
                0x0000000000001aa0                spm_handle_programmer_errors
 .text.tfm_spm_partition_psa_reply
                0x0000000000001ab8       0x9a secure_fw/spm/libtfm_spm.a(psa_api.o)
                0x0000000000001ab8                tfm_spm_partition_psa_reply
 .text.tfm_spm_partition_psa_panic
                0x0000000000001b52        0xc secure_fw/spm/libtfm_spm.a(psa_api.o)
                0x0000000000001b52                tfm_spm_partition_psa_panic
 .text.tfm_spm_client_psa_call
                0x0000000000001b5e       0x4e secure_fw/spm/libtfm_spm.a(psa_call_api.o)
                0x0000000000001b5e                tfm_spm_client_psa_call
 .text.tfm_spm_client_psa_framework_version
                0x0000000000001bac        0x6 secure_fw/spm/libtfm_spm.a(psa_version_api.o)
                0x0000000000001bac                tfm_spm_client_psa_framework_version
 .text.tfm_spm_client_psa_version
                0x0000000000001bb2       0x2c secure_fw/spm/libtfm_spm.a(psa_version_api.o)
                0x0000000000001bb2                tfm_spm_client_psa_version
 .text.backend_system_run
                0x0000000000001bde        0x6 secure_fw/spm/libtfm_spm.a(backend_sfn.o)
                0x0000000000001bde                backend_system_run
 .text.tfm_core_handler_mode
                0x0000000000001be4        0x4 secure_fw/spm/libtfm_spm.a(tfm_svcalls.o)
                0x0000000000001be4                tfm_core_handler_mode
 .text.connection_to_handle
                0x0000000000001be8        0x6 secure_fw/spm/libtfm_spm.a(spm_local_connection.o)
                0x0000000000001be8                connection_to_handle
 .text.handle_to_connection
                0x0000000000001bee       0x12 secure_fw/spm/libtfm_spm.a(spm_local_connection.o)
                0x0000000000001bee                handle_to_connection
 .text.spm_init_connection_space
                0x0000000000001c00        0x2 secure_fw/spm/libtfm_spm.a(spm_local_connection.o)
                0x0000000000001c00                spm_init_connection_space
 .text.spm_allocate_connection
                0x0000000000001c02        0xe secure_fw/spm/libtfm_spm.a(spm_local_connection.o)
                0x0000000000001c02                spm_allocate_connection
 .text.spm_validate_connection
                0x0000000000001c10        0x4 secure_fw/spm/libtfm_spm.a(spm_local_connection.o)
                0x0000000000001c10                spm_validate_connection
 .text.spm_free_connection
                0x0000000000001c14        0xc secure_fw/spm/libtfm_spm.a(spm_local_connection.o)
                0x0000000000001c14                spm_free_connection
 .text.tfm_arch_config_extensions
                0x0000000000001c20        0x2 secure_fw/spm/libtfm_spm.a(tfm_arch_v8m_main.o)
                0x0000000000001c20                tfm_arch_config_extensions
 .text.tfm_hal_bind_boundary
                0x0000000000001c22       0x48 secure_fw/spm/libtfm_spm.a(tfm_hal_isolation.o)
                0x0000000000001c22                tfm_hal_bind_boundary
 .text.tfm_hal_memory_check
                0x0000000000001c6a      0x138 secure_fw/spm/libtfm_spm.a(tfm_hal_isolation.o)
                0x0000000000001c6a                tfm_hal_memory_check
 .text.tfm_hal_set_up_static_boundaries
                0x0000000000001da2       0x2a secure_fw/spm/libtfm_spm.a(tfm_hal_isolation.o)
                0x0000000000001da2                tfm_hal_set_up_static_boundaries
 .text.tfm_hal_platform_common_init
                0x0000000000001dcc       0x28 secure_fw/spm/libtfm_spm.a(tfm_hal_platform_common.o)
                0x0000000000001dcc                tfm_hal_platform_common_init
 .text.SPU_Handler
                0x0000000000001df4       0x12 secure_fw/spm/libtfm_spm.a(faults.o)
                0x0000000000001df4                SPU_Handler
 .text.SPU_IRQHandler
                0x0000000000001e06       0x1c secure_fw/spm/libtfm_spm.a(faults.o)
                0x0000000000001e06                SPU_IRQHandler
 .text.tfm_arch_free_msp_and_exc_ret
                0x0000000000001e22        0x8 secure_fw/spm/libtfm_spm.a(tfm_arch.o)
                0x0000000000001e22                tfm_arch_free_msp_and_exc_ret
 .text.tfm_arch_refresh_hardware_context
                0x0000000000001e2a       0x16 secure_fw/spm/libtfm_spm.a(tfm_arch.o)
                0x0000000000001e2a                tfm_arch_refresh_hardware_context
 .text.tfm_spm_check_client_version
                0x0000000000001e40       0x24 secure_fw/spm/libtfm_spm.a(spm_ipc.o)
                0x0000000000001e40                tfm_spm_check_client_version
 .text.spm_msg_handle_to_connection
                0x0000000000001e64       0x28 secure_fw/spm/libtfm_spm.a(spm_ipc.o)
                0x0000000000001e64                spm_msg_handle_to_connection
 .text.tfm_spm_get_client_id
                0x0000000000001e8c       0x20 secure_fw/spm/libtfm_spm.a(spm_ipc.o)
                0x0000000000001e8c                tfm_spm_get_client_id
 .text.update_caller_outvec_len
                0x0000000000001eac       0x1e secure_fw/spm/libtfm_spm.a(spm_ipc.o)
                0x0000000000001eac                update_caller_outvec_len
 .text.load_irqs_assuredly
                0x0000000000001eca        0x2 secure_fw/spm/libtfm_spm.a(rom_loader.o)
                0x0000000000001eca                load_irqs_assuredly
 .text.tfm_nspm_get_current_client_id
                0x0000000000001ecc        0x6 secure_fw/spm/libtfm_spm.a(tfm_spm_ns_ctx.o)
                0x0000000000001ecc                tfm_nspm_get_current_client_id
 *libplatform_s*:*(.rodata*)
 .rodata.CSWTCH.17
                0x0000000000001ed2        0x4 platform/libplatform_s.a(system_nrf5340_application.o)
 .rodata.CSWTCH.3
                0x0000000000001ed6        0x4 platform/libplatform_s.a(system_nrf5340_application.o)
 .rodata.CSWTCH.5
                0x0000000000001eda        0x4 platform/libplatform_s.a(system_nrf5340_application.o)
 *fill*         0x0000000000001ede        0x2 
 .rodata.ranges
                0x0000000000001ee0       0x20 platform/libplatform_s.a(tfm_platform_hal_ioctl.o)
 *libtfm_spm*:*(.rodata*)
 .rodata.memory_regions
                0x0000000000001f00       0x14 secure_fw/spm/libtfm_spm.a(target_cfg.o)
                0x0000000000001f00                memory_regions
 .rodata.target_peripherals.10937
                0x0000000000001f14       0x2a secure_fw/spm/libtfm_spm.a(target_cfg.o)
 *fill*         0x0000000000001f3e        0x2 
 .rodata.ldinf_ea
                0x0000000000001f40        0x4 secure_fw/spm/libtfm_spm.a(rom_loader.o)
 .rodata.part_pool_ea
                0x0000000000001f44        0x4 secure_fw/spm/libtfm_spm.a(rom_loader.o)
 .rodata.serv_pool_ea
                0x0000000000001f48        0x4 secure_fw/spm/libtfm_spm.a(rom_loader.o)

.TFM_UNPRIV_CODE
                0x0000000000001f60     0x2740
 *(SFN)
 SFN            0x0000000000001f60       0x8c secure_fw/CMakeFiles/tfm_s.dir/partitions/ns_agent_tz/psa_api_veneers_v80m.o
                0x0000000000001f60                __acle_se_tfm_psa_framework_version_veneer
                0x0000000000001f7e                __acle_se_tfm_psa_version_veneer
                0x0000000000001f9c                __acle_se_tfm_psa_call_veneer
                0x0000000000001fc4                __acle_se_tfm_psa_connect_veneer
                0x0000000000001fd6                __acle_se_tfm_psa_close_veneer
 *(SORT_BY_ALIGNMENT(.text*))
 .text          0x0000000000001fec       0x40 /home/thuantran/workspace/01.Projects/01.Embedded/03.NordicSemicon/gcc-arm-none-eabi-9-2019-q4-major/bin/../lib/gcc/arm-none-eabi/9.2.1/thumb/v8-m.main/nofp/crtbegin.o
 .text          0x000000000000202c       0x74 /home/thuantran/workspace/01.Projects/01.Embedded/03.NordicSemicon/gcc-arm-none-eabi-9-2019-q4-major/bin/../lib/gcc/arm-none-eabi/9.2.1/../../../../arm-none-eabi/lib/thumb/v8-m.main/nofp/crt0.o
                0x000000000000202c                _mainCRTStartup
                0x000000000000202c                _start
 .text.tfm_psa_call_pack
                0x00000000000020a0       0x54 secure_fw/partitions/lib/runtime/libtfm_sprt.a(psa_interface_sfn.o)
                0x00000000000020a0                tfm_psa_call_pack
 .text.verify_header
                0x00000000000020f4       0x40 secure_fw/partitions/crypto/mbedcrypto/nrf_security_src/libcrypto_service_mbedcrypto.a(memory_buffer_alloc.o)
 .text.verify_chain
                0x0000000000002134       0x3c secure_fw/partitions/crypto/mbedcrypto/nrf_security_src/libcrypto_service_mbedcrypto.a(memory_buffer_alloc.o)
 .text.buffer_alloc_calloc
                0x0000000000002170       0xf4 secure_fw/partitions/crypto/mbedcrypto/nrf_security_src/libcrypto_service_mbedcrypto.a(memory_buffer_alloc.o)
 .text.buffer_alloc_free
                0x0000000000002264       0xf4 secure_fw/partitions/crypto/mbedcrypto/nrf_security_src/libcrypto_service_mbedcrypto.a(memory_buffer_alloc.o)
 .text.mbedtls_memory_buffer_alloc_init
                0x0000000000002358       0x64 secure_fw/partitions/crypto/mbedcrypto/nrf_security_src/libcrypto_service_mbedcrypto.a(memory_buffer_alloc.o)
                0x0000000000002358                mbedtls_memory_buffer_alloc_init
 .text.mbedtls_free
                0x00000000000023bc        0xc secure_fw/partitions/crypto/mbedcrypto/nrf_security_src/libcrypto_service_mbedcrypto.a(platform.o)
                0x00000000000023bc                mbedtls_free
 .text.mbedtls_platform_set_calloc_free
                0x00000000000023c8       0x14 secure_fw/partitions/crypto/mbedcrypto/nrf_security_src/libcrypto_service_mbedcrypto.a(platform.o)
                0x00000000000023c8                mbedtls_platform_set_calloc_free
 .text.mbedtls_platform_zeroize
                0x00000000000023dc       0x14 secure_fw/partitions/crypto/mbedcrypto/nrf_security_src/libcrypto_service_mbedcrypto.a(platform_util.o)
                0x00000000000023dc                mbedtls_platform_zeroize
 .text.mbedcrypto__psa_generate_random
                0x00000000000023f0       0x1c secure_fw/partitions/crypto/mbedcrypto/nrf_security_src/libcrypto_service_mbedcrypto.a(psa_crypto.o)
                0x00000000000023f0                mbedcrypto__psa_generate_random
 .text.mbedtls_psa_crypto_free
                0x000000000000240c       0x24 secure_fw/partitions/crypto/mbedcrypto/nrf_security_src/libcrypto_service_mbedcrypto.a(psa_crypto.o)
                0x000000000000240c                mbedtls_psa_crypto_free
 .text.mbedcrypto__psa_crypto_init
                0x0000000000002430       0x3c secure_fw/partitions/crypto/mbedcrypto/nrf_security_src/libcrypto_service_mbedcrypto.a(psa_crypto.o)
                0x0000000000002430                mbedcrypto__psa_crypto_init
 .text.psa_initialize_key_slots
                0x000000000000246c       0x10 secure_fw/partitions/crypto/mbedcrypto/nrf_security_src/libcrypto_service_mbedcrypto.a(psa_crypto_slot_management.o)
                0x000000000000246c                psa_initialize_key_slots
 .text.psa_wipe_all_key_slots
                0x000000000000247c       0x28 secure_fw/partitions/crypto/mbedcrypto/nrf_security_src/libcrypto_service_mbedcrypto.a(psa_crypto_slot_management.o)
                0x000000000000247c                psa_wipe_all_key_slots
 .text.nrf_cc3xx_platform_init_hmac_drbg
                0x00000000000024a4       0x44 /home/thuantran/ncs/toolchains/nrfxlib/crypto/nrf_cc312_platform/lib/cortex-m33/soft-float/no-interrupts/libnrf_cc312_platform_0.9.19.a(nrf_cc3xx_platform.c.obj)
                0x00000000000024a4                nrf_cc3xx_platform_init_hmac_drbg
 .text.nrf_cc3xx_platform_hmac_drbg_init
                0x00000000000024e8       0x60 /home/thuantran/ncs/toolchains/nrfxlib/crypto/nrf_cc312_platform/lib/cortex-m33/soft-float/no-interrupts/libnrf_cc312_platform_0.9.19.a(nrf_cc3xx_platform_hmac_drbg.c.obj)
                0x00000000000024e8                nrf_cc3xx_platform_hmac_drbg_init
 .text.nrf_cc3xx_platform_hmac_drbg_get
                0x0000000000002548       0x44 /home/thuantran/ncs/toolchains/nrfxlib/crypto/nrf_cc312_platform/lib/cortex-m33/soft-float/no-interrupts/libnrf_cc312_platform_0.9.19.a(nrf_cc3xx_platform_hmac_drbg.c.obj)
                0x0000000000002548                nrf_cc3xx_platform_hmac_drbg_get
 .text.mbedtls_zeroize_internal
                0x000000000000258c       0x14 /home/thuantran/ncs/toolchains/nrfxlib/crypto/nrf_cc312_platform/lib/cortex-m33/soft-float/no-interrupts/libnrf_cc312_platform_0.9.19.a(mbedtls_common.c.obj)
                0x000000000000258c                mbedtls_zeroize_internal
 .text.cc_mbedtls_platform_zeroize
                0x00000000000025a0       0x14 /home/thuantran/ncs/toolchains/nrfxlib/crypto/nrf_cc312_platform/lib/cortex-m33/soft-float/no-interrupts/libnrf_cc312_platform_0.9.19.a(mbedtls_common.c.obj)
                0x00000000000025a0                cc_mbedtls_platform_zeroize
 .text.entropy_update
                0x00000000000025b4       0x7c /home/thuantran/ncs/toolchains/nrfxlib/crypto/nrf_cc312_platform/lib/cortex-m33/soft-float/no-interrupts/libnrf_cc312_platform_0.9.19.a(custom_entropy.c.obj)
 .text.entropy_gather_internal.part.0
                0x0000000000002630       0x88 /home/thuantran/ncs/toolchains/nrfxlib/crypto/nrf_cc312_platform/lib/cortex-m33/soft-float/no-interrupts/libnrf_cc312_platform_0.9.19.a(custom_entropy.c.obj)
 .text.cc_mbedtls_entropy_init
                0x00000000000026b8       0x84 /home/thuantran/ncs/toolchains/nrfxlib/crypto/nrf_cc312_platform/lib/cortex-m33/soft-float/no-interrupts/libnrf_cc312_platform_0.9.19.a(custom_entropy.c.obj)
                0x00000000000026b8                cc_mbedtls_entropy_init
 .text.cc_mbedtls_entropy_func
                0x000000000000273c      0x110 /home/thuantran/ncs/toolchains/nrfxlib/crypto/nrf_cc312_platform/lib/cortex-m33/soft-float/no-interrupts/libnrf_cc312_platform_0.9.19.a(custom_entropy.c.obj)
                0x000000000000273c                cc_mbedtls_entropy_func
 .text.cc_hmac_sha256_starts.constprop.0
                0x000000000000284c      0x108 /home/thuantran/ncs/toolchains/nrfxlib/crypto/nrf_cc312_platform/lib/cortex-m33/soft-float/no-interrupts/libnrf_cc312_platform_0.9.19.a(hmac_drbg_alt.c.obj)
 .text.cc_mbedtls_hmac_drbg_init
                0x0000000000002954       0x28 /home/thuantran/ncs/toolchains/nrfxlib/crypto/nrf_cc312_platform/lib/cortex-m33/soft-float/no-interrupts/libnrf_cc312_platform_0.9.19.a(hmac_drbg_alt.c.obj)
                0x0000000000002954                cc_mbedtls_hmac_drbg_init
 .text.cc_mbedtls_hmac_drbg_update
                0x000000000000297c      0x170 /home/thuantran/ncs/toolchains/nrfxlib/crypto/nrf_cc312_platform/lib/cortex-m33/soft-float/no-interrupts/libnrf_cc312_platform_0.9.19.a(hmac_drbg_alt.c.obj)
                0x000000000000297c                cc_mbedtls_hmac_drbg_update
 .text.cc_hmac_drbg_reseed_core
                0x0000000000002aec       0xac /home/thuantran/ncs/toolchains/nrfxlib/crypto/nrf_cc312_platform/lib/cortex-m33/soft-float/no-interrupts/libnrf_cc312_platform_0.9.19.a(hmac_drbg_alt.c.obj)
 .text.cc_mbedtls_hmac_drbg_seed
                0x0000000000002b98       0x54 /home/thuantran/ncs/toolchains/nrfxlib/crypto/nrf_cc312_platform/lib/cortex-m33/soft-float/no-interrupts/libnrf_cc312_platform_0.9.19.a(hmac_drbg_alt.c.obj)
                0x0000000000002b98                cc_mbedtls_hmac_drbg_seed
 .text.cc_mbedtls_hmac_drbg_random_with_add
                0x0000000000002bec      0x144 /home/thuantran/ncs/toolchains/nrfxlib/crypto/nrf_cc312_platform/lib/cortex-m33/soft-float/no-interrupts/libnrf_cc312_platform_0.9.19.a(hmac_drbg_alt.c.obj)
                0x0000000000002bec                cc_mbedtls_hmac_drbg_random_with_add
 .text.RndStartupTest.constprop.0
                0x0000000000002d30       0xac /home/thuantran/ncs/toolchains/nrfxlib/crypto/nrf_cc312_platform/lib/cortex-m33/soft-float/no-interrupts/libnrf_cc312_platform_0.9.19.a(cc_lib.c.obj)
 .text.CC_LibInit_HMAC_DRBG
                0x0000000000002ddc       0x74 /home/thuantran/ncs/toolchains/nrfxlib/crypto/nrf_cc312_platform/lib/cortex-m33/soft-float/no-interrupts/libnrf_cc312_platform_0.9.19.a(cc_lib.c.obj)
                0x0000000000002ddc                CC_LibInit_HMAC_DRBG
 .text.CC_HalInit
                0x0000000000002e50        0x4 /home/thuantran/ncs/toolchains/nrfxlib/crypto/nrf_cc312_platform/lib/cortex-m33/soft-float/no-interrupts/libnrf_cc312_platform_0.9.19.a(cc_hal.c.obj)
                0x0000000000002e50                CC_HalInit
 .text.CC_HalClearInterruptBit
                0x0000000000002e54       0x1c /home/thuantran/ncs/toolchains/nrfxlib/crypto/nrf_cc312_platform/lib/cortex-m33/soft-float/no-interrupts/libnrf_cc312_platform_0.9.19.a(cc_hal.c.obj)
                0x0000000000002e54                CC_HalClearInterruptBit
 .text.CC_HalMaskInterrupt
                0x0000000000002e70        0xc /home/thuantran/ncs/toolchains/nrfxlib/crypto/nrf_cc312_platform/lib/cortex-m33/soft-float/no-interrupts/libnrf_cc312_platform_0.9.19.a(cc_hal.c.obj)
                0x0000000000002e70                CC_HalMaskInterrupt
 .text.CC_HalWaitInterrupt
                0x0000000000002e7c        0xc /home/thuantran/ncs/toolchains/nrfxlib/crypto/nrf_cc312_platform/lib/cortex-m33/soft-float/no-interrupts/libnrf_cc312_platform_0.9.19.a(cc_hal.c.obj)
                0x0000000000002e7c                CC_HalWaitInterrupt
 .text.CC_HalWaitInterruptRND
                0x0000000000002e88        0xc /home/thuantran/ncs/toolchains/nrfxlib/crypto/nrf_cc312_platform/lib/cortex-m33/soft-float/no-interrupts/libnrf_cc312_platform_0.9.19.a(cc_hal.c.obj)
                0x0000000000002e88                CC_HalWaitInterruptRND
 .text.CC_PalInit
                0x0000000000002e94       0x5c /home/thuantran/ncs/toolchains/nrfxlib/crypto/nrf_cc312_platform/lib/cortex-m33/soft-float/no-interrupts/libnrf_cc312_platform_0.9.19.a(cc_pal.c.obj)
                0x0000000000002e94                CC_PalInit
 .text.CC_PalTerminate
                0x0000000000002ef0       0x34 /home/thuantran/ncs/toolchains/nrfxlib/crypto/nrf_cc312_platform/lib/cortex-m33/soft-float/no-interrupts/libnrf_cc312_platform_0.9.19.a(cc_pal.c.obj)
                0x0000000000002ef0                CC_PalTerminate
 .text.CC_PalDmaInit
                0x0000000000002f24        0x4 /home/thuantran/ncs/toolchains/nrfxlib/crypto/nrf_cc312_platform/lib/cortex-m33/soft-float/no-interrupts/libnrf_cc312_platform_0.9.19.a(cc_pal_dma.c.obj)
                0x0000000000002f24                CC_PalDmaInit
 .text.CC_PalDmaTerminate
                0x0000000000002f28        0x4 /home/thuantran/ncs/toolchains/nrfxlib/crypto/nrf_cc312_platform/lib/cortex-m33/soft-float/no-interrupts/libnrf_cc312_platform_0.9.19.a(cc_pal_dma.c.obj)
                0x0000000000002f28                CC_PalDmaTerminate
 .text.CC_PalWaitInterruptRND
                0x0000000000002f2c       0x38 /home/thuantran/ncs/toolchains/nrfxlib/crypto/nrf_cc312_platform/lib/cortex-m33/soft-float/no-interrupts/libnrf_cc312_platform_0.9.19.a(cc_pal_interrupt_ctrl.c.obj)
                0x0000000000002f2c                CC_PalWaitInterruptRND
 .text.CC_PalWaitInterrupt
                0x0000000000002f64       0x28 /home/thuantran/ncs/toolchains/nrfxlib/crypto/nrf_cc312_platform/lib/cortex-m33/soft-float/no-interrupts/libnrf_cc312_platform_0.9.19.a(cc_pal_interrupt_ctrl.c.obj)
                0x0000000000002f64                CC_PalWaitInterrupt
 .text.CC_PalMemCopyPlat
                0x0000000000002f8c        0x4 /home/thuantran/ncs/toolchains/nrfxlib/crypto/nrf_cc312_platform/lib/cortex-m33/soft-float/no-interrupts/libnrf_cc312_platform_0.9.19.a(cc_pal_mem.c.obj)
                0x0000000000002f8c                CC_PalMemCopyPlat
 .text.CC_PalMemSetZeroPlat
                0x0000000000002f90        0x8 /home/thuantran/ncs/toolchains/nrfxlib/crypto/nrf_cc312_platform/lib/cortex-m33/soft-float/no-interrupts/libnrf_cc312_platform_0.9.19.a(cc_pal_mem.c.obj)
                0x0000000000002f90                CC_PalMemSetZeroPlat
 .text.CC_PalMutexCreate
                0x0000000000002f98       0x14 /home/thuantran/ncs/toolchains/nrfxlib/crypto/nrf_cc312_platform/lib/cortex-m33/soft-float/no-interrupts/libnrf_cc312_platform_0.9.19.a(cc_pal_mutex.c.obj)
                0x0000000000002f98                CC_PalMutexCreate
 .text.CC_PalMutexDestroy
                0x0000000000002fac       0x14 /home/thuantran/ncs/toolchains/nrfxlib/crypto/nrf_cc312_platform/lib/cortex-m33/soft-float/no-interrupts/libnrf_cc312_platform_0.9.19.a(cc_pal_mutex.c.obj)
                0x0000000000002fac                CC_PalMutexDestroy
 .text.CC_PalMutexLock
                0x0000000000002fc0       0x10 /home/thuantran/ncs/toolchains/nrfxlib/crypto/nrf_cc312_platform/lib/cortex-m33/soft-float/no-interrupts/libnrf_cc312_platform_0.9.19.a(cc_pal_mutex.c.obj)
                0x0000000000002fc0                CC_PalMutexLock
 .text.CC_PalMutexUnlock
                0x0000000000002fd0       0x14 /home/thuantran/ncs/toolchains/nrfxlib/crypto/nrf_cc312_platform/lib/cortex-m33/soft-float/no-interrupts/libnrf_cc312_platform_0.9.19.a(cc_pal_mutex.c.obj)
                0x0000000000002fd0                CC_PalMutexUnlock
 .text.CC_PalPowerSaveModeInit
                0x0000000000002fe4       0x3c /home/thuantran/ncs/toolchains/nrfxlib/crypto/nrf_cc312_platform/lib/cortex-m33/soft-float/no-interrupts/libnrf_cc312_platform_0.9.19.a(cc_pal_pm.c.obj)
                0x0000000000002fe4                CC_PalPowerSaveModeInit
 .text.CC_PalPowerSaveModeSelect
                0x0000000000003020       0x84 /home/thuantran/ncs/toolchains/nrfxlib/crypto/nrf_cc312_platform/lib/cortex-m33/soft-float/no-interrupts/libnrf_cc312_platform_0.9.19.a(cc_pal_pm.c.obj)
                0x0000000000003020                CC_PalPowerSaveModeSelect
 .text.mutex_init
                0x00000000000030a4        0xc /home/thuantran/ncs/toolchains/nrfxlib/crypto/nrf_cc312_platform/lib/cortex-m33/soft-float/no-interrupts/libnrf_cc312_platform_0.9.19.a(threading_alt.c.obj)
                0x00000000000030a4                mutex_init
 .text.mutex_lock
                0x00000000000030b0        0xc /home/thuantran/ncs/toolchains/nrfxlib/crypto/nrf_cc312_platform/lib/cortex-m33/soft-float/no-interrupts/libnrf_cc312_platform_0.9.19.a(threading_alt.c.obj)
                0x00000000000030b0                mutex_lock
 .text.mutex_unlock
                0x00000000000030bc        0xc /home/thuantran/ncs/toolchains/nrfxlib/crypto/nrf_cc312_platform/lib/cortex-m33/soft-float/no-interrupts/libnrf_cc312_platform_0.9.19.a(threading_alt.c.obj)
                0x00000000000030bc                mutex_unlock
 .text.nrf_cc3xx_platform_abort
                0x00000000000030c8       0x24 /home/thuantran/ncs/toolchains/nrfxlib/crypto/nrf_cc312_platform/lib/cortex-m33/soft-float/no-interrupts/libnrf_cc312_platform_0.9.19.a(nrf_cc3xx_platform_abort.c.obj)
 .text.CC_PalAbort
                0x00000000000030ec       0x44 /home/thuantran/ncs/toolchains/nrfxlib/crypto/nrf_cc312_platform/lib/cortex-m33/soft-float/no-interrupts/libnrf_cc312_platform_0.9.19.a(nrf_cc3xx_platform_abort.c.obj)
                0x00000000000030ec                CC_PalAbort
 .text.mutex_free
                0x0000000000003130       0x34 /home/thuantran/ncs/toolchains/nrfxlib/crypto/nrf_cc312_platform/lib/cortex-m33/soft-float/no-interrupts/libnrf_cc312_platform_0.9.19.a(nrf_cc3xx_platform_mutex.c.obj)
 .text.mutex_lock
                0x0000000000003164       0x48 /home/thuantran/ncs/toolchains/nrfxlib/crypto/nrf_cc312_platform/lib/cortex-m33/soft-float/no-interrupts/libnrf_cc312_platform_0.9.19.a(nrf_cc3xx_platform_mutex.c.obj)
 .text.mutex_unlock
                0x00000000000031ac       0x38 /home/thuantran/ncs/toolchains/nrfxlib/crypto/nrf_cc312_platform/lib/cortex-m33/soft-float/no-interrupts/libnrf_cc312_platform_0.9.19.a(nrf_cc3xx_platform_mutex.c.obj)
 .text.mutex_init
                0x00000000000031e4       0x20 /home/thuantran/ncs/toolchains/nrfxlib/crypto/nrf_cc312_platform/lib/cortex-m33/soft-float/no-interrupts/libnrf_cc312_platform_0.9.19.a(nrf_cc3xx_platform_mutex.c.obj)
 .text.startTrngHW
                0x0000000000003204      0x130 /home/thuantran/ncs/toolchains/nrfxlib/crypto/nrf_cc312_platform/lib/cortex-m33/soft-float/no-interrupts/libnrf_cc312_platform_0.9.19.a(llf_rnd_trng90b.c.obj)
 .text.LLF_RND_RepetitionCounterTest
                0x0000000000003334       0x64 /home/thuantran/ncs/toolchains/nrfxlib/crypto/nrf_cc312_platform/lib/cortex-m33/soft-float/no-interrupts/libnrf_cc312_platform_0.9.19.a(llf_rnd_trng90b.c.obj)
                0x0000000000003334                LLF_RND_RepetitionCounterTest
 .text.LLF_RND_AdaptiveProportionTest
                0x0000000000003398       0x80 /home/thuantran/ncs/toolchains/nrfxlib/crypto/nrf_cc312_platform/lib/cortex-m33/soft-float/no-interrupts/libnrf_cc312_platform_0.9.19.a(llf_rnd_trng90b.c.obj)
                0x0000000000003398                LLF_RND_AdaptiveProportionTest
 .text.getTrngSource
                0x0000000000003418      0x2a8 /home/thuantran/ncs/toolchains/nrfxlib/crypto/nrf_cc312_platform/lib/cortex-m33/soft-float/no-interrupts/libnrf_cc312_platform_0.9.19.a(llf_rnd_trng90b.c.obj)
 .text.LLF_RND_GetTrngSource
                0x00000000000036c0       0x18 /home/thuantran/ncs/toolchains/nrfxlib/crypto/nrf_cc312_platform/lib/cortex-m33/soft-float/no-interrupts/libnrf_cc312_platform_0.9.19.a(llf_rnd_trng90b.c.obj)
                0x00000000000036c0                LLF_RND_GetTrngSource
 .text.LLF_RND_RunTrngStartupTest
                0x00000000000036d8       0x1c /home/thuantran/ncs/toolchains/nrfxlib/crypto/nrf_cc312_platform/lib/cortex-m33/soft-float/no-interrupts/libnrf_cc312_platform_0.9.19.a(llf_rnd_trng90b.c.obj)
                0x00000000000036d8                LLF_RND_RunTrngStartupTest
 .text.mbedtls_hardware_poll
                0x00000000000036f4      0x104 /home/thuantran/ncs/toolchains/nrfxlib/crypto/nrf_cc312_platform/lib/cortex-m33/soft-float/no-interrupts/libnrf_cc312_platform_0.9.19.a(trng_api.c.obj)
                0x00000000000036f4                mbedtls_hardware_poll
 .text.cc_mbedtls_sha256_init
                0x00000000000037f8       0x28 /home/thuantran/ncs/toolchains/nrfxlib/crypto/nrf_cc312_platform/lib/cortex-m33/soft-float/no-interrupts/libnrf_cc312_platform_0.9.19.a(sha256_alt.c.obj)
                0x00000000000037f8                cc_mbedtls_sha256_init
 .text.cc_mbedtls_sha256_free
                0x0000000000003820        0xc /home/thuantran/ncs/toolchains/nrfxlib/crypto/nrf_cc312_platform/lib/cortex-m33/soft-float/no-interrupts/libnrf_cc312_platform_0.9.19.a(sha256_alt.c.obj)
                0x0000000000003820                cc_mbedtls_sha256_free
 .text.cc_mbedtls_sha256_starts
                0x000000000000382c       0x28 /home/thuantran/ncs/toolchains/nrfxlib/crypto/nrf_cc312_platform/lib/cortex-m33/soft-float/no-interrupts/libnrf_cc312_platform_0.9.19.a(sha256_alt.c.obj)
                0x000000000000382c                cc_mbedtls_sha256_starts
 .text.cc_mbedtls_sha256_update
                0x0000000000003854       0x54 /home/thuantran/ncs/toolchains/nrfxlib/crypto/nrf_cc312_platform/lib/cortex-m33/soft-float/no-interrupts/libnrf_cc312_platform_0.9.19.a(sha256_alt.c.obj)
                0x0000000000003854                cc_mbedtls_sha256_update
 .text.cc_mbedtls_sha256_finish
                0x00000000000038a8       0x48 /home/thuantran/ncs/toolchains/nrfxlib/crypto/nrf_cc312_platform/lib/cortex-m33/soft-float/no-interrupts/libnrf_cc312_platform_0.9.19.a(sha256_alt.c.obj)
                0x00000000000038a8                cc_mbedtls_sha256_finish
 .text.mbedtls_sha_starts_internal
                0x00000000000038f0       0x28 /home/thuantran/ncs/toolchains/nrfxlib/crypto/nrf_cc312_platform/lib/cortex-m33/soft-float/no-interrupts/libnrf_cc312_platform_0.9.19.a(mbedtls_hash_common.c.obj)
                0x00000000000038f0                mbedtls_sha_starts_internal
 .text.mbedtls_sha_finish_internal
                0x0000000000003918       0x5c /home/thuantran/ncs/toolchains/nrfxlib/crypto/nrf_cc312_platform/lib/cortex-m33/soft-float/no-interrupts/libnrf_cc312_platform_0.9.19.a(mbedtls_hash_common.c.obj)
                0x0000000000003918                mbedtls_sha_finish_internal
 .text.mbedtls_sha_update_internal
                0x0000000000003974      0x1ec /home/thuantran/ncs/toolchains/nrfxlib/crypto/nrf_cc312_platform/lib/cortex-m33/soft-float/no-interrupts/libnrf_cc312_platform_0.9.19.a(mbedtls_hash_common.c.obj)
                0x0000000000003974                mbedtls_sha_update_internal
 .text.cc_mbedtls_sha256
                0x0000000000003b60       0x50 /home/thuantran/ncs/toolchains/nrfxlib/crypto/nrf_cc312_platform/lib/cortex-m33/soft-float/no-interrupts/libnrf_cc312_platform_0.9.19.a(sha256.c.obj)
                0x0000000000003b60                cc_mbedtls_sha256
 .text.RNG_PLAT_SetUserRngParameters
                0x0000000000003bb0       0x74 /home/thuantran/ncs/toolchains/nrfxlib/crypto/nrf_cc312_platform/lib/cortex-m33/soft-float/no-interrupts/libnrf_cc312_platform_0.9.19.a(cc_rng_plat.c.obj)
                0x0000000000003bb0                RNG_PLAT_SetUserRngParameters
 .text.CC_PalTrngParamGet
                0x0000000000003c24       0xac /home/thuantran/ncs/toolchains/nrfxlib/crypto/nrf_cc312_platform/lib/cortex-m33/soft-float/no-interrupts/libnrf_cc312_platform_0.9.19.a(cc_pal_trng.c.obj)
                0x0000000000003c24                CC_PalTrngParamGet
 .text.LLF_RND_WaitRngInterrupt
                0x0000000000003cd0       0x20 /home/thuantran/ncs/toolchains/nrfxlib/crypto/nrf_cc312_platform/lib/cortex-m33/soft-float/no-interrupts/libnrf_cc312_platform_0.9.19.a(llf_rnd.c.obj)
                0x0000000000003cd0                LLF_RND_WaitRngInterrupt
 .text.LLF_RND_GetRoscSampleCnt
                0x0000000000003cf0       0x34 /home/thuantran/ncs/toolchains/nrfxlib/crypto/nrf_cc312_platform/lib/cortex-m33/soft-float/no-interrupts/libnrf_cc312_platform_0.9.19.a(llf_rnd.c.obj)
                0x0000000000003cf0                LLF_RND_GetRoscSampleCnt
 .text.LLF_RND_GetFastestRosc
                0x0000000000003d24       0x20 /home/thuantran/ncs/toolchains/nrfxlib/crypto/nrf_cc312_platform/lib/cortex-m33/soft-float/no-interrupts/libnrf_cc312_platform_0.9.19.a(llf_rnd.c.obj)
                0x0000000000003d24                LLF_RND_GetFastestRosc
 .text.LLF_RND_TurnOffTrng
                0x0000000000003d44       0x24 /home/thuantran/ncs/toolchains/nrfxlib/crypto/nrf_cc312_platform/lib/cortex-m33/soft-float/no-interrupts/libnrf_cc312_platform_0.9.19.a(llf_rnd.c.obj)
                0x0000000000003d44                LLF_RND_TurnOffTrng
 .text.SetDataBuffersInfo
                0x0000000000003d68       0x64 /home/thuantran/ncs/toolchains/nrfxlib/crypto/nrf_cc312_platform/lib/cortex-m33/soft-float/no-interrupts/libnrf_cc312_platform_0.9.19.a(driver_common.c.obj)
                0x0000000000003d68                SetDataBuffersInfo
 .text.InitHashDrv
                0x0000000000003dcc       0x50 /home/thuantran/ncs/toolchains/nrfxlib/crypto/nrf_cc312_platform/lib/cortex-m33/soft-float/no-interrupts/libnrf_cc312_platform_0.9.19.a(hash_driver.c.obj)
                0x0000000000003dcc                InitHashDrv
 .text.ProcessHashDrv
                0x0000000000003e1c      0x210 /home/thuantran/ncs/toolchains/nrfxlib/crypto/nrf_cc312_platform/lib/cortex-m33/soft-float/no-interrupts/libnrf_cc312_platform_0.9.19.a(hash_driver.c.obj)
                0x0000000000003e1c                ProcessHashDrv
 .text.FinishHashDrv
                0x000000000000402c       0x74 /home/thuantran/ncs/toolchains/nrfxlib/crypto/nrf_cc312_platform/lib/cortex-m33/soft-float/no-interrupts/libnrf_cc312_platform_0.9.19.a(hash_driver.c.obj)
                0x000000000000402c                FinishHashDrv
 .text.CC_PalDataBufferAttrGet
                0x00000000000040a0        0x8 /home/thuantran/ncs/toolchains/nrfxlib/crypto/nrf_cc312_platform/lib/cortex-m33/soft-float/no-interrupts/libnrf_cc312_platform_0.9.19.a(cc_pal_buff_attr.c.obj)
                0x00000000000040a0                CC_PalDataBufferAttrGet
 .text          0x00000000000040a8       0xe8 /home/thuantran/workspace/01.Projects/01.Embedded/03.NordicSemicon/gcc-arm-none-eabi-9-2019-q4-major/bin/../lib/gcc/arm-none-eabi/9.2.1/thumb/v8-m.main/nofp/libgcc.a(cmse.o)
                0x00000000000040a8                cmse_check_address_range
 .text.exit     0x0000000000004190       0x28 /home/thuantran/workspace/01.Projects/01.Embedded/03.NordicSemicon/gcc-arm-none-eabi-9-2019-q4-major/bin/../lib/gcc/arm-none-eabi/9.2.1/../../../../arm-none-eabi/lib/thumb/v8-m.main/nofp/libc_nano.a(lib_a-exit.o)
                0x0000000000004190                exit
 .text.__libc_init_array
                0x00000000000041b8       0x48 /home/thuantran/workspace/01.Projects/01.Embedded/03.NordicSemicon/gcc-arm-none-eabi-9-2019-q4-major/bin/../lib/gcc/arm-none-eabi/9.2.1/../../../../arm-none-eabi/lib/thumb/v8-m.main/nofp/libc_nano.a(lib_a-init.o)
                0x00000000000041b8                __libc_init_array
 .text._exit    0x0000000000004200        0x4 /home/thuantran/workspace/01.Projects/01.Embedded/03.NordicSemicon/gcc-arm-none-eabi-9-2019-q4-major/bin/../lib/gcc/arm-none-eabi/9.2.1/../../../../arm-none-eabi/lib/thumb/v8-m.main/nofp/libnosys.a(_exit.o)
                0x0000000000004200                _exit
 .text.clear_caller_context
                0x0000000000004204        0x8 secure_fw/CMakeFiles/tfm_s.dir/partitions/ns_agent_tz/psa_api_veneers_v80m.o
 .text.C_HardFault_Handler
                0x000000000000420c        0x4 secure_fw/CMakeFiles/tfm_s.dir/__/platform/ext/common/faults.o
                0x000000000000420c                C_HardFault_Handler
 .text.HardFault_Handler
                0x0000000000004210       0x1c secure_fw/CMakeFiles/tfm_s.dir/__/platform/ext/common/faults.o
                0x0000000000004210                HardFault_Handler
 .text.C_MemManage_Handler
                0x000000000000422c        0x4 secure_fw/CMakeFiles/tfm_s.dir/__/platform/ext/common/faults.o
                0x000000000000422c                C_MemManage_Handler
 .text.MemManage_Handler
                0x0000000000004230       0x1c secure_fw/CMakeFiles/tfm_s.dir/__/platform/ext/common/faults.o
                0x0000000000004230                MemManage_Handler
 .text.C_BusFault_Handler
                0x000000000000424c        0x4 secure_fw/CMakeFiles/tfm_s.dir/__/platform/ext/common/faults.o
                0x000000000000424c                C_BusFault_Handler
 .text.BusFault_Handler
                0x0000000000004250       0x1c secure_fw/CMakeFiles/tfm_s.dir/__/platform/ext/common/faults.o
                0x0000000000004250                BusFault_Handler
 .text.C_SecureFault_Handler
                0x000000000000426c        0x4 secure_fw/CMakeFiles/tfm_s.dir/__/platform/ext/common/faults.o
                0x000000000000426c                C_SecureFault_Handler
 .text.SecureFault_Handler
                0x0000000000004270       0x1c secure_fw/CMakeFiles/tfm_s.dir/__/platform/ext/common/faults.o
                0x0000000000004270                SecureFault_Handler
 .text.C_UsageFault_Handler
                0x000000000000428c        0x4 secure_fw/CMakeFiles/tfm_s.dir/__/platform/ext/common/faults.o
                0x000000000000428c                C_UsageFault_Handler
 .text.UsageFault_Handler
                0x0000000000004290       0x1c secure_fw/CMakeFiles/tfm_s.dir/__/platform/ext/common/faults.o
                0x0000000000004290                UsageFault_Handler
 .text.memcpy   0x00000000000042ac       0x50 secure_fw/partitions/lib/runtime/libtfm_sprt.a(crt_memcpy.o)
                0x00000000000042ac                memcpy
 .text.memset   0x00000000000042fc       0x4e secure_fw/partitions/lib/runtime/libtfm_sprt.a(crt_memset.o)
                0x00000000000042fc                memset
 .text.psa_framework_version
                0x000000000000434a       0x18 secure_fw/partitions/lib/runtime/libtfm_sprt.a(psa_interface_sfn.o)
                0x000000000000434a                psa_framework_version
 .text.psa_version
                0x0000000000004362       0x1c secure_fw/partitions/lib/runtime/libtfm_sprt.a(psa_interface_sfn.o)
                0x0000000000004362                psa_version
 .text.psa_read
                0x000000000000437e       0x2a secure_fw/partitions/lib/runtime/libtfm_sprt.a(psa_interface_sfn.o)
                0x000000000000437e                psa_read
 .text.psa_write
                0x00000000000043a8       0x2a secure_fw/partitions/lib/runtime/libtfm_sprt.a(psa_interface_sfn.o)
                0x00000000000043a8                psa_write
 .text.psa_panic
                0x00000000000043d2       0x18 secure_fw/partitions/lib/runtime/libtfm_sprt.a(psa_interface_sfn.o)
                0x00000000000043d2                psa_panic
 .text.platform_calloc_uninit
                0x00000000000043ea        0x4 secure_fw/partitions/crypto/mbedcrypto/nrf_security_src/libcrypto_service_mbedcrypto.a(platform.o)
 .text.platform_free_uninit
                0x00000000000043ee        0x2 secure_fw/partitions/crypto/mbedcrypto/nrf_security_src/libcrypto_service_mbedcrypto.a(platform.o)
 .text.mbedtls_zeroize_and_free
                0x00000000000043f0       0x14 secure_fw/partitions/crypto/mbedcrypto/nrf_security_src/libcrypto_service_mbedcrypto.a(platform_util.o)
                0x00000000000043f0                mbedtls_zeroize_and_free
 .text.psa_remove_key_data_from_memory
                0x0000000000004404       0x16 secure_fw/partitions/crypto/mbedcrypto/nrf_security_src/libcrypto_service_mbedcrypto.a(psa_crypto.o)
                0x0000000000004404                psa_remove_key_data_from_memory
 .text.psa_wipe_key_slot
                0x000000000000441a       0x22 secure_fw/partitions/crypto/mbedcrypto/nrf_security_src/libcrypto_service_mbedcrypto.a(psa_crypto.o)
                0x000000000000441a                psa_wipe_key_slot
 .text.psa_driver_wrapper_init
                0x000000000000443c        0x4 secure_fw/partitions/crypto/mbedcrypto/nrf_security_src/libcrypto_service_mbedcrypto.a(psa_crypto_driver_wrappers.o)
                0x000000000000443c                psa_driver_wrapper_init
 .text.psa_driver_wrapper_free
                0x0000000000004440        0x2 secure_fw/partitions/crypto/mbedcrypto/nrf_security_src/libcrypto_service_mbedcrypto.a(psa_crypto_driver_wrappers.o)
                0x0000000000004440                psa_driver_wrapper_free
 .text.psa_driver_wrapper_init_random
                0x0000000000004442        0x4 secure_fw/partitions/crypto/mbedcrypto/nrf_security_src/libcrypto_service_mbedcrypto.a(psa_crypto_driver_wrappers.o)
                0x0000000000004442                psa_driver_wrapper_init_random
 .text.psa_driver_wrapper_get_random
                0x0000000000004446       0x22 secure_fw/partitions/crypto/mbedcrypto/nrf_security_src/libcrypto_service_mbedcrypto.a(psa_crypto_driver_wrappers.o)
                0x0000000000004446                psa_driver_wrapper_get_random
 .text.psa_driver_wrapper_free_random
                0x0000000000004468        0x4 secure_fw/partitions/crypto/mbedcrypto/nrf_security_src/libcrypto_service_mbedcrypto.a(psa_crypto_driver_wrappers.o)
                0x0000000000004468                psa_driver_wrapper_free_random
 .text          0x000000000000446c       0x2a /home/thuantran/workspace/01.Projects/01.Embedded/03.NordicSemicon/gcc-arm-none-eabi-9-2019-q4-major/bin/../lib/gcc/arm-none-eabi/9.2.1/thumb/v8-m.main/nofp/libgcc.a(cmse_nonsecure_call.o)
                0x000000000000446c                __gnu_cmse_nonsecure_call
 .text.memmove  0x0000000000004496       0x34 /home/thuantran/workspace/01.Projects/01.Embedded/03.NordicSemicon/gcc-arm-none-eabi-9-2019-q4-major/bin/../lib/gcc/arm-none-eabi/9.2.1/../../../../arm-none-eabi/lib/thumb/v8-m.main/nofp/libc_nano.a(lib_a-memmove.o)
                0x0000000000004496                memmove
 *(.init)
 *fill*         0x00000000000044ca        0x2 
 .init          0x00000000000044cc        0x4 /home/thuantran/workspace/01.Projects/01.Embedded/03.NordicSemicon/gcc-arm-none-eabi-9-2019-q4-major/bin/../lib/gcc/arm-none-eabi/9.2.1/thumb/v8-m.main/nofp/crti.o
                0x00000000000044cc                _init
 .init          0x00000000000044d0        0x8 /home/thuantran/workspace/01.Projects/01.Embedded/03.NordicSemicon/gcc-arm-none-eabi-9-2019-q4-major/bin/../lib/gcc/arm-none-eabi/9.2.1/thumb/v8-m.main/nofp/crtn.o
 *(.fini)
 .fini          0x00000000000044d8        0x4 /home/thuantran/workspace/01.Projects/01.Embedded/03.NordicSemicon/gcc-arm-none-eabi-9-2019-q4-major/bin/../lib/gcc/arm-none-eabi/9.2.1/thumb/v8-m.main/nofp/crti.o
                0x00000000000044d8                _fini
 .fini          0x00000000000044dc        0x8 /home/thuantran/workspace/01.Projects/01.Embedded/03.NordicSemicon/gcc-arm-none-eabi-9-2019-q4-major/bin/../lib/gcc/arm-none-eabi/9.2.1/thumb/v8-m.main/nofp/crtn.o
 *crtbegin.o(.ctors)
 *crtbegin?.o(.ctors)
 *(EXCLUDE_FILE(*crtend.o *crtend?.o) .ctors)
 *(SORT_BY_NAME(.ctors.*))
 *(.ctors)
 *crtbegin.o(.dtors)
 *crtbegin?.o(.dtors)
 *(EXCLUDE_FILE(*crtend.o *crtend?.o) .dtors)
 *(SORT_BY_NAME(.dtors.*))
 *(.dtors)
 *(SORT_BY_ALIGNMENT(.rodata*))
 .rodata.CSWTCH.10
                0x00000000000044e4       0x20 /home/thuantran/ncs/toolchains/nrfxlib/crypto/nrf_cc312_platform/lib/cortex-m33/soft-float/no-interrupts/libnrf_cc312_platform_0.9.19.a(nrf_cc3xx_platform.c.obj)
 .rodata.RndStartupTest.constprop.0.str1.4
                0x0000000000004504       0x6f /home/thuantran/ncs/toolchains/nrfxlib/crypto/nrf_cc312_platform/lib/cortex-m33/soft-float/no-interrupts/libnrf_cc312_platform_0.9.19.a(cc_lib.c.obj)
 *fill*         0x0000000000004573        0x1 
 .rodata.CC_PalPowerSaveModeInit.str1.4
                0x0000000000004574       0x20 /home/thuantran/ncs/toolchains/nrfxlib/crypto/nrf_cc312_platform/lib/cortex-m33/soft-float/no-interrupts/libnrf_cc312_platform_0.9.19.a(cc_pal_pm.c.obj)
 .rodata.mutex_free.str1.4
                0x0000000000004594       0x26 /home/thuantran/ncs/toolchains/nrfxlib/crypto/nrf_cc312_platform/lib/cortex-m33/soft-float/no-interrupts/libnrf_cc312_platform_0.9.19.a(nrf_cc3xx_platform_mutex.c.obj)
 *fill*         0x00000000000045ba        0x2 
 .rodata.mutex_init.str1.4
                0x00000000000045bc       0x23 /home/thuantran/ncs/toolchains/nrfxlib/crypto/nrf_cc312_platform/lib/cortex-m33/soft-float/no-interrupts/libnrf_cc312_platform_0.9.19.a(nrf_cc3xx_platform_mutex.c.obj)
 *fill*         0x00000000000045df        0x1 
 .rodata.mbedtls_hardware_poll.str1.4
                0x00000000000045e0       0x16 /home/thuantran/ncs/toolchains/nrfxlib/crypto/nrf_cc312_platform/lib/cortex-m33/soft-float/no-interrupts/libnrf_cc312_platform_0.9.19.a(trng_api.c.obj)
                                         0x6e (size before relaxing)
 *fill*         0x00000000000045f6        0x2 
 .rodata.cc_mbedtls_sha256_init.str1.4
                0x00000000000045f8        0xe /home/thuantran/ncs/toolchains/nrfxlib/crypto/nrf_cc312_platform/lib/cortex-m33/soft-float/no-interrupts/libnrf_cc312_platform_0.9.19.a(sha256_alt.c.obj)
 .rodata.ProcessHashDrv.str1.4
                0x0000000000004606       0x6f /home/thuantran/ncs/toolchains/nrfxlib/crypto/nrf_cc312_platform/lib/cortex-m33/soft-float/no-interrupts/libnrf_cc312_platform_0.9.19.a(hash_driver.c.obj)
 *fill*         0x0000000000004606        0x2 
 .rodata.HASH_LARVAL_SHA256
                0x0000000000004608       0x20 /home/thuantran/ncs/toolchains/nrfxlib/crypto/nrf_cc312_platform/lib/cortex-m33/soft-float/no-interrupts/libnrf_cc312_platform_0.9.19.a(hash_driver.c.obj)
 .rodata.HASH_LARVAL_SHA224
                0x0000000000004628       0x20 /home/thuantran/ncs/toolchains/nrfxlib/crypto/nrf_cc312_platform/lib/cortex-m33/soft-float/no-interrupts/libnrf_cc312_platform_0.9.19.a(hash_driver.c.obj)
 .rodata.HASH_LARVAL_SHA1
                0x0000000000004648       0x14 /home/thuantran/ncs/toolchains/nrfxlib/crypto/nrf_cc312_platform/lib/cortex-m33/soft-float/no-interrupts/libnrf_cc312_platform_0.9.19.a(hash_driver.c.obj)
 .rodata._global_impure_ptr
                0x000000000000465c        0x4 /home/thuantran/workspace/01.Projects/01.Embedded/03.NordicSemicon/gcc-arm-none-eabi-9-2019-q4-major/bin/../lib/gcc/arm-none-eabi/9.2.1/../../../../arm-none-eabi/lib/thumb/v8-m.main/nofp/libc_nano.a(lib_a-impure.o)
                0x000000000000465c                _global_impure_ptr
 .rodata.str1.1
                0x0000000000004660        0xb secure_fw/CMakeFiles/tfm_s.dir/__/generated/secure_fw/partitions/crypto/auto_generated/load_info_tfm_crypto.o
 .rodata.str1.1
                0x000000000000466b       0x15 secure_fw/CMakeFiles/tfm_s.dir/__/generated/secure_fw/partitions/platform/auto_generated/load_info_tfm_platform.o
 *(.eh_frame*)
 .eh_frame      0x0000000000004680        0x0 /home/thuantran/workspace/01.Projects/01.Embedded/03.NordicSemicon/gcc-arm-none-eabi-9-2019-q4-major/bin/../lib/gcc/arm-none-eabi/9.2.1/thumb/v8-m.main/nofp/crtbegin.o
 .eh_frame      0x0000000000004680        0x4 /home/thuantran/workspace/01.Projects/01.Embedded/03.NordicSemicon/gcc-arm-none-eabi-9-2019-q4-major/bin/../lib/gcc/arm-none-eabi/9.2.1/thumb/v8-m.main/nofp/crtend.o
                0x00000000000046a0                . = ALIGN (0x20)
 *fill*         0x0000000000004684       0x1c 
                0x0000000000001f60                Image$$TFM_UNPRIV_CODE_START$$RO$$Base = ADDR (.TFM_UNPRIV_CODE)
                0x00000000000046a0                Image$$TFM_UNPRIV_CODE_END$$RO$$Limit = (ADDR (.TFM_UNPRIV_CODE) + SIZEOF (.TFM_UNPRIV_CODE))

.glue_7         0x00000000000046a0        0x0
 .glue_7        0x00000000000046a0        0x0 linker stubs

.glue_7t        0x00000000000046a0        0x0
 .glue_7t       0x00000000000046a0        0x0 linker stubs

.vfp11_veneer   0x00000000000046a0        0x0
 .vfp11_veneer  0x00000000000046a0        0x0 linker stubs

.v4_bx          0x00000000000046a0        0x0
 .v4_bx         0x00000000000046a0        0x0 linker stubs

.iplt           0x00000000000046a0        0x0
 .iplt          0x00000000000046a0        0x0 /home/thuantran/workspace/01.Projects/01.Embedded/03.NordicSemicon/gcc-arm-none-eabi-9-2019-q4-major/bin/../lib/gcc/arm-none-eabi/9.2.1/thumb/v8-m.main/nofp/crtbegin.o

.igot.plt       0x00000000000046a0        0x0
 .igot.plt      0x00000000000046a0        0x0 /home/thuantran/workspace/01.Projects/01.Embedded/03.NordicSemicon/gcc-arm-none-eabi-9-2019-q4-major/bin/../lib/gcc/arm-none-eabi/9.2.1/thumb/v8-m.main/nofp/crtbegin.o

.rel.dyn        0x00000000000046a0        0x0
 .rel.iplt      0x00000000000046a0        0x0 /home/thuantran/workspace/01.Projects/01.Embedded/03.NordicSemicon/gcc-arm-none-eabi-9-2019-q4-major/bin/../lib/gcc/arm-none-eabi/9.2.1/thumb/v8-m.main/nofp/crtbegin.o

.gnu.sgstubs    0x0000000000007c00       0x40
 *(.gnu.sgstubs*)
 .gnu.sgstubs.__stub
                0x0000000000007c00       0x28 linker stubs
                0x0000000000007c00                tfm_psa_framework_version_veneer
                0x0000000000007c08                tfm_psa_version_veneer
                0x0000000000007c10                tfm_psa_close_veneer
                0x0000000000007c18                tfm_psa_connect_veneer
                0x0000000000007c20                tfm_psa_call_veneer

.sgstubs_end    0x0000000000008000        0x0

.tfm_secure_data_start
                0x0000000020000000        0x0
                0x0000000020000000                . = ALIGN (0x4)

.tfm_bl2_shared_data
                0x0000000020000000      0x400
                0x0000000020000400                . = (. + 0x400)
 *fill*         0x0000000020000000      0x400 

.msp_stack      0x0000000020000400      0x7f8
                0x0000000020000bf8                . = (. + (__msp_stack_size__ - 0x8))
 *fill*         0x0000000020000400      0x7f8 
                0x0000000020000400                Image$$ARM_LIB_STACK$$ZI$$Base = ADDR (.msp_stack)
                0x0000000020000bf8                Image$$ARM_LIB_STACK$$ZI$$Limit = (ADDR (.msp_stack) + SIZEOF (.msp_stack))

.msp_stack_seal_res
                0x0000000020000bf8        0x8
                0x0000000020000c00                . = (. + 0x8)
 *fill*         0x0000000020000bf8        0x8 
                0x0000000020000bf8                __StackSeal = ADDR (.msp_stack_seal_res)
                0x0000000020000c00                . = ALIGN (0x20)
                0x0000000020000c00                Image$$TFM_APP_RW_STACK_START$$Base = .

.TFM_APP_ROT_LINKER_DATA
                0x0000000020000c00        0x0 load address 0x0000000000007c40
 *tfm_app_rot_partition*:(SORT_BY_ALIGNMENT(.data*))
 *(TFM_*_APP-ROT_ATTR_RW)
                0x0000000020000c00                . = ALIGN (0x4)
                0x0000000020000c00                Image$$TFM_APP_ROT_LINKER_DATA$$RW$$Base = ADDR (.TFM_APP_ROT_LINKER_DATA)
                0x0000000020000c00                Image$$TFM_APP_ROT_LINKER_DATA$$RW$$Limit = (ADDR (.TFM_APP_ROT_LINKER_DATA) + SIZEOF (.TFM_APP_ROT_LINKER_DATA))

.TFM_APP_ROT_LINKER_BSS
                0x0000000020000c00       0x20
                0x0000000020000c00                start_of_TFM_APP_ROT_LINKER = .
 *tfm_app_rot_partition*:(SORT_BY_ALIGNMENT(.bss*))
 *tfm_app_rot_partition*:*(COMMON)
 *(TFM_*_APP-ROT_ATTR_ZI)
                0x0000000020000c04                . = (. + (. - start_of_TFM_APP_ROT_LINKER)?0x0:0x4)
 *fill*         0x0000000020000c00        0x4 
                0x0000000020000c20                . = ALIGN (0x20)
 *fill*         0x0000000020000c04       0x1c 
                0x0000000020000c00                Image$$TFM_APP_ROT_LINKER_DATA$$ZI$$Base = ADDR (.TFM_APP_ROT_LINKER_BSS)
                0x0000000020000c20                Image$$TFM_APP_ROT_LINKER_DATA$$ZI$$Limit = (ADDR (.TFM_APP_ROT_LINKER_BSS) + SIZEOF (.TFM_APP_ROT_LINKER_BSS))
                0x0000000020000c20                Image$$TFM_APP_RW_STACK_END$$Base = .
                0x0000000020000c20                Image$$TFM_PSA_RW_STACK_START$$Base = .

.TFM_PSA_ROT_LINKER_DATA
                0x0000000020000c20        0x0 load address 0x0000000000007c40
 *tfm_psa_rot_partition*:(SORT_BY_ALIGNMENT(.data*))
 *(TFM_*_PSA-ROT_ATTR_RW)
                0x0000000020000c20                . = ALIGN (0x4)
                0x0000000020000c20                Image$$TFM_PSA_ROT_LINKER_DATA$$RW$$Base = ADDR (.TFM_PSA_ROT_LINKER_DATA)
                0x0000000020000c20                Image$$TFM_PSA_ROT_LINKER_DATA$$RW$$Limit = (ADDR (.TFM_PSA_ROT_LINKER_DATA) + SIZEOF (.TFM_PSA_ROT_LINKER_DATA))

.TFM_PSA_ROT_LINKER_BSS
                0x0000000020000c20      0x460
                0x0000000020000c20                start_of_TFM_PSA_ROT_LINKER = .
 *tfm_psa_rot_partition*:(SORT_BY_ALIGNMENT(.bss*))
 .bss.scratch   0x0000000020000c20      0x408 secure_fw/partitions/crypto/libtfm_psa_rot_partition_crypto.a(crypto_init.o)
 .bss.operations
                0x0000000020001028       0x28 secure_fw/partitions/crypto/libtfm_psa_rot_partition_crypto.a(crypto_alloc.o)
 .bss.mbedtls_mem_buf
                0x0000000020001050        0x1 secure_fw/partitions/crypto/libtfm_psa_rot_partition_crypto.a(crypto_library.o)
 .bss.mbedtls_version_full
                0x0000000020001051       0x12 secure_fw/partitions/crypto/libtfm_psa_rot_partition_crypto.a(crypto_library.o)
 *tfm_psa_rot_partition*:*(COMMON)
 *(TFM_*_PSA-ROT_ATTR_ZI)
                0x0000000020001063                . = (. + (. - start_of_TFM_PSA_ROT_LINKER)?0x0:0x4)
                0x0000000020001080                . = ALIGN (0x20)
 *fill*         0x0000000020001063       0x1d 
                0x0000000020000c20                Image$$TFM_PSA_ROT_LINKER_DATA$$ZI$$Base = ADDR (.TFM_PSA_ROT_LINKER_BSS)
                0x0000000020001080                Image$$TFM_PSA_ROT_LINKER_DATA$$ZI$$Limit = (ADDR (.TFM_PSA_ROT_LINKER_BSS) + SIZEOF (.TFM_PSA_ROT_LINKER_BSS))
                0x0000000020001080                Image$$TFM_PSA_RW_STACK_END$$Base = .

.TFM_DATA       0x0000000020001080       0xf4 load address 0x0000000000007c40
 *(SORT_BY_ALIGNMENT(.data*))
 .data.ret_err  0x0000000020001080        0x4 secure_fw/CMakeFiles/tfm_s.dir/partitions/ns_agent_tz/psa_api_veneers_v80m.o
                0x0000000020001080                ret_err
 .data.dev_mpu_s
                0x0000000020001084        0x4 secure_fw/spm/libtfm_spm.a(tfm_hal_isolation.o)
                0x0000000020001084                dev_mpu_s
 .data.ldinf_sa
                0x0000000020001088        0x4 secure_fw/spm/libtfm_spm.a(rom_loader.o)
 .data.part_pool_sa
                0x000000002000108c        0x4 secure_fw/spm/libtfm_spm.a(rom_loader.o)
 .data.serv_pool_sa
                0x0000000020001090        0x4 secure_fw/spm/libtfm_spm.a(rom_loader.o)
 .data.mbedtls_calloc_func
                0x0000000020001094        0x4 secure_fw/partitions/crypto/mbedcrypto/nrf_security_src/libcrypto_service_mbedcrypto.a(platform.o)
 .data.mbedtls_free_func
                0x0000000020001098        0x4 secure_fw/partitions/crypto/mbedcrypto/nrf_security_src/libcrypto_service_mbedcrypto.a(platform.o)
 .data.memset_func
                0x000000002000109c        0x4 secure_fw/partitions/crypto/mbedcrypto/nrf_security_src/libcrypto_service_mbedcrypto.a(platform_util.o)
 .data.pCCRndCryptoMutex
                0x00000000200010a0        0x4 /home/thuantran/ncs/toolchains/nrfxlib/crypto/nrf_cc312_platform/lib/cortex-m33/soft-float/no-interrupts/libnrf_cc312_platform_0.9.19.a(cc_pal.c.obj)
                0x00000000200010a0                pCCRndCryptoMutex
 .data.CCPowerMutex
                0x00000000200010a4        0x4 /home/thuantran/ncs/toolchains/nrfxlib/crypto/nrf_cc312_platform/lib/cortex-m33/soft-float/no-interrupts/libnrf_cc312_platform_0.9.19.a(cc_pal.c.obj)
                0x00000000200010a4                CCPowerMutex
 .data.CCRndCryptoMutex
                0x00000000200010a8        0x4 /home/thuantran/ncs/toolchains/nrfxlib/crypto/nrf_cc312_platform/lib/cortex-m33/soft-float/no-interrupts/libnrf_cc312_platform_0.9.19.a(cc_pal.c.obj)
                0x00000000200010a8                CCRndCryptoMutex
 .data.CCAsymCryptoMutex
                0x00000000200010ac        0x4 /home/thuantran/ncs/toolchains/nrfxlib/crypto/nrf_cc312_platform/lib/cortex-m33/soft-float/no-interrupts/libnrf_cc312_platform_0.9.19.a(cc_pal.c.obj)
                0x00000000200010ac                CCAsymCryptoMutex
 .data.CCSymCryptoMutex
                0x00000000200010b0        0x4 /home/thuantran/ncs/toolchains/nrfxlib/crypto/nrf_cc312_platform/lib/cortex-m33/soft-float/no-interrupts/libnrf_cc312_platform_0.9.19.a(cc_pal.c.obj)
                0x00000000200010b0                CCSymCryptoMutex
 .data.mbedtls_mutex_unlock
                0x00000000200010b4        0x4 /home/thuantran/ncs/toolchains/nrfxlib/crypto/nrf_cc312_platform/lib/cortex-m33/soft-float/no-interrupts/libnrf_cc312_platform_0.9.19.a(threading_alt.c.obj)
                0x00000000200010b4                mbedtls_mutex_unlock
 .data.mbedtls_mutex_lock
                0x00000000200010b8        0x4 /home/thuantran/ncs/toolchains/nrfxlib/crypto/nrf_cc312_platform/lib/cortex-m33/soft-float/no-interrupts/libnrf_cc312_platform_0.9.19.a(threading_alt.c.obj)
                0x00000000200010b8                mbedtls_mutex_lock
 .data.mbedtls_mutex_init
                0x00000000200010bc        0x4 /home/thuantran/ncs/toolchains/nrfxlib/crypto/nrf_cc312_platform/lib/cortex-m33/soft-float/no-interrupts/libnrf_cc312_platform_0.9.19.a(threading_alt.c.obj)
                0x00000000200010bc                mbedtls_mutex_init
 .data.platform_abort_apis
                0x00000000200010c0        0x8 /home/thuantran/ncs/toolchains/nrfxlib/crypto/nrf_cc312_platform/lib/cortex-m33/soft-float/no-interrupts/libnrf_cc312_platform_0.9.19.a(nrf_cc3xx_platform_abort.c.obj)
                0x00000000200010c0                platform_abort_apis
 .data.platform_mutexes
                0x00000000200010c8       0x14 /home/thuantran/ncs/toolchains/nrfxlib/crypto/nrf_cc312_platform/lib/cortex-m33/soft-float/no-interrupts/libnrf_cc312_platform_0.9.19.a(nrf_cc3xx_platform_mutex.c.obj)
                0x00000000200010c8                platform_mutexes
 .data.platform_mutex_apis
                0x00000000200010dc       0x10 /home/thuantran/ncs/toolchains/nrfxlib/crypto/nrf_cc312_platform/lib/cortex-m33/soft-float/no-interrupts/libnrf_cc312_platform_0.9.19.a(nrf_cc3xx_platform_mutex.c.obj)
                0x00000000200010dc                platform_mutex_apis
 .data.power_mutex
                0x00000000200010ec        0x8 /home/thuantran/ncs/toolchains/nrfxlib/crypto/nrf_cc312_platform/lib/cortex-m33/soft-float/no-interrupts/libnrf_cc312_platform_0.9.19.a(nrf_cc3xx_platform_mutex.c.obj)
 .data.rng_mutex
                0x00000000200010f4        0x8 /home/thuantran/ncs/toolchains/nrfxlib/crypto/nrf_cc312_platform/lib/cortex-m33/soft-float/no-interrupts/libnrf_cc312_platform_0.9.19.a(nrf_cc3xx_platform_mutex.c.obj)
 .data.asym_mutex
                0x00000000200010fc        0x8 /home/thuantran/ncs/toolchains/nrfxlib/crypto/nrf_cc312_platform/lib/cortex-m33/soft-float/no-interrupts/libnrf_cc312_platform_0.9.19.a(nrf_cc3xx_platform_mutex.c.obj)
 .data.sym_mutex
                0x0000000020001104        0x8 /home/thuantran/ncs/toolchains/nrfxlib/crypto/nrf_cc312_platform/lib/cortex-m33/soft-float/no-interrupts/libnrf_cc312_platform_0.9.19.a(nrf_cc3xx_platform_mutex.c.obj)
 .data.impure_data
                0x000000002000110c       0x60 /home/thuantran/workspace/01.Projects/01.Embedded/03.NordicSemicon/gcc-arm-none-eabi-9-2019-q4-major/bin/../lib/gcc/arm-none-eabi/9.2.1/../../../../arm-none-eabi/lib/thumb/v8-m.main/nofp/libc_nano.a(lib_a-impure.o)
                0x000000002000116c                . = ALIGN (0x4)
                0x000000002000116c                PROVIDE (__preinit_array_start = .)
 *(.preinit_array)
                0x000000002000116c                PROVIDE (__preinit_array_end = .)
                0x000000002000116c                . = ALIGN (0x4)
                0x000000002000116c                PROVIDE (__init_array_start = .)
 *(SORT_BY_NAME(.init_array.*))
 *(.init_array)
 .init_array    0x000000002000116c        0x4 /home/thuantran/workspace/01.Projects/01.Embedded/03.NordicSemicon/gcc-arm-none-eabi-9-2019-q4-major/bin/../lib/gcc/arm-none-eabi/9.2.1/thumb/v8-m.main/nofp/crtbegin.o
                0x0000000020001170                PROVIDE (__init_array_end = .)
                0x0000000020001170                . = ALIGN (0x4)
                [!provide]                        PROVIDE (__fini_array_start = .)
 *(SORT_BY_NAME(.fini_array.*))
 *(.fini_array)
 .fini_array    0x0000000020001170        0x4 /home/thuantran/workspace/01.Projects/01.Embedded/03.NordicSemicon/gcc-arm-none-eabi-9-2019-q4-major/bin/../lib/gcc/arm-none-eabi/9.2.1/thumb/v8-m.main/nofp/crtbegin.o
                [!provide]                        PROVIDE (__fini_array_end = .)
 *(.jcr*)
                0x0000000020001174                . = ALIGN (0x4)
                0x0000000020001080                Image$$ER_TFM_DATA$$RW$$Base = ADDR (.TFM_DATA)
                0x0000000020001174                Image$$ER_TFM_DATA$$RW$$Limit = (ADDR (.TFM_DATA) + SIZEOF (.TFM_DATA))

.TFM_BSS        0x0000000020001174     0x16b8
                0x0000000020001174                __bss_start__ = .